Picked up JAVA_TOOL_OPTIONS: 
To honour the JVM settings for this build a single-use Daemon process will be forked. For more on this, please refer to https://docs.gradle.org/9.4.1/userguide/gradle_daemon.html#sec:disabling_the_daemon in the Gradle documentation.
Daemon will be stopped at the end of the build 

> Configure project :
Fabric Loom: 1.16.3

> Task :compileJava UP-TO-DATE
> Task :buildMacNative UP-TO-DATE
> Task :compileClearMetal UP-TO-DATE
> Task :compileClusterBuildMetal UP-TO-DATE
> Task :compileDynamicVoxelShadowMetal UP-TO-DATE
> Task :compileEntityMotionMetal UP-TO-DATE
> Task :compileGiFieldMetal UP-TO-DATE
> Task :compileHdrEffectsMetal UP-TO-DATE
> Task :compilePresentMetal UP-TO-DATE
> Task :compileRadianceClipmapMetal UP-TO-DATE
> Task :compileSodiumLightPatchMetal UP-TO-DATE
> Task :compileTemporalDiagnosticsMetal UP-TO-DATE
> Task :compileVoxelOccupancyMetal UP-TO-DATE
> Task :linkMacBuiltinMetallib UP-TO-DATE
> Task :processResources UP-TO-DATE
> Task :classes UP-TO-DATE
> Task :generateLog4jConfig UP-TO-DATE
> Task :generateDLIConfig UP-TO-DATE
> Task :configureLaunch UP-TO-DATE
> Task :downloadAssets UP-TO-DATE
> Task :configureClientLaunch UP-TO-DATE

> Task :runClient
Picked up JAVA_TOOL_OPTIONS: 
[19:46:53] [main/INFO] (FabricLoader/GameProvider) Loading Minecraft 26.2 with Fabric Loader 0.19.3
[19:46:53] [main/INFO] (FabricLoader/Mappings) Mappings not present!
[19:46:53] [main/INFO] (FabricLoader) Loading 15 mods:
	- fabricloader 0.19.3
	- java 25
	- metallum 0.0.21
	- minecraft 26.2
	- mixinextras 0.5.4
	- sodium 0.9.1+mc26.2
	   |-- fabric-api-base 2.0.4+ece063239c
	   |-- fabric-block-getter-api-v2 2.0.7+ec56b6019c
	   |-- fabric-lifecycle-events-v1 4.1.3+4575b05f9c
	   |-- fabric-renderer-api-v1 14.0.1+eec4cc519c
	   |-- fabric-rendering-fluids-v1 6.0.4+06488ac19c
	   |-- fabric-rendering-v1 25.1.6+46a6d00c9c
	   |-- fabric-resource-loader-v0 3.3.20+4fc5413f9c
	   |-- fabric-resource-loader-v1 2.0.13+9edec1269c
	   \-- fabric-transitive-access-wideners-v1 8.1.3+e098252d9c
[19:46:53] [main/INFO] (FabricLoader/Mixin) SpongePowered MIXIN Subsystem Version=0.8.7 Source=file:/Users/sergejgenerozov/.gradle/caches/modules-2/files-2.1/net.fabricmc/sponge-mixin/0.17.3+mixin.0.8.7/41c4a3984a80f4679e759fb9f495587acc5cdac7/sponge-mixin-0.17.3+mixin.0.8.7.jar Service=Knot/Fabric Env=CLIENT
[19:46:53] [main/INFO] (FabricLoader/Mixin) Compatibility level set to JAVA_25
[19:46:53] [main/INFO] (Sodium) Loaded configuration file for Sodium: 36 options available, 0 override(s) found
[19:46:53] [main/INFO] (Sodium-GraphicsAdapterProbe) Searching for graphics cards...
[19:46:53] [main/INFO] (FabricLoader/MixinExtras|Service) Initializing MixinExtras via com.llamalad7.mixinextras.service.MixinExtrasServiceImpl(version=0.5.4).
[19:46:54] [Datafixer Bootstrap #0/INFO] (Minecraft) 295 Datafixer optimizations took 200 milliseconds
[19:46:55] [main/WARN] (MacOperatingSystem) Unable to parse version 27.0 to a codename.
[19:46:58] [Render thread/INFO] (Minecraft) Environment: Environment[sessionHost=https://sessionserver.mojang.com, servicesHost=https://api.minecraftservices.com, profilesHost=https://api.mojang.com, name=PROD]
[19:46:58] [Render thread/INFO] (Minecraft) Setting user: MetallumBench
[19:46:58] [Render thread/INFO] (Minecraft) Backend library: LWJGL version 3.4.1-snapshot
[19:46:58] [Render thread/INFO] (metallum) Metal device: Apple M1 Pro
2026-08-26 19:46:59.044 java[72761:7996174] [metallum] Precompiled Metal library ready in 0.238 ms (34 functions)
2026-08-26 19:46:59.044 java[72761:7996174] [metallum] Built-in Metal pipeline warmup: mode PRECOMPILED, library 0.238 ms, pipelines 0.570 ms, PSOs 5, cache 5 hit / 5 miss, source compiles 0 (0.000 ms), failures 0
[19:46:59] [Render thread/INFO] (metallum) Semantic HDR shaders: enabled (configured mode SCENE, potential EDR headroom 16.0)
[19:46:59] [Render thread/INFO] (metallum) Configured HDR mode: SCENE, FP16 scene path: enabled
[19:46:59] [Render thread/INFO] (metallum) MetalFX spatial scaling support: available
[19:46:59] [Render thread/INFO] (metallum) MetalFX temporal scaling support: available
[19:46:59] [Render thread/INFO] (metallum) Temporal camera-motion diagnostics: disabled
[19:46:59] [Render thread/INFO] (metallum) Renderer generation request: contract=METALLUM, lighting=ADVANCED, preset=BALANCED, frameInterpolation=false (production executor Metal 3)
[19:46:59] [Render thread/INFO] (Minecraft) Using graphics backend Metal, using drivers: macOS 27.0
[19:46:59] [Render thread/INFO] (Minecraft) Using graphics device: Apple M1 Pro (Apple)
[19:46:59] [Render thread/INFO] (Minecraft) Using graphics device extensions: MTLDevice, CAMetalLayer
[19:46:59] [Render thread/INFO] (metallum) MainTarget scene contract: METALLUM_HDR_ACTUAL_RADIANCE, format: RGBA16_FLOAT
[19:47:00] [Render thread/INFO] (Minecraft) Reloading ResourceManager: vanilla, fabric-api-base, fabric-block-getter-api-v2, fabric-lifecycle-events-v1, fabric-renderer-api-v1, fabric-rendering-fluids-v1, fabric-rendering-v1, fabric-resource-loader-v0, fabric-resource-loader-v1, fabric-transitive-access-wideners-v1, fabricloader, metallum, sodium
[19:47:00] [Render thread/INFO] (metallum) Semantic HDR enhancement is active with current EDR headroom 1.2
[19:47:00] [Worker-Main-3/INFO] (Minecraft) Found unifont_all_no_pua-17.0.01.hex, loading
[19:47:00] [Render thread/INFO] (metallum) Metal output: ENHANCED (current EDR headroom 1.2, potential 16.0)
[19:47:00] [Worker-Main-5/INFO] (Minecraft) Found unifont_pua-17.0.01.hex, loading
[19:47:01] [Render thread/WARN] (metallum) Renderer generation request resolved with fallback [MATERIAL_CONTRACT_UNAVAILABLE]: contract=LEGACY, lighting=VANILLA, output=HDR, upscale=NATIVE, interpolation=OFF
[19:47:01] [Download-1/INFO] (Minecraft) Could not authorize you against Realms server: java.lang.RuntimeException: Failed to parse into SignedJWT: FabricMC
[19:47:01] [Render thread/INFO] (metallum) Seeded SDR GUI target is active (RGBA8_UNORM)
[19:47:01] [Worker-Main-3/INFO] (Minecraft) Found unifont_jp_patch-17.0.01.hex, loading
[19:47:10] [Render thread/INFO] (metallum) Linear scene shader preflight active: all required Minecraft 26.2 and Sodium scene shaders passed preflight
[19:47:10] [Render thread/INFO] (metallum) METALLUM material contract active: all Minecraft 26.2 and Sodium material roles passed source and PSO preflight
[19:47:10] [Render thread/INFO] (metallum) Advanced shader generation active: Minecraft 26.2 and Sodium 0.9.1 Advanced terrain/entity/end-portal sources passed preflight
[19:47:10] [Render thread/INFO] (Minecraft) OpenAL initialized on device Динамики MacBook Pro
[19:47:10] [Render thread/INFO] (Minecraft) Sound engine started
[19:47:10] [Render thread/INFO] (Minecraft) Created: 512x256x0 minecraft:textures/atlas/particles.png-atlas
[19:47:10] [Render thread/INFO] (Minecraft) Created: 128x128x0 minecraft:textures/atlas/decorated_pot.png-atlas
[19:47:10] [Render thread/INFO] (Minecraft) Created: 2048x1024x0 minecraft:textures/atlas/armor_trims.png-atlas
[19:47:10] [Render thread/INFO] (Minecraft) Created: 512x256x0 minecraft:textures/atlas/paintings.png-atlas
[19:47:10] [Render thread/INFO] (Minecraft) Created: 1024x512x0 minecraft:textures/atlas/shield_patterns.png-atlas
[19:47:10] [Render thread/INFO] (Minecraft) Created: 4096x2048x4 minecraft:textures/atlas/blocks.png-atlas
[19:47:10] [Render thread/INFO] (metallum) Loaded 1269 partial emissive terrain texture overlays
[19:47:10] [Render thread/INFO] (Minecraft) Created: 512x512x0 minecraft:textures/atlas/chest.png-atlas
[19:47:10] [Render thread/INFO] (Minecraft) Created: 256x128x0 minecraft:textures/atlas/celestials.png-atlas
[19:47:10] [Render thread/INFO] (Minecraft) Created: 1024x512x0 minecraft:textures/atlas/banner_patterns.png-atlas
[19:47:10] [Render thread/INFO] (Minecraft) Created: 1024x512x0 minecraft:textures/atlas/items.png-atlas
[19:47:10] [Render thread/INFO] (Minecraft) Created: 1024x1024x0 minecraft:textures/atlas/gui.png-atlas
[19:47:10] [Render thread/INFO] (Minecraft) Created: 128x64x0 minecraft:textures/atlas/map_decorations.png-atlas
[19:47:10] [Render thread/INFO] (Minecraft) Created: 512x512x0 minecraft:textures/atlas/shulker_boxes.png-atlas
[19:47:10] [Render thread/INFO] (metallum) Built face-aware water-reflection appearance for 30989 block states (0 fallbacks)
[19:47:10] [Render thread/INFO] (metallum) Renderer generation admitted: contract=METALLUM, lighting=ADVANCED, output=HDR, upscale=NATIVE, interpolation=OFF
[19:47:12] [Render thread/INFO] (Minecraft) Loaded 1585 recipes
[19:47:12] [Render thread/INFO] (Minecraft) Loaded 1688 advancements
[19:47:12] [Server thread/INFO] (Minecraft) Starting integrated minecraft server version 26.2
[19:47:12] [Server thread/INFO] (Minecraft) Generating keypair
[19:47:12] [Server thread/INFO] (Minecraft) Loading 0 persistent chunks...
[19:47:12] [Server thread/INFO] (Minecraft) Saving chunks for level 'ServerLevel[world]'/minecraft:overworld
[19:47:12] [Server thread/INFO] (Minecraft) Saving chunks for level 'ServerLevel[world]'/minecraft:the_end
[19:47:12] [Server thread/INFO] (Minecraft) Saving chunks for level 'ServerLevel[world]'/minecraft:the_nether
[19:47:12] [Server thread/INFO] (Minecraft) ThreadedAnvilChunkStorage (world): All chunks are saved
[19:47:12] [Server thread/INFO] (Minecraft) ThreadedAnvilChunkStorage (DIM1): All chunks are saved
[19:47:12] [Server thread/INFO] (Minecraft) ThreadedAnvilChunkStorage (DIM-1): All chunks are saved
[19:47:12] [Server thread/INFO] (Minecraft) ThreadedAnvilChunkStorage: All dimensions are saved
[19:47:13] [Server thread/INFO] (Minecraft) Loading 49 chunks for player spawn...
[19:47:13] [Server thread/INFO] (Minecraft) Preparing spawn area: 16%
[19:47:13] [Server thread/INFO] (Minecraft) Preparing spawn area: 16%
[19:47:13] [Server thread/INFO] (Minecraft) Preparing spawn area: 16%
[19:47:13] [Server thread/INFO] (Minecraft) Time elapsed: 1342 ms
[19:47:14] [Server thread/INFO] (Minecraft) MetallumBench[local:E:98f8fe61] logged in with entity id 101 at (86.1241372798128, 74.0, -95.57730763953901)
[19:47:14] [Server thread/INFO] (Minecraft) MetallumBench joined the game
[19:47:14] [Render thread/INFO] (ChunkBuilder) Started 4 worker threads
[19:47:14] [Server thread/INFO] (Minecraft) Changing view distance to 16, from 10
[19:47:14] [Server thread/INFO] (Minecraft) Changing simulation distance to 12, from 0
[19:47:14] [Render thread/INFO] (metallum) METALLUM_BENCHMARK EVENT=ARMED scope=Built-in Retina Display target=3024x1964 warmup=1800 measure=3000 sequence=[OFF] route=gi-g0-nether-v1
[19:47:14] [Render thread/INFO] (Minecraft) Loaded 2 advancements
[19:47:14] [Render thread/INFO] (metallum) METALLUM_BENCHMARK EVENT=MONITOR handle=535889899904 name=Built-in Retina Display modes=[1920x1200@48, 1920x1200@50, 1920x1200@60, 1920x1200@120, 2048x1280@48, 2048x1280@50, 2048x1280@60, 2048x1280@120, 2048x1330@48, 2048x1330@50, 2048x1330@60, 2048x1330@120, 2294x1432@48, 2294x1432@50, 2294x1432@60, 2294x1432@120, 2294x1490@48, 2294x1490@50, 2294x1490@60, 2294x1490@120, 2560x1600@48, 2560x1600@50, 2560x1600@60, 2560x1600@120, 2704x1690@48, 2704x1690@50, 2704x1690@60, 2704x1690@120, 2704x1756@48, 2704x1756@50, 2704x1756@60, 2704x1756@120, 3024x1890@48, 3024x1890@50, 3024x1890@60, 3024x1890@120, 3024x1964@48, 3024x1964@50, 3024x1964@60, 3024x1964@120]
[19:47:14] [Render thread/INFO] (ChunkBuilder) Stopping worker threads
[19:47:14] [Server thread/INFO] (metallum) METALLUM_BENCHMARK EVENT=SURVIVAL_GUARD_APPLIED player=b07a402a-d8ea-354f-9398-aaf208a798b9 original_health=20.0
[19:47:14] [Render thread/INFO] (ChunkBuilder) Started 4 worker threads
[19:47:14] [Render thread/INFO] (Minecraft) Resizing Dynamic Transforms UBO, capacity limit of 2 reached during a single frame. New capacity will be 4.
[19:47:14] [Render thread/INFO] (metallum) METALLUM_BENCHMARK EVENT=MOVE_WINDOW monitor=3024x1964@120 (24bit) workarea=0,33 1512x949
[19:47:14] [Render thread/INFO] (Minecraft) Resizing Dynamic Transforms UBO, capacity limit of 4 reached during a single frame. New capacity will be 8.
[19:47:14] [Render thread/INFO] (Minecraft) Resizing Dynamic Transforms UBO, capacity limit of 8 reached during a single frame. New capacity will be 16.
[19:47:14] [Chunk Render Task Executor #1/INFO] (metallum) Sodium semantic HDR emission tagging is active (strength 15, exact true)
[19:47:15] [Download-1/ERROR] (Minecraft) Failed to retrieve profile key pair

MinecraftClientHttpException[type=HTTP_ERROR, status=401, response=ErrorResponse[path=/player/certificates, error=null, errorMessage=null, details=null]]
	at knot//com.mojang.authlib.minecraft.client.MinecraftClient.buildHttpException(MinecraftClient.java:170)
	at knot//com.mojang.authlib.minecraft.client.MinecraftClient.readServiceResponse(MinecraftClient.java:147)
	at knot//com.mojang.authlib.minecraft.client.MinecraftClient.post(MinecraftClient.java:89)
	at knot//com.mojang.authlib.yggdrasil.YggdrasilUserApiService.getKeyPair(YggdrasilUserApiService.java:62)
	at knot//net.minecraft.client.multiplayer.AccountProfileKeyPairManager.fetchProfileKeyPair(AccountProfileKeyPairManager.java:128)
	at knot//net.minecraft.client.multiplayer.AccountProfileKeyPairManager.lambda$readOrFetchProfileKeyPair$0(AccountProfileKeyPairManager.java:77)
	at java.base/java.util.concurrent.CompletableFuture$AsyncSupply.run(CompletableFuture.java:1789)
	at java.base/java.util.concurrent.ThreadPoolExecutor.runWorker(ThreadPoolExecutor.java:1090)
	at java.base/java.util.concurrent.ThreadPoolExecutor$Worker.run(ThreadPoolExecutor.java:614)
	at java.base/java.lang.Thread.run(Thread.java:1474)
[19:47:16] [Render thread/INFO] (metallum) METALLUM_BENCHMARK EVENT=WINDOW_READY monitor=Built-in Retina Display video_mode=3024x1964@120 (24bit) framebuffer=3024x1964 window=3024x1964 screen=3024x1964
[19:47:16] [Server thread/INFO] (metallum) METALLUM_BENCHMARK_DEBUG at=start level_exists=true player_exists=true server_dim=minecraft:overworld server_paused=false ticks=49 stageFrames=1 server_frozen=false client_ready=false
[19:47:17] [Render thread/INFO] (metallum) Native-resolution HDR fast path is active: fused HDR reconstruction and SDR UI seed, lightweight final composite
[19:47:17] [Server thread/INFO] (metallum) METALLUM_BENCHMARK_DEBUG before_teleport player_dim=minecraft:overworld
[19:47:17] [Server thread/INFO] (Minecraft) MetallumBench has made the advancement [We Need to Go Deeper]
[19:47:17] [Server thread/INFO] (metallum) METALLUM_BENCHMARK_DEBUG after_teleport player_dim=minecraft:the_nether teleported=true
[19:47:17] [Render thread/INFO] (ChunkBuilder) Stopping worker threads
[19:47:17] [Render thread/INFO] (ChunkBuilder) Started 4 worker threads
[19:47:17] [Render thread/INFO] (metallum) METALLUM_BENCHMARK EVENT=ROUTE_APPLY route=gi-g0-nether-v1 fixture=hdrtest-static-v1 player=MetallumBench/b07a402a-d8ea-354f-9398-aaf208a798b9 dimension=minecraft:the_nether
[19:47:17] [Render thread/INFO] (Minecraft) [System] [CHAT] MetallumBench has made the advancement [We Need to Go Deeper]
[19:47:17] [Render thread/INFO] (ChunkBuilder) Stopping worker threads
[19:47:17] [Render thread/INFO] (ChunkBuilder) Started 4 worker threads
[19:47:17] [Render thread/INFO] (metallum) METALLUM_BENCHMARK_DEBUG waiting_for_route mismatch client=client simulation ticks are not frozen server=server simulation ticks are not frozen stable_frames=0 target_stable_frames=120
[19:47:17] [Render thread/INFO] (metallum) L6 local shadows: active=true, descriptors=0/snapshot=0, READY=0, STALE=0, APPROXIMATE=0, BUILDING=0, FAIL_CLOSED=0, cachedEdges=8:0/16:0/32:0/64:0, cacheCovered=0, coverageLimited=0, residents=0, pendingBuilds=0, pendingUploads=0 (0 bytes), capacityBlocked=0, capacityWaitSkips=0, retryBackoff=0, uploads=0 (0 bytes), proxies=0/16, maxSteps=96, dynamic=0/0/0 candidates/selected/dropped, held=false, dispatches=0, rays=0, ready=0, fallback=0, coverageMiss=0, transitions=0->0, failures=0, pages=0 bytes
[19:47:17] [Render thread/INFO] (metallum) METALLUM_L6_DYNAMIC candidates=0 selected=0 dropped=0 held=false dispatches=0 rays=0 ready=0 fallback=0 coverage_miss=0 static_to_dynamic=0 dynamic_to_static=0 failures=0 pages_bytes=0
2026-08-26 19:47:17.818 java[72761:7996372] [metallum] GPU timing (startup segment -1, 300 presented frames, 17.9 FPS): presenting command buffer 3.048 ms avg / 2.293 p50 / 5.582 p95 / 17.578 p99 / 52.596 max
  present pacing: 27.980 ms p95 / 711.498 ms p99, 0.3 FPS 1% low / 0.1 FPS 0.1% low
  per-stage counters: disabled (set METALLUM_GPU_TIMING_DETAIL=1 to enable intrusive detail)
  nextDrawable wait (CPU): 0.625 ms/frame avg, 8.492 ms max interval (300 waits)
  in-flight semaphore wait (CPU): 0.030 ms/frame avg, 2.213 ms max interval (3040 waits)
  command completion wait (CPU): n/a
[19:47:18] [Render thread/INFO] (metallum) METALLUM_BENCHMARK_DEBUG waiting_for_route mismatch client=client simulation ticks are not frozen server=server simulation ticks are not frozen stable_frames=0 target_stable_frames=120
[19:47:18] [Server thread/INFO] (metallum) METALLUM_BENCHMARK_DEBUG at=start level_exists=true player_exists=true server_dim=minecraft:the_nether server_paused=false ticks=50 stageFrames=223 server_frozen=false client_ready=true
[19:47:18] [Render thread/INFO] (Minecraft) Loaded 29 advancements
[19:47:18] [Render thread/INFO] (metallum) METALLUM_BENCHMARK EVENT=SERVER_TICKS_FROZEN
[19:47:18] [Server thread/INFO] (metallum) METALLUM_BENCHMARK_DEBUG at=start level_exists=true player_exists=true server_dim=minecraft:the_nether server_paused=false ticks=50 stageFrames=224 server_frozen=true client_ready=true
[19:47:18] [Render thread/INFO] (Minecraft) Loaded 29 advancements
[19:47:19] [Server thread/INFO] (metallum) METALLUM_BENCHMARK_DEBUG at=start level_exists=true player_exists=true server_dim=minecraft:the_nether server_paused=false ticks=109 stageFrames=255 server_frozen=true client_ready=true
[19:47:20] [Server thread/INFO] (metallum) METALLUM_BENCHMARK_DEBUG at=start level_exists=true player_exists=true server_dim=minecraft:the_nether server_paused=false ticks=122 stageFrames=286 server_frozen=true client_ready=true
[19:47:20] [Render thread/INFO] (metallum) METALLUM_BENCHMARK_DEBUG waiting_for_route mismatch client=null server=null stable_frames=15 target_stable_frames=120
[19:47:20] [Server thread/INFO] (metallum) METALLUM_BENCHMARK_DEBUG at=start level_exists=true player_exists=true server_dim=minecraft:the_nether server_paused=false ticks=136 stageFrames=317 server_frozen=true client_ready=true
[19:47:21] [Server thread/INFO] (metallum) METALLUM_BENCHMARK_DEBUG at=start level_exists=true player_exists=true server_dim=minecraft:the_nether server_paused=false ticks=150 stageFrames=348 server_frozen=true client_ready=true
[19:47:22] [Server thread/INFO] (metallum) METALLUM_BENCHMARK_DEBUG at=start level_exists=true player_exists=true server_dim=minecraft:the_nether server_paused=false ticks=166 stageFrames=379 server_frozen=true client_ready=true
[19:47:22] [Render thread/INFO] (metallum) METALLUM_BENCHMARK_DEBUG waiting_for_route mismatch client=null server=null stable_frames=3 target_stable_frames=120
[19:47:23] [Server thread/INFO] (metallum) METALLUM_BENCHMARK_DEBUG at=start level_exists=true player_exists=true server_dim=minecraft:the_nether server_paused=false ticks=183 stageFrames=410 server_frozen=true client_ready=true
[19:47:23] [Render thread/INFO] (metallum) L6 local shadows: active=true, descriptors=2048/snapshot=2048, READY=87, STALE=0, APPROXIMATE=1961, BUILDING=0, FAIL_CLOSED=0, cachedEdges=8:1/16:1/32:1/64:84, cacheCovered=2048, coverageLimited=0, residents=87, pendingBuilds=0, pendingUploads=0 (0 bytes), capacityBlocked=1961, capacityWaitSkips=5, retryBackoff=0, uploads=0 (0 bytes), proxies=16/16, maxSteps=96, dynamic=0/0/0 candidates/selected/dropped, held=false, dispatches=0, rays=0, ready=0, fallback=0, coverageMiss=0, transitions=0->0, failures=0, pages=0 bytes
[19:47:23] [Render thread/INFO] (metallum) METALLUM_L6_DYNAMIC candidates=0 selected=0 dropped=0 held=false dispatches=0 rays=0 ready=0 fallback=0 coverage_miss=0 static_to_dynamic=0 dynamic_to_static=0 failures=0 pages_bytes=0
[19:47:23] [Server thread/INFO] (metallum) METALLUM_BENCHMARK_DEBUG at=start level_exists=true player_exists=true server_dim=minecraft:the_nether server_paused=false ticks=200 stageFrames=441 server_frozen=true client_ready=true
2026-08-26 19:47:24.276 java[72761:7996544] [metallum] GPU timing (startup segment -1, 300 presented frames, 46.8 FPS): presenting command buffer 22.153 ms avg / 26.299 p50 / 39.457 p95 / 42.155 p99 / 43.253 max
  present pacing: 37.300 ms p95 / 73.906 ms p99, 7.6 FPS 1% low / 6.7 FPS 0.1% low
  per-stage counters: disabled (set METALLUM_GPU_TIMING_DETAIL=1 to enable intrusive detail)
  nextDrawable wait (CPU): 0.474 ms/frame avg, 14.064 ms max interval (300 waits)
  in-flight semaphore wait (CPU): 6.301 ms/frame avg, 19.521 ms max interval (5636 waits)
  command completion wait (CPU): n/a
[19:47:24] [Server thread/INFO] (metallum) METALLUM_BENCHMARK_DEBUG at=start level_exists=true player_exists=true server_dim=minecraft:the_nether server_paused=false ticks=218 stageFrames=472 server_frozen=true client_ready=true
[19:47:25] [Render thread/INFO] (metallum) METALLUM_BENCHMARK_DEBUG waiting_for_route mismatch client=client terrain is not fully rendered server=null stable_frames=1 target_stable_frames=120
[19:47:25] [Server thread/INFO] (metallum) METALLUM_BENCHMARK_DEBUG at=start level_exists=true player_exists=true server_dim=minecraft:the_nether server_paused=false ticks=235 stageFrames=503 server_frozen=true client_ready=true
[19:47:26] [Server thread/INFO] (metallum) METALLUM_BENCHMARK_DEBUG at=start level_exists=true player_exists=true server_dim=minecraft:the_nether server_paused=false ticks=252 stageFrames=534 server_frozen=true client_ready=true
[19:47:27] [Server thread/INFO] (metallum) METALLUM_BENCHMARK_DEBUG at=start level_exists=true player_exists=true server_dim=minecraft:the_nether server_paused=false ticks=270 stageFrames=565 server_frozen=true client_ready=true
[19:47:28] [Server thread/INFO] (metallum) METALLUM_BENCHMARK_DEBUG at=start level_exists=true player_exists=true server_dim=minecraft:the_nether server_paused=false ticks=287 stageFrames=596 server_frozen=true client_ready=true
[19:47:28] [Render thread/INFO] (metallum) METALLUM_BENCHMARK_DEBUG waiting_for_route mismatch client=null server=null stable_frames=12 target_stable_frames=120
[19:47:29] [Server thread/INFO] (metallum) METALLUM_BENCHMARK_DEBUG at=start level_exists=true player_exists=true server_dim=minecraft:the_nether server_paused=false ticks=305 stageFrames=627 server_frozen=true client_ready=true
[19:47:30] [Server thread/INFO] (metallum) METALLUM_BENCHMARK_DEBUG at=start level_exists=true player_exists=true server_dim=minecraft:the_nether server_paused=false ticks=322 stageFrames=658 server_frozen=true client_ready=true
[19:47:30] [Server thread/INFO] (metallum) METALLUM_BENCHMARK_DEBUG at=start level_exists=true player_exists=true server_dim=minecraft:the_nether server_paused=false ticks=340 stageFrames=689 server_frozen=true client_ready=true
[19:47:31] [Render thread/INFO] (metallum) METALLUM_BENCHMARK_DEBUG waiting_for_route mismatch client=null server=null stable_frames=8 target_stable_frames=120
[19:47:31] [Server thread/INFO] (metallum) METALLUM_BENCHMARK_DEBUG at=start level_exists=true player_exists=true server_dim=minecraft:the_nether server_paused=false ticks=357 stageFrames=720 server_frozen=true client_ready=true
[19:47:32] [Render thread/INFO] (metallum) L6 local shadows: active=true, descriptors=2048/snapshot=2048, READY=87, STALE=0, APPROXIMATE=1961, BUILDING=0, FAIL_CLOSED=0, cachedEdges=8:1/16:1/32:1/64:84, cacheCovered=2048, coverageLimited=0, residents=87, pendingBuilds=0, pendingUploads=0 (0 bytes), capacityBlocked=1961, capacityWaitSkips=303, retryBackoff=0, uploads=0 (0 bytes), proxies=16/16, maxSteps=96, dynamic=0/0/0 candidates/selected/dropped, held=false, dispatches=0, rays=0, ready=0, fallback=0, coverageMiss=0, transitions=0->0, failures=0, pages=0 bytes
[19:47:32] [Render thread/INFO] (metallum) METALLUM_L6_DYNAMIC candidates=0 selected=0 dropped=0 held=false dispatches=0 rays=0 ready=0 fallback=0 coverage_miss=0 static_to_dynamic=0 dynamic_to_static=0 failures=0 pages_bytes=0
[19:47:32] [Server thread/INFO] (metallum) METALLUM_BENCHMARK_DEBUG at=start level_exists=true player_exists=true server_dim=minecraft:the_nether server_paused=false ticks=374 stageFrames=751 server_frozen=true client_ready=true
2026-08-26 19:47:32.694 java[72761:7996523] [metallum] GPU timing (startup segment -1, 300 presented frames, 35.6 FPS): presenting command buffer 30.389 ms avg / 30.351 p50 / 31.838 p95 / 32.707 p99 / 35.165 max
  present pacing: 33.735 ms p95 / 38.645 ms p99, 25.3 FPS 1% low / 24.8 FPS 0.1% low
  per-stage counters: disabled (set METALLUM_GPU_TIMING_DETAIL=1 to enable intrusive detail)
  nextDrawable wait (CPU): 0.095 ms/frame avg, 11.666 ms max interval (300 waits)
  in-flight semaphore wait (CPU): 14.386 ms/frame avg, 18.368 ms max interval (7072 waits)
  command completion wait (CPU): n/a
[19:47:33] [Server thread/INFO] (metallum) METALLUM_BENCHMARK_DEBUG at=start level_exists=true player_exists=true server_dim=minecraft:the_nether server_paused=false ticks=391 stageFrames=782 server_frozen=true client_ready=true
[19:47:34] [Render thread/INFO] (metallum) METALLUM_BENCHMARK_DEBUG waiting_for_route mismatch client=null server=null stable_frames=0 target_stable_frames=120
[19:47:34] [Server thread/INFO] (metallum) METALLUM_BENCHMARK_DEBUG at=start level_exists=true player_exists=true server_dim=minecraft:the_nether server_paused=false ticks=409 stageFrames=813 server_frozen=true client_ready=true
[19:47:35] [Server thread/INFO] (metallum) METALLUM_BENCHMARK_DEBUG at=start level_exists=true player_exists=true server_dim=minecraft:the_nether server_paused=false ticks=426 stageFrames=844 server_frozen=true client_ready=true
[19:47:36] [Server thread/INFO] (metallum) METALLUM_BENCHMARK_DEBUG at=start level_exists=true player_exists=true server_dim=minecraft:the_nether server_paused=false ticks=444 stageFrames=875 server_frozen=true client_ready=true
[19:47:36] [Render thread/INFO] (metallum) METALLUM_BENCHMARK_DEBUG waiting_for_route mismatch client=null server=null stable_frames=91 target_stable_frames=120
[19:47:37] [Server thread/INFO] (metallum) METALLUM_BENCHMARK_DEBUG at=start level_exists=true player_exists=true server_dim=minecraft:the_nether server_paused=false ticks=461 stageFrames=906 server_frozen=true client_ready=true
[19:47:37] [Render thread/INFO] (metallum) METALLUM_BENCHMARK EVENT=ADVANCED_ADMISSION expected=advanced schema=5 defaults_used=false requested=advanced resolved=advanced l3=true l5=true l6=true status=PASS generation=6 shader_epoch=5 reason=none
[19:47:37] [Render thread/INFO] (metallum) METALLUM_BENCHMARK EVENT=ROUTE_READY route=gi-g0-nether-v1 stable_frames=120 pose=[0.0,32.0,0.0;0.0,15.0] max_fps=260 resolved_gui_scale=8 resource_packs=vanilla,fabric-api-base,fabric-block-getter-api-v2,fabric-lifecycle-events-v1,fabric-renderer-api-v1,fabric-rendering-fluids-v1,fabric-rendering-v1,fabric-resource-loader-v0,fabric-resource-loader-v1,fabric-transitive-access-wideners-v1,fabricloader,metallum,sodium
[19:47:37] [Render thread/INFO] (metallum) METALLUM_BENCHMARK EVENT=SEGMENT_START index=1 total=1 mode=OFF warmup=1800 measure=3000
[19:47:40] [Render thread/INFO] (metallum) L6 local shadows: active=true, descriptors=2048/snapshot=2048, READY=87, STALE=0, APPROXIMATE=1961, BUILDING=0, FAIL_CLOSED=0, cachedEdges=8:1/16:1/32:1/64:84, cacheCovered=2048, coverageLimited=0, residents=87, pendingBuilds=0, pendingUploads=0 (0 bytes), capacityBlocked=1961, capacityWaitSkips=603, retryBackoff=0, uploads=0 (0 bytes), proxies=16/16, maxSteps=96, dynamic=0/0/0 candidates/selected/dropped, held=false, dispatches=0, rays=0, ready=0, fallback=0, coverageMiss=0, transitions=0->0, failures=0, pages=0 bytes
[19:47:40] [Render thread/INFO] (metallum) METALLUM_L6_DYNAMIC candidates=0 selected=0 dropped=0 held=false dispatches=0 rays=0 ready=0 fallback=0 coverage_miss=0 static_to_dynamic=0 dynamic_to_static=0 failures=0 pages_bytes=0
2026-08-26 19:47:46.103 java[72761:7997279] [metallum] GPU timing (warmup segment 0, 300 presented frames, 35.7 FPS): presenting command buffer 31.178 ms avg / 31.145 p50 / 32.344 p95 / 32.693 p99 / 33.009 max
  present pacing: 29.468 ms p95 / 34.719 ms p99, 28.6 FPS 1% low / 28.2 FPS 0.1% low
  per-stage counters: disabled (set METALLUM_GPU_TIMING_DETAIL=1 to enable intrusive detail)
  nextDrawable wait (CPU): 0.091 ms/frame avg, 6.641 ms max interval (300 waits)
  in-flight semaphore wait (CPU): 15.397 ms/frame avg, 17.485 ms max interval (5999 waits)
  command completion wait (CPU): n/a
[19:47:49] [Render thread/INFO] (metallum) L6 local shadows: active=true, descriptors=2048/snapshot=2048, READY=87, STALE=0, APPROXIMATE=1961, BUILDING=0, FAIL_CLOSED=0, cachedEdges=8:1/16:1/32:1/64:84, cacheCovered=2048, coverageLimited=0, residents=87, pendingBuilds=0, pendingUploads=0 (0 bytes), capacityBlocked=1961, capacityWaitSkips=903, retryBackoff=0, uploads=0 (0 bytes), proxies=16/16, maxSteps=96, dynamic=0/0/0 candidates/selected/dropped, held=false, dispatches=0, rays=0, ready=0, fallback=0, coverageMiss=0, transitions=0->0, failures=0, pages=0 bytes
[19:47:49] [Render thread/INFO] (metallum) METALLUM_L6_DYNAMIC candidates=0 selected=0 dropped=0 held=false dispatches=0 rays=0 ready=0 fallback=0 coverage_miss=0 static_to_dynamic=0 dynamic_to_static=0 failures=0 pages_bytes=0
2026-08-26 19:47:54.507 java[72761:7996523] [metallum] GPU timing (warmup segment 0, 300 presented frames, 35.7 FPS): presenting command buffer 31.190 ms avg / 31.166 p50 / 32.257 p95 / 32.673 p99 / 33.249 max
  present pacing: 29.613 ms p95 / 31.972 ms p99, 29.7 FPS 1% low / 28.7 FPS 0.1% low
  per-stage counters: disabled (set METALLUM_GPU_TIMING_DETAIL=1 to enable intrusive detail)
  nextDrawable wait (CPU): 0.112 ms/frame avg, 6.817 ms max interval (300 waits)
  in-flight semaphore wait (CPU): 15.522 ms/frame avg, 17.989 ms max interval (6000 waits)
  command completion wait (CPU): n/a
[19:47:57] [Render thread/INFO] (metallum) L6 local shadows: active=true, descriptors=2048/snapshot=2048, READY=87, STALE=0, APPROXIMATE=1961, BUILDING=0, FAIL_CLOSED=0, cachedEdges=8:1/16:1/32:1/64:84, cacheCovered=2048, coverageLimited=0, residents=87, pendingBuilds=0, pendingUploads=0 (0 bytes), capacityBlocked=1961, capacityWaitSkips=1203, retryBackoff=0, uploads=0 (0 bytes), proxies=16/16, maxSteps=96, dynamic=0/0/0 candidates/selected/dropped, held=false, dispatches=0, rays=0, ready=0, fallback=0, coverageMiss=0, transitions=0->0, failures=0, pages=0 bytes
[19:47:57] [Render thread/INFO] (metallum) METALLUM_L6_DYNAMIC candidates=0 selected=0 dropped=0 held=false dispatches=0 rays=0 ready=0 fallback=0 coverage_miss=0 static_to_dynamic=0 dynamic_to_static=0 failures=0 pages_bytes=0
2026-08-26 19:48:02.888 java[72761:7997279] [metallum] GPU timing (warmup segment 0, 300 presented frames, 35.8 FPS): presenting command buffer 31.122 ms avg / 31.067 p50 / 32.235 p95 / 32.780 p99 / 32.982 max
  present pacing: 29.619 ms p95 / 34.630 ms p99, 26.6 FPS 1% low / 25.8 FPS 0.1% low
  per-stage counters: disabled (set METALLUM_GPU_TIMING_DETAIL=1 to enable intrusive detail)
  nextDrawable wait (CPU): 0.231 ms/frame avg, 10.695 ms max interval (300 waits)
  in-flight semaphore wait (CPU): 15.488 ms/frame avg, 18.070 ms max interval (6000 waits)
  command completion wait (CPU): n/a
[19:48:06] [Render thread/INFO] (metallum) L6 local shadows: active=true, descriptors=2048/snapshot=2048, READY=87, STALE=0, APPROXIMATE=1961, BUILDING=0, FAIL_CLOSED=0, cachedEdges=8:1/16:1/32:1/64:84, cacheCovered=2048, coverageLimited=0, residents=87, pendingBuilds=0, pendingUploads=0 (0 bytes), capacityBlocked=1961, capacityWaitSkips=1503, retryBackoff=0, uploads=0 (0 bytes), proxies=16/16, maxSteps=96, dynamic=0/0/0 candidates/selected/dropped, held=false, dispatches=0, rays=0, ready=0, fallback=0, coverageMiss=0, transitions=0->0, failures=0, pages=0 bytes
[19:48:06] [Render thread/INFO] (metallum) METALLUM_L6_DYNAMIC candidates=0 selected=0 dropped=0 held=false dispatches=0 rays=0 ready=0 fallback=0 coverage_miss=0 static_to_dynamic=0 dynamic_to_static=0 failures=0 pages_bytes=0
2026-08-26 19:48:11.284 java[72761:7996544] [metallum] GPU timing (warmup segment 0, 300 presented frames, 35.7 FPS): presenting command buffer 31.149 ms avg / 31.125 p50 / 32.175 p95 / 32.572 p99 / 33.434 max
  present pacing: 29.414 ms p95 / 32.074 ms p99, 26.7 FPS 1% low / 24.9 FPS 0.1% low
  per-stage counters: disabled (set METALLUM_GPU_TIMING_DETAIL=1 to enable intrusive detail)
  nextDrawable wait (CPU): 0.100 ms/frame avg, 8.800 ms max interval (300 waits)
  in-flight semaphore wait (CPU): 15.575 ms/frame avg, 18.416 ms max interval (6000 waits)
  command completion wait (CPU): n/a
[19:48:14] [Render thread/INFO] (metallum) L6 local shadows: active=true, descriptors=2048/snapshot=2048, READY=87, STALE=0, APPROXIMATE=1961, BUILDING=0, FAIL_CLOSED=0, cachedEdges=8:1/16:1/32:1/64:84, cacheCovered=2048, coverageLimited=0, residents=87, pendingBuilds=0, pendingUploads=0 (0 bytes), capacityBlocked=1961, capacityWaitSkips=1803, retryBackoff=0, uploads=0 (0 bytes), proxies=16/16, maxSteps=96, dynamic=0/0/0 candidates/selected/dropped, held=false, dispatches=0, rays=0, ready=0, fallback=0, coverageMiss=0, transitions=0->0, failures=0, pages=0 bytes
[19:48:14] [Render thread/INFO] (metallum) METALLUM_L6_DYNAMIC candidates=0 selected=0 dropped=0 held=false dispatches=0 rays=0 ready=0 fallback=0 coverage_miss=0 static_to_dynamic=0 dynamic_to_static=0 failures=0 pages_bytes=0
2026-08-26 19:48:19.688 java[72761:7997279] [metallum] GPU timing (warmup segment 0, 300 presented frames, 35.7 FPS): presenting command buffer 31.174 ms avg / 31.065 p50 / 32.415 p95 / 32.909 p99 / 33.396 max
  present pacing: 29.710 ms p95 / 32.790 ms p99, 28.9 FPS 1% low / 27.5 FPS 0.1% low
  per-stage counters: disabled (set METALLUM_GPU_TIMING_DETAIL=1 to enable intrusive detail)
  nextDrawable wait (CPU): 0.147 ms/frame avg, 9.056 ms max interval (300 waits)
  in-flight semaphore wait (CPU): 15.653 ms/frame avg, 18.122 ms max interval (6000 waits)
  command completion wait (CPU): n/a
[19:48:22] [Render thread/INFO] (metallum) L6 local shadows: active=true, descriptors=2048/snapshot=2048, READY=87, STALE=0, APPROXIMATE=1961, BUILDING=0, FAIL_CLOSED=0, cachedEdges=8:1/16:1/32:1/64:84, cacheCovered=2048, coverageLimited=0, residents=87, pendingBuilds=0, pendingUploads=0 (0 bytes), capacityBlocked=1961, capacityWaitSkips=2103, retryBackoff=0, uploads=0 (0 bytes), proxies=16/16, maxSteps=96, dynamic=0/0/0 candidates/selected/dropped, held=false, dispatches=0, rays=0, ready=0, fallback=0, coverageMiss=0, transitions=0->0, failures=0, pages=0 bytes
[19:48:22] [Render thread/INFO] (metallum) METALLUM_L6_DYNAMIC candidates=0 selected=0 dropped=0 held=false dispatches=0 rays=0 ready=0 fallback=0 coverage_miss=0 static_to_dynamic=0 dynamic_to_static=0 failures=0 pages_bytes=0
[19:48:28] [Server thread/INFO] (metallum) METALLUM_BENCHMARK_DEBUG at=start level_exists=true player_exists=true server_dim=minecraft:the_nether server_paused=false ticks=1481 stageFrames=928 server_frozen=true client_ready=true
[19:48:28] [Render thread/INFO] (metallum) METALLUM_BENCHMARK EVENT=ROUTE_CHECK event=MEASURE_START route=gi-g0-nether-v1 status=ready
[19:48:28] [Render thread/INFO] (metallum) METALLUM_BENCHMARK EVENT=VERTEX_REFLECTION_ADMISSION enabled=false state=OFF ready=false generation=7/0 origin=[0,0,0] sections=0/0/0 expected=0 invalidation=null quality_face_aware=true quality_first_surface=true quality_confidence=true
[19:48:28] [Render thread/INFO] (metallum) METALLUM_BENCHMARK EVENT=MEASURE_START index=1 mode=OFF presented_frame=1800
2026-08-26 19:48:28.088 java[72761:7996523] [metallum] GPU timing (warmup segment 0, 300 presented frames, 35.7 FPS): presenting command buffer 31.162 ms avg / 31.175 p50 / 32.241 p95 / 32.594 p99 / 32.869 max
  present pacing: 29.486 ms p95 / 33.180 ms p99, 27.8 FPS 1% low / 26.7 FPS 0.1% low
  per-stage counters: disabled (set METALLUM_GPU_TIMING_DETAIL=1 to enable intrusive detail)
  nextDrawable wait (CPU): 0.163 ms/frame avg, 8.926 ms max interval (300 waits)
  in-flight semaphore wait (CPU): 15.652 ms/frame avg, 17.850 ms max interval (6000 waits)
  command completion wait (CPU): n/a
[19:48:31] [Render thread/INFO] (metallum) L6 local shadows: active=true, descriptors=2048/snapshot=2048, READY=87, STALE=0, APPROXIMATE=1961, BUILDING=0, FAIL_CLOSED=0, cachedEdges=8:1/16:1/32:1/64:84, cacheCovered=2048, coverageLimited=0, residents=87, pendingBuilds=0, pendingUploads=0 (0 bytes), capacityBlocked=1961, capacityWaitSkips=2403, retryBackoff=0, uploads=0 (0 bytes), proxies=16/16, maxSteps=96, dynamic=0/0/0 candidates/selected/dropped, held=false, dispatches=0, rays=0, ready=0, fallback=0, coverageMiss=0, transitions=0->0, failures=0, pages=0 bytes
[19:48:31] [Render thread/INFO] (metallum) METALLUM_L6_DYNAMIC candidates=0 selected=0 dropped=0 held=false dispatches=0 rays=0 ready=0 fallback=0 coverage_miss=0 static_to_dynamic=0 dynamic_to_static=0 failures=0 pages_bytes=0
2026-08-26 19:48:36.521 java[72761:7997415] [metallum] GPU timing (measure segment 0, 300 presented frames, 35.7 FPS): presenting command buffer 31.184 ms avg / 31.143 p50 / 32.132 p95 / 32.752 p99 / 33.472 max
  present pacing: 29.561 ms p95 / 34.940 ms p99, 27.5 FPS 1% low / 26.6 FPS 0.1% low
  per-stage counters: disabled (set METALLUM_GPU_TIMING_DETAIL=1 to enable intrusive detail)
  nextDrawable wait (CPU): 0.158 ms/frame avg, 9.944 ms max interval (300 waits)
  in-flight semaphore wait (CPU): 15.615 ms/frame avg, 18.139 ms max interval (5999 waits)
  command completion wait (CPU): n/a
[19:48:39] [Render thread/INFO] (metallum) L6 local shadows: active=true, descriptors=2048/snapshot=2048, READY=87, STALE=0, APPROXIMATE=1961, BUILDING=0, FAIL_CLOSED=0, cachedEdges=8:1/16:1/32:1/64:84, cacheCovered=2048, coverageLimited=0, residents=87, pendingBuilds=0, pendingUploads=0 (0 bytes), capacityBlocked=1961, capacityWaitSkips=2703, retryBackoff=0, uploads=0 (0 bytes), proxies=16/16, maxSteps=96, dynamic=0/0/0 candidates/selected/dropped, held=false, dispatches=0, rays=0, ready=0, fallback=0, coverageMiss=0, transitions=0->0, failures=0, pages=0 bytes
[19:48:39] [Render thread/INFO] (metallum) METALLUM_L6_DYNAMIC candidates=0 selected=0 dropped=0 held=false dispatches=0 rays=0 ready=0 fallback=0 coverage_miss=0 static_to_dynamic=0 dynamic_to_static=0 failures=0 pages_bytes=0
2026-08-26 19:48:44.957 java[72761:7996544] [metallum] GPU timing (measure segment 0, 300 presented frames, 35.6 FPS): presenting command buffer 31.244 ms avg / 31.177 p50 / 32.491 p95 / 33.021 p99 / 34.114 max
  present pacing: 29.667 ms p95 / 30.487 ms p99, 30.0 FPS 1% low / 26.4 FPS 0.1% low
  per-stage counters: disabled (set METALLUM_GPU_TIMING_DETAIL=1 to enable intrusive detail)
  nextDrawable wait (CPU): 0.025 ms/frame avg, 0.158 ms max interval (300 waits)
  in-flight semaphore wait (CPU): 15.362 ms/frame avg, 17.984 ms max interval (6000 waits)
  command completion wait (CPU): n/a
[19:48:48] [Render thread/INFO] (metallum) L6 local shadows: active=true, descriptors=2048/snapshot=2048, READY=87, STALE=0, APPROXIMATE=1961, BUILDING=0, FAIL_CLOSED=0, cachedEdges=8:1/16:1/32:1/64:84, cacheCovered=2048, coverageLimited=0, residents=87, pendingBuilds=0, pendingUploads=0 (0 bytes), capacityBlocked=1961, capacityWaitSkips=3003, retryBackoff=0, uploads=0 (0 bytes), proxies=16/16, maxSteps=96, dynamic=0/0/0 candidates/selected/dropped, held=false, dispatches=0, rays=0, ready=0, fallback=0, coverageMiss=0, transitions=0->0, failures=0, pages=0 bytes
[19:48:48] [Render thread/INFO] (metallum) METALLUM_L6_DYNAMIC candidates=0 selected=0 dropped=0 held=false dispatches=0 rays=0 ready=0 fallback=0 coverage_miss=0 static_to_dynamic=0 dynamic_to_static=0 failures=0 pages_bytes=0
2026-08-26 19:48:53.378 java[72761:7996544] [metallum] GPU timing (measure segment 0, 300 presented frames, 35.6 FPS): presenting command buffer 31.082 ms avg / 31.050 p50 / 32.086 p95 / 32.780 p99 / 32.940 max
  present pacing: 29.509 ms p95 / 30.967 ms p99, 21.5 FPS 1% low / 18.2 FPS 0.1% low
  per-stage counters: disabled (set METALLUM_GPU_TIMING_DETAIL=1 to enable intrusive detail)
  nextDrawable wait (CPU): 0.046 ms/frame avg, 2.238 ms max interval (300 waits)
  in-flight semaphore wait (CPU): 14.903 ms/frame avg, 17.451 ms max interval (5980 waits)
  command completion wait (CPU): n/a
[19:48:56] [Render thread/INFO] (metallum) L6 local shadows: active=true, descriptors=2048/snapshot=2048, READY=87, STALE=0, APPROXIMATE=1961, BUILDING=0, FAIL_CLOSED=0, cachedEdges=8:1/16:1/32:1/64:84, cacheCovered=2048, coverageLimited=0, residents=87, pendingBuilds=0, pendingUploads=0 (0 bytes), capacityBlocked=1961, capacityWaitSkips=3303, retryBackoff=0, uploads=0 (0 bytes), proxies=16/16, maxSteps=96, dynamic=0/0/0 candidates/selected/dropped, held=false, dispatches=0, rays=0, ready=0, fallback=0, coverageMiss=0, transitions=0->0, failures=0, pages=0 bytes
[19:48:56] [Render thread/INFO] (metallum) METALLUM_L6_DYNAMIC candidates=0 selected=0 dropped=0 held=false dispatches=0 rays=0 ready=0 fallback=0 coverage_miss=0 static_to_dynamic=0 dynamic_to_static=0 failures=0 pages_bytes=0
2026-08-26 19:49:01.793 java[72761:7997753] [metallum] GPU timing (measure segment 0, 300 presented frames, 35.7 FPS): presenting command buffer 31.155 ms avg / 31.124 p50 / 32.179 p95 / 32.779 p99 / 33.007 max
  present pacing: 29.591 ms p95 / 30.906 ms p99, 26.0 FPS 1% low / 18.8 FPS 0.1% low
  per-stage counters: disabled (set METALLUM_GPU_TIMING_DETAIL=1 to enable intrusive detail)
  nextDrawable wait (CPU): 0.057 ms/frame avg, 2.897 ms max interval (300 waits)
  in-flight semaphore wait (CPU): 15.071 ms/frame avg, 17.767 ms max interval (5990 waits)
  command completion wait (CPU): n/a
[19:49:04] [Render thread/INFO] (metallum) L6 local shadows: active=true, descriptors=2048/snapshot=2048, READY=87, STALE=0, APPROXIMATE=1961, BUILDING=0, FAIL_CLOSED=0, cachedEdges=8:1/16:1/32:1/64:84, cacheCovered=2048, coverageLimited=0, residents=87, pendingBuilds=0, pendingUploads=0 (0 bytes), capacityBlocked=1961, capacityWaitSkips=3603, retryBackoff=0, uploads=0 (0 bytes), proxies=16/16, maxSteps=96, dynamic=0/0/0 candidates/selected/dropped, held=false, dispatches=0, rays=0, ready=0, fallback=0, coverageMiss=0, transitions=0->0, failures=0, pages=0 bytes
[19:49:04] [Render thread/INFO] (metallum) METALLUM_L6_DYNAMIC candidates=0 selected=0 dropped=0 held=false dispatches=0 rays=0 ready=0 fallback=0 coverage_miss=0 static_to_dynamic=0 dynamic_to_static=0 failures=0 pages_bytes=0
2026-08-26 19:49:10.187 java[72761:7997415] [metallum] GPU timing (measure segment 0, 300 presented frames, 35.7 FPS): presenting command buffer 31.108 ms avg / 31.050 p50 / 32.244 p95 / 32.928 p99 / 33.430 max
  present pacing: 29.538 ms p95 / 30.921 ms p99, 28.7 FPS 1% low / 27.0 FPS 0.1% low
  per-stage counters: disabled (set METALLUM_GPU_TIMING_DETAIL=1 to enable intrusive detail)
  nextDrawable wait (CPU): 0.070 ms/frame avg, 7.784 ms max interval (300 waits)
  in-flight semaphore wait (CPU): 15.484 ms/frame avg, 18.217 ms max interval (6000 waits)
  command completion wait (CPU): n/a
[19:49:13] [Render thread/INFO] (metallum) L6 local shadows: active=true, descriptors=2048/snapshot=2048, READY=87, STALE=0, APPROXIMATE=1961, BUILDING=0, FAIL_CLOSED=0, cachedEdges=8:1/16:1/32:1/64:84, cacheCovered=2048, coverageLimited=0, residents=87, pendingBuilds=0, pendingUploads=0 (0 bytes), capacityBlocked=1961, capacityWaitSkips=3903, retryBackoff=0, uploads=0 (0 bytes), proxies=16/16, maxSteps=96, dynamic=0/0/0 candidates/selected/dropped, held=false, dispatches=0, rays=0, ready=0, fallback=0, coverageMiss=0, transitions=0->0, failures=0, pages=0 bytes
[19:49:13] [Render thread/INFO] (metallum) METALLUM_L6_DYNAMIC candidates=0 selected=0 dropped=0 held=false dispatches=0 rays=0 ready=0 fallback=0 coverage_miss=0 static_to_dynamic=0 dynamic_to_static=0 failures=0 pages_bytes=0
2026-08-26 19:49:18.578 java[72761:7996523] [metallum] GPU timing (measure segment 0, 300 presented frames, 35.8 FPS): presenting command buffer 31.090 ms avg / 31.070 p50 / 32.122 p95 / 32.701 p99 / 33.198 max
  present pacing: 29.458 ms p95 / 31.831 ms p99, 27.8 FPS 1% low / 26.4 FPS 0.1% low
  per-stage counters: disabled (set METALLUM_GPU_TIMING_DETAIL=1 to enable intrusive detail)
  nextDrawable wait (CPU): 0.136 ms/frame avg, 7.566 ms max interval (300 waits)
  in-flight semaphore wait (CPU): 15.562 ms/frame avg, 18.167 ms max interval (6000 waits)
  command completion wait (CPU): n/a
[19:49:21] [Render thread/INFO] (metallum) L6 local shadows: active=true, descriptors=2048/snapshot=2048, READY=87, STALE=0, APPROXIMATE=1961, BUILDING=0, FAIL_CLOSED=0, cachedEdges=8:1/16:1/32:1/64:84, cacheCovered=2048, coverageLimited=0, residents=87, pendingBuilds=0, pendingUploads=0 (0 bytes), capacityBlocked=1961, capacityWaitSkips=4203, retryBackoff=0, uploads=0 (0 bytes), proxies=16/16, maxSteps=96, dynamic=0/0/0 candidates/selected/dropped, held=false, dispatches=0, rays=0, ready=0, fallback=0, coverageMiss=0, transitions=0->0, failures=0, pages=0 bytes
[19:49:21] [Render thread/INFO] (metallum) METALLUM_L6_DYNAMIC candidates=0 selected=0 dropped=0 held=false dispatches=0 rays=0 ready=0 fallback=0 coverage_miss=0 static_to_dynamic=0 dynamic_to_static=0 failures=0 pages_bytes=0
2026-08-26 19:49:26.969 java[72761:7996544] [metallum] GPU timing (measure segment 0, 300 presented frames, 35.7 FPS): presenting command buffer 31.113 ms avg / 31.075 p50 / 32.058 p95 / 32.611 p99 / 32.865 max
  present pacing: 29.425 ms p95 / 30.063 ms p99, 31.1 FPS 1% low / 29.2 FPS 0.1% low
  per-stage counters: disabled (set METALLUM_GPU_TIMING_DETAIL=1 to enable intrusive detail)
  nextDrawable wait (CPU): 0.066 ms/frame avg, 7.277 ms max interval (300 waits)
  in-flight semaphore wait (CPU): 15.755 ms/frame avg, 17.969 ms max interval (6000 waits)
  command completion wait (CPU): n/a
[19:49:30] [Render thread/INFO] (metallum) L6 local shadows: active=true, descriptors=2048/snapshot=2048, READY=87, STALE=0, APPROXIMATE=1961, BUILDING=0, FAIL_CLOSED=0, cachedEdges=8:1/16:1/32:1/64:84, cacheCovered=2048, coverageLimited=0, residents=87, pendingBuilds=0, pendingUploads=0 (0 bytes), capacityBlocked=1961, capacityWaitSkips=4503, retryBackoff=0, uploads=0 (0 bytes), proxies=16/16, maxSteps=96, dynamic=0/0/0 candidates/selected/dropped, held=false, dispatches=0, rays=0, ready=0, fallback=0, coverageMiss=0, transitions=0->0, failures=0, pages=0 bytes
[19:49:30] [Render thread/INFO] (metallum) METALLUM_L6_DYNAMIC candidates=0 selected=0 dropped=0 held=false dispatches=0 rays=0 ready=0 fallback=0 coverage_miss=0 static_to_dynamic=0 dynamic_to_static=0 failures=0 pages_bytes=0
2026-08-26 19:49:35.366 java[72761:7997753] [metallum] GPU timing (measure segment 0, 300 presented frames, 35.7 FPS): presenting command buffer 31.118 ms avg / 31.106 p50 / 32.241 p95 / 32.877 p99 / 33.192 max
  present pacing: 29.591 ms p95 / 31.855 ms p99, 29.1 FPS 1% low / 26.3 FPS 0.1% low
  per-stage counters: disabled (set METALLUM_GPU_TIMING_DETAIL=1 to enable intrusive detail)
  nextDrawable wait (CPU): 0.160 ms/frame avg, 9.982 ms max interval (300 waits)
  in-flight semaphore wait (CPU): 15.731 ms/frame avg, 17.895 ms max interval (6000 waits)
  command completion wait (CPU): n/a
[19:49:38] [Render thread/INFO] (metallum) L6 local shadows: active=true, descriptors=2048/snapshot=2048, READY=87, STALE=0, APPROXIMATE=1961, BUILDING=0, FAIL_CLOSED=0, cachedEdges=8:1/16:1/32:1/64:84, cacheCovered=2048, coverageLimited=0, residents=87, pendingBuilds=0, pendingUploads=0 (0 bytes), capacityBlocked=1961, capacityWaitSkips=4803, retryBackoff=0, uploads=0 (0 bytes), proxies=16/16, maxSteps=96, dynamic=0/0/0 candidates/selected/dropped, held=false, dispatches=0, rays=0, ready=0, fallback=0, coverageMiss=0, transitions=0->0, failures=0, pages=0 bytes
[19:49:38] [Render thread/INFO] (metallum) METALLUM_L6_DYNAMIC candidates=0 selected=0 dropped=0 held=false dispatches=0 rays=0 ready=0 fallback=0 coverage_miss=0 static_to_dynamic=0 dynamic_to_static=0 failures=0 pages_bytes=0
2026-08-26 19:49:43.746 java[72761:7996544] [metallum] GPU timing (measure segment 0, 300 presented frames, 35.8 FPS): presenting command buffer 31.087 ms avg / 31.086 p50 / 32.140 p95 / 32.573 p99 / 33.001 max
  present pacing: 30.122 ms p95 / 34.866 ms p99, 27.3 FPS 1% low / 27.2 FPS 0.1% low
  per-stage counters: disabled (set METALLUM_GPU_TIMING_DETAIL=1 to enable intrusive detail)
  nextDrawable wait (CPU): 0.271 ms/frame avg, 9.035 ms max interval (300 waits)
  in-flight semaphore wait (CPU): 15.628 ms/frame avg, 18.391 ms max interval (6000 waits)
  command completion wait (CPU): n/a
[19:49:46] [Render thread/INFO] (metallum) L6 local shadows: active=true, descriptors=2048/snapshot=2048, READY=87, STALE=0, APPROXIMATE=1961, BUILDING=0, FAIL_CLOSED=0, cachedEdges=8:1/16:1/32:1/64:84, cacheCovered=2048, coverageLimited=0, residents=87, pendingBuilds=0, pendingUploads=0 (0 bytes), capacityBlocked=1961, capacityWaitSkips=5103, retryBackoff=0, uploads=0 (0 bytes), proxies=16/16, maxSteps=96, dynamic=0/0/0 candidates/selected/dropped, held=false, dispatches=0, rays=0, ready=0, fallback=0, coverageMiss=0, transitions=0->0, failures=0, pages=0 bytes
[19:49:46] [Render thread/INFO] (metallum) METALLUM_L6_DYNAMIC candidates=0 selected=0 dropped=0 held=false dispatches=0 rays=0 ready=0 fallback=0 coverage_miss=0 static_to_dynamic=0 dynamic_to_static=0 failures=0 pages_bytes=0
[19:49:52] [Render thread/INFO] (metallum) METALLUM_BENCHMARK EVENT=MEASURE_END index=1 mode=OFF presented_frame=4800
[19:49:52] [Server thread/INFO] (metallum) METALLUM_BENCHMARK_DEBUG at=start level_exists=true player_exists=true server_dim=minecraft:the_nether server_paused=false ticks=3162 stageFrames=928 server_frozen=true client_ready=true
[19:49:52] [Render thread/INFO] (metallum) METALLUM_BENCHMARK EVENT=ROUTE_CHECK event=MEASURE_END route=gi-g0-nether-v1 status=ready
[19:49:52] [Render thread/INFO] (metallum) METALLUM_BENCHMARK EVENT=COMPLETE segments=1 measured_frames=3000 framebuffer=3024x1964
[19:49:52] [Server thread/INFO] (metallum) METALLUM_BENCHMARK EVENT=SURVIVAL_GUARD_RESTORED player=b07a402a-d8ea-354f-9398-aaf208a798b9 health=20.0
[19:49:52] [Render thread/INFO] (Minecraft) Stopping!
2026-08-26 19:49:52.139 java[72761:7997753] [metallum] GPU timing (measure segment 0, 300 presented frames, 35.8 FPS): presenting command buffer 31.081 ms avg / 31.061 p50 / 32.216 p95 / 32.701 p99 / 33.283 max
  present pacing: 29.713 ms p95 / 32.210 ms p99, 29.3 FPS 1% low / 27.3 FPS 0.1% low
  per-stage counters: disabled (set METALLUM_GPU_TIMING_DETAIL=1 to enable intrusive detail)
  nextDrawable wait (CPU): 0.158 ms/frame avg, 8.675 ms max interval (300 waits)
  in-flight semaphore wait (CPU): 15.837 ms/frame avg, 18.670 ms max interval (6000 waits)
  command completion wait (CPU): n/a
[19:49:52] [Server thread/INFO] (Minecraft) Stopping server
[19:49:52] [Server thread/INFO] (Minecraft) Saving players
[19:49:52] [Server thread/INFO] (Minecraft) MetallumBench lost connection: Disconnected
[19:49:52] [Server thread/INFO] (Minecraft) MetallumBench left the game
[19:49:52] [Server thread/INFO] (Minecraft) Stopping singleplayer server as player logged out
[19:49:52] [Server thread/INFO] (Minecraft) Saving worlds
[19:49:52] [Server thread/INFO] (Minecraft) Saving chunks for level 'ServerLevel[world]'/minecraft:overworld
[19:49:52] [Server thread/INFO] (Minecraft) Saving chunks for level 'ServerLevel[world]'/minecraft:the_end
[19:49:52] [Server thread/INFO] (Minecraft) Saving chunks for level 'ServerLevel[world]'/minecraft:the_nether
[19:49:52] [Server thread/INFO] (Minecraft) ThreadedAnvilChunkStorage (world): All chunks are saved
[19:49:52] [Server thread/INFO] (Minecraft) ThreadedAnvilChunkStorage (DIM1): All chunks are saved
[19:49:52] [Server thread/INFO] (Minecraft) ThreadedAnvilChunkStorage (DIM-1): All chunks are saved
[19:49:52] [Server thread/INFO] (Minecraft) ThreadedAnvilChunkStorage: All dimensions are saved
[19:49:52] [Render thread/INFO] (ChunkBuilder) Stopping worker threads

BUILD SUCCESSFUL in 3m 5s
19 actionable tasks: 1 executed, 18 up-to-date
