Picked up JAVA_TOOL_OPTIONS: 
To honour the JVM settings for this build a single-use Daemon process will be forked. For more on this, please refer to https://docs.gradle.org/9.4.1/userguide/gradle_daemon.html#sec:disabling_the_daemon in the Gradle documentation.
Daemon will be stopped at the end of the build 

> Configure project :
Fabric Loom: 1.16.3

> Task :compileJava UP-TO-DATE
> Task :buildMacNative UP-TO-DATE
> Task :compileClearMetal UP-TO-DATE
> Task :compileClusterBuildMetal UP-TO-DATE
> Task :compileDynamicVoxelShadowMetal UP-TO-DATE
> Task :compileEntityMotionMetal UP-TO-DATE
> Task :compileGiFieldMetal UP-TO-DATE
> Task :compileHdrEffectsMetal UP-TO-DATE
> Task :compilePresentMetal UP-TO-DATE
> Task :compileRadianceClipmapMetal UP-TO-DATE
> Task :compileSodiumLightPatchMetal UP-TO-DATE
> Task :compileTemporalDiagnosticsMetal UP-TO-DATE
> Task :compileVoxelOccupancyMetal UP-TO-DATE
> Task :linkMacBuiltinMetallib UP-TO-DATE
> Task :processResources UP-TO-DATE
> Task :classes UP-TO-DATE
> Task :generateLog4jConfig UP-TO-DATE
> Task :generateDLIConfig UP-TO-DATE
> Task :configureLaunch UP-TO-DATE
> Task :downloadAssets UP-TO-DATE
> Task :configureClientLaunch UP-TO-DATE

> Task :runClient
Picked up JAVA_TOOL_OPTIONS: 
[19:50:14] [main/INFO] (FabricLoader/GameProvider) Loading Minecraft 26.2 with Fabric Loader 0.19.3
[19:50:14] [main/INFO] (FabricLoader/Mappings) Mappings not present!
[19:50:14] [main/INFO] (FabricLoader) Loading 15 mods:
	- fabricloader 0.19.3
	- java 25
	- metallum 0.0.21
	- minecraft 26.2
	- mixinextras 0.5.4
	- sodium 0.9.1+mc26.2
	   |-- fabric-api-base 2.0.4+ece063239c
	   |-- fabric-block-getter-api-v2 2.0.7+ec56b6019c
	   |-- fabric-lifecycle-events-v1 4.1.3+4575b05f9c
	   |-- fabric-renderer-api-v1 14.0.1+eec4cc519c
	   |-- fabric-rendering-fluids-v1 6.0.4+06488ac19c
	   |-- fabric-rendering-v1 25.1.6+46a6d00c9c
	   |-- fabric-resource-loader-v0 3.3.20+4fc5413f9c
	   |-- fabric-resource-loader-v1 2.0.13+9edec1269c
	   \-- fabric-transitive-access-wideners-v1 8.1.3+e098252d9c
[19:50:14] [main/INFO] (FabricLoader/Mixin) SpongePowered MIXIN Subsystem Version=0.8.7 Source=file:/Users/sergejgenerozov/.gradle/caches/modules-2/files-2.1/net.fabricmc/sponge-mixin/0.17.3+mixin.0.8.7/41c4a3984a80f4679e759fb9f495587acc5cdac7/sponge-mixin-0.17.3+mixin.0.8.7.jar Service=Knot/Fabric Env=CLIENT
[19:50:14] [main/INFO] (FabricLoader/Mixin) Compatibility level set to JAVA_25
[19:50:14] [main/INFO] (Sodium) Loaded configuration file for Sodium: 36 options available, 0 override(s) found
[19:50:14] [main/INFO] (Sodium-GraphicsAdapterProbe) Searching for graphics cards...
[19:50:14] [main/INFO] (FabricLoader/MixinExtras|Service) Initializing MixinExtras via com.llamalad7.mixinextras.service.MixinExtrasServiceImpl(version=0.5.4).
[19:50:15] [Datafixer Bootstrap #0/INFO] (Minecraft) 295 Datafixer optimizations took 208 milliseconds
[19:50:17] [main/WARN] (MacOperatingSystem) Unable to parse version 27.0 to a codename.
[19:50:19] [Render thread/INFO] (Minecraft) Environment: Environment[sessionHost=https://sessionserver.mojang.com, servicesHost=https://api.minecraftservices.com, profilesHost=https://api.mojang.com, name=PROD]
[19:50:19] [Render thread/INFO] (Minecraft) Setting user: MetallumBench
[19:50:19] [Render thread/INFO] (Minecraft) Backend library: LWJGL version 3.4.1-snapshot
[19:50:20] [Render thread/INFO] (metallum) Metal device: Apple M1 Pro
2026-08-26 19:50:20.909 java[73164:8000839] [metallum] Precompiled Metal library ready in 0.199 ms (34 functions)
2026-08-26 19:50:20.910 java[73164:8000839] [metallum] Built-in Metal pipeline warmup: mode PRECOMPILED, library 0.199 ms, pipelines 0.747 ms, PSOs 5, cache 5 hit / 5 miss, source compiles 0 (0.000 ms), failures 0
[19:50:20] [Render thread/INFO] (metallum) Semantic HDR shaders: enabled (configured mode SCENE, potential EDR headroom 16.0)
[19:50:20] [Render thread/INFO] (metallum) Configured HDR mode: SCENE, FP16 scene path: enabled
[19:50:20] [Render thread/INFO] (metallum) MetalFX spatial scaling support: available
[19:50:20] [Render thread/INFO] (metallum) MetalFX temporal scaling support: available
[19:50:20] [Render thread/INFO] (metallum) Temporal camera-motion diagnostics: disabled
[19:50:20] [Render thread/INFO] (metallum) Renderer generation request: contract=METALLUM, lighting=ADVANCED, preset=BALANCED, frameInterpolation=false (production executor Metal 3)
[19:50:20] [Render thread/INFO] (Minecraft) Using graphics backend Metal, using drivers: macOS 27.0
[19:50:20] [Render thread/INFO] (Minecraft) Using graphics device: Apple M1 Pro (Apple)
[19:50:20] [Render thread/INFO] (Minecraft) Using graphics device extensions: CAMetalLayer, MTLDevice
[19:50:21] [Render thread/INFO] (metallum) MainTarget scene contract: METALLUM_HDR_ACTUAL_RADIANCE, format: RGBA16_FLOAT
[19:50:22] [Render thread/INFO] (Minecraft) Reloading ResourceManager: vanilla, fabric-api-base, fabric-block-getter-api-v2, fabric-lifecycle-events-v1, fabric-renderer-api-v1, fabric-rendering-fluids-v1, fabric-rendering-v1, fabric-resource-loader-v0, fabric-resource-loader-v1, fabric-transitive-access-wideners-v1, fabricloader, metallum, sodium
[19:50:22] [Worker-Main-3/INFO] (Minecraft) Found unifont_pua-17.0.01.hex, loading
[19:50:22] [Worker-Main-6/INFO] (Minecraft) Found unifont_all_no_pua-17.0.01.hex, loading
[19:50:22] [Download-2/INFO] (Minecraft) Could not authorize you against Realms server: java.lang.RuntimeException: Failed to parse into SignedJWT: FabricMC
[19:50:22] [Render thread/INFO] (metallum) Semantic HDR enhancement is active with current EDR headroom 1.2
[19:50:22] [Render thread/INFO] (metallum) Metal output: ENHANCED (current EDR headroom 1.2, potential 16.0)
[19:50:22] [Render thread/WARN] (metallum) Renderer generation request resolved with fallback [MATERIAL_CONTRACT_UNAVAILABLE]: contract=LEGACY, lighting=VANILLA, output=HDR, upscale=NATIVE, interpolation=OFF
[19:50:22] [Render thread/INFO] (metallum) Seeded SDR GUI target is active (RGBA8_UNORM)
[19:50:23] [Worker-Main-6/INFO] (Minecraft) Found unifont_jp_patch-17.0.01.hex, loading
[19:50:32] [Render thread/INFO] (metallum) Linear scene shader preflight active: all required Minecraft 26.2 and Sodium scene shaders passed preflight
[19:50:32] [Render thread/INFO] (metallum) METALLUM material contract active: all Minecraft 26.2 and Sodium material roles passed source and PSO preflight
[19:50:32] [Render thread/INFO] (metallum) Advanced shader generation active: Minecraft 26.2 and Sodium 0.9.1 Advanced terrain/entity/end-portal sources passed preflight
[19:50:32] [Render thread/INFO] (Minecraft) OpenAL initialized on device Динамики MacBook Pro
[19:50:32] [Render thread/INFO] (Minecraft) Sound engine started
[19:50:32] [Render thread/INFO] (Minecraft) Created: 512x256x0 minecraft:textures/atlas/particles.png-atlas
[19:50:32] [Render thread/INFO] (Minecraft) Created: 128x128x0 minecraft:textures/atlas/decorated_pot.png-atlas
[19:50:32] [Render thread/INFO] (Minecraft) Created: 2048x1024x0 minecraft:textures/atlas/armor_trims.png-atlas
[19:50:32] [Render thread/INFO] (Minecraft) Created: 512x256x0 minecraft:textures/atlas/paintings.png-atlas
[19:50:32] [Render thread/INFO] (Minecraft) Created: 1024x512x0 minecraft:textures/atlas/shield_patterns.png-atlas
[19:50:32] [Render thread/INFO] (Minecraft) Created: 4096x2048x4 minecraft:textures/atlas/blocks.png-atlas
[19:50:32] [Render thread/INFO] (metallum) Loaded 1269 partial emissive terrain texture overlays
[19:50:32] [Render thread/INFO] (Minecraft) Created: 512x512x0 minecraft:textures/atlas/chest.png-atlas
[19:50:32] [Render thread/INFO] (Minecraft) Created: 256x128x0 minecraft:textures/atlas/celestials.png-atlas
[19:50:32] [Render thread/INFO] (Minecraft) Created: 1024x512x0 minecraft:textures/atlas/banner_patterns.png-atlas
[19:50:32] [Render thread/INFO] (Minecraft) Created: 1024x512x0 minecraft:textures/atlas/items.png-atlas
[19:50:32] [Render thread/INFO] (Minecraft) Created: 1024x1024x0 minecraft:textures/atlas/gui.png-atlas
[19:50:32] [Render thread/INFO] (Minecraft) Created: 128x64x0 minecraft:textures/atlas/map_decorations.png-atlas
[19:50:32] [Render thread/INFO] (Minecraft) Created: 512x512x0 minecraft:textures/atlas/shulker_boxes.png-atlas
[19:50:32] [Render thread/INFO] (metallum) Built face-aware water-reflection appearance for 30989 block states (0 fallbacks)
[19:50:32] [Render thread/INFO] (metallum) Renderer generation admitted: contract=METALLUM, lighting=ADVANCED, output=HDR, upscale=NATIVE, interpolation=OFF
[19:50:34] [Render thread/INFO] (Minecraft) Loaded 1585 recipes
[19:50:34] [Render thread/INFO] (Minecraft) Loaded 1688 advancements
[19:50:34] [Server thread/INFO] (Minecraft) Starting integrated minecraft server version 26.2
[19:50:34] [Server thread/INFO] (Minecraft) Generating keypair
[19:50:34] [Server thread/INFO] (Minecraft) Loading 0 persistent chunks...
[19:50:34] [Server thread/INFO] (Minecraft) Preparing spawn area: 16%
[19:50:34] [Server thread/INFO] (Minecraft) Saving chunks for level 'ServerLevel[world]'/minecraft:overworld
[19:50:34] [Server thread/INFO] (Minecraft) Saving chunks for level 'ServerLevel[world]'/minecraft:the_end
[19:50:34] [Server thread/INFO] (Minecraft) Saving chunks for level 'ServerLevel[world]'/minecraft:the_nether
[19:50:34] [Server thread/INFO] (Minecraft) ThreadedAnvilChunkStorage (world): All chunks are saved
[19:50:34] [Server thread/INFO] (Minecraft) ThreadedAnvilChunkStorage (DIM1): All chunks are saved
[19:50:34] [Server thread/INFO] (Minecraft) ThreadedAnvilChunkStorage (DIM-1): All chunks are saved
[19:50:34] [Server thread/INFO] (Minecraft) ThreadedAnvilChunkStorage: All dimensions are saved
[19:50:35] [Server thread/INFO] (Minecraft) Loading 49 chunks for player spawn...
[19:50:35] [Server thread/INFO] (Minecraft) Preparing spawn area: 16%
[19:50:35] [Server thread/INFO] (Minecraft) Preparing spawn area: 16%
[19:50:35] [Server thread/INFO] (Minecraft) Time elapsed: 1360 ms
[19:50:36] [Server thread/INFO] (Minecraft) MetallumBench[local:E:94f1dbdb] logged in with entity id 101 at (86.1241372798128, 74.0, -95.57730763953901)
[19:50:36] [Server thread/INFO] (Minecraft) MetallumBench joined the game
[19:50:36] [Server thread/INFO] (Minecraft) Changing view distance to 16, from 10
[19:50:36] [Server thread/INFO] (Minecraft) Changing simulation distance to 12, from 0
[19:50:36] [Render thread/INFO] (ChunkBuilder) Started 4 worker threads
[19:50:36] [Render thread/INFO] (metallum) METALLUM_BENCHMARK EVENT=ARMED scope=Built-in Retina Display target=3024x1964 warmup=1800 measure=3000 sequence=[OFF] route=gi-g0-nether-v1
[19:50:36] [Render thread/INFO] (Minecraft) Loaded 2 advancements
[19:50:36] [Render thread/INFO] (metallum) METALLUM_BENCHMARK EVENT=MONITOR handle=512742605952 name=Built-in Retina Display modes=[1920x1200@48, 1920x1200@50, 1920x1200@60, 1920x1200@120, 2048x1280@48, 2048x1280@50, 2048x1280@60, 2048x1280@120, 2048x1330@48, 2048x1330@50, 2048x1330@60, 2048x1330@120, 2294x1432@48, 2294x1432@50, 2294x1432@60, 2294x1432@120, 2294x1490@48, 2294x1490@50, 2294x1490@60, 2294x1490@120, 2560x1600@48, 2560x1600@50, 2560x1600@60, 2560x1600@120, 2704x1690@48, 2704x1690@50, 2704x1690@60, 2704x1690@120, 2704x1756@48, 2704x1756@50, 2704x1756@60, 2704x1756@120, 3024x1890@48, 3024x1890@50, 3024x1890@60, 3024x1890@120, 3024x1964@48, 3024x1964@50, 3024x1964@60, 3024x1964@120]
[19:50:36] [Server thread/INFO] (metallum) METALLUM_BENCHMARK EVENT=SURVIVAL_GUARD_APPLIED player=b07a402a-d8ea-354f-9398-aaf208a798b9 original_health=20.0
[19:50:36] [Render thread/INFO] (ChunkBuilder) Stopping worker threads
[19:50:36] [Render thread/INFO] (ChunkBuilder) Started 4 worker threads
[19:50:36] [Render thread/INFO] (Minecraft) Resizing Dynamic Transforms UBO, capacity limit of 2 reached during a single frame. New capacity will be 4.
[19:50:36] [Render thread/INFO] (metallum) METALLUM_BENCHMARK EVENT=MOVE_WINDOW monitor=3024x1964@120 (24bit) workarea=0,33 1512x949
[19:50:36] [Render thread/INFO] (Minecraft) Resizing Dynamic Transforms UBO, capacity limit of 4 reached during a single frame. New capacity will be 8.
[19:50:36] [Render thread/INFO] (Minecraft) Resizing Dynamic Transforms UBO, capacity limit of 8 reached during a single frame. New capacity will be 16.
[19:50:37] [Chunk Render Task Executor #0/INFO] (metallum) Sodium semantic HDR emission tagging is active (strength 15, exact true)
[19:50:37] [Download-2/ERROR] (Minecraft) Failed to retrieve profile key pair

MinecraftClientHttpException[type=HTTP_ERROR, status=401, response=ErrorResponse[path=/player/certificates, error=null, errorMessage=null, details=null]]
	at knot//com.mojang.authlib.minecraft.client.MinecraftClient.buildHttpException(MinecraftClient.java:170)
	at knot//com.mojang.authlib.minecraft.client.MinecraftClient.readServiceResponse(MinecraftClient.java:147)
	at knot//com.mojang.authlib.minecraft.client.MinecraftClient.post(MinecraftClient.java:89)
	at knot//com.mojang.authlib.yggdrasil.YggdrasilUserApiService.getKeyPair(YggdrasilUserApiService.java:62)
	at knot//net.minecraft.client.multiplayer.AccountProfileKeyPairManager.fetchProfileKeyPair(AccountProfileKeyPairManager.java:128)
	at knot//net.minecraft.client.multiplayer.AccountProfileKeyPairManager.lambda$readOrFetchProfileKeyPair$0(AccountProfileKeyPairManager.java:77)
	at java.base/java.util.concurrent.CompletableFuture$AsyncSupply.run(CompletableFuture.java:1789)
	at java.base/java.util.concurrent.ThreadPoolExecutor.runWorker(ThreadPoolExecutor.java:1090)
	at java.base/java.util.concurrent.ThreadPoolExecutor$Worker.run(ThreadPoolExecutor.java:614)
	at java.base/java.lang.Thread.run(Thread.java:1474)
[19:50:38] [Render thread/INFO] (metallum) METALLUM_BENCHMARK EVENT=WINDOW_READY monitor=Built-in Retina Display video_mode=3024x1964@120 (24bit) framebuffer=3024x1964 window=3024x1964 screen=3024x1964
[19:50:38] [Server thread/INFO] (metallum) METALLUM_BENCHMARK_DEBUG at=start level_exists=true player_exists=true server_dim=minecraft:overworld server_paused=false ticks=51 stageFrames=1 server_frozen=false client_ready=false
[19:50:39] [Render thread/INFO] (metallum) Native-resolution HDR fast path is active: fused HDR reconstruction and SDR UI seed, lightweight final composite
[19:50:39] [Server thread/INFO] (metallum) METALLUM_BENCHMARK_DEBUG before_teleport player_dim=minecraft:overworld
[19:50:39] [Server thread/INFO] (Minecraft) MetallumBench has made the advancement [We Need to Go Deeper]
[19:50:39] [Server thread/INFO] (metallum) METALLUM_BENCHMARK_DEBUG after_teleport player_dim=minecraft:the_nether teleported=true
[19:50:39] [Render thread/INFO] (ChunkBuilder) Stopping worker threads
[19:50:39] [Render thread/INFO] (ChunkBuilder) Started 4 worker threads
[19:50:39] [Render thread/INFO] (metallum) METALLUM_BENCHMARK EVENT=ROUTE_APPLY route=gi-g0-nether-v1 fixture=hdrtest-static-v1 player=MetallumBench/b07a402a-d8ea-354f-9398-aaf208a798b9 dimension=minecraft:the_nether
[19:50:39] [Render thread/INFO] (Minecraft) [System] [CHAT] MetallumBench has made the advancement [We Need to Go Deeper]
[19:50:39] [Render thread/INFO] (ChunkBuilder) Stopping worker threads
[19:50:39] [Render thread/INFO] (ChunkBuilder) Started 4 worker threads
[19:50:39] [Render thread/INFO] (metallum) METALLUM_BENCHMARK_DEBUG waiting_for_route mismatch client=client simulation ticks are not frozen server=server simulation ticks are not frozen stable_frames=0 target_stable_frames=120
[19:50:39] [Render thread/INFO] (metallum) L6 local shadows: active=true, descriptors=0/snapshot=0, READY=0, STALE=0, APPROXIMATE=0, BUILDING=0, FAIL_CLOSED=0, cachedEdges=8:0/16:0/32:0/64:0, cacheCovered=0, coverageLimited=0, residents=0, pendingBuilds=0, pendingUploads=0 (0 bytes), capacityBlocked=0, capacityWaitSkips=0, retryBackoff=0, uploads=0 (0 bytes), proxies=0/16, maxSteps=96, dynamic=0/0/0 candidates/selected/dropped, held=false, dispatches=0, rays=0, ready=0, fallback=0, coverageMiss=0, transitions=0->0, failures=0, pages=0 bytes
[19:50:39] [Render thread/INFO] (metallum) METALLUM_L6_DYNAMIC candidates=0 selected=0 dropped=0 held=false dispatches=0 rays=0 ready=0 fallback=0 coverage_miss=0 static_to_dynamic=0 dynamic_to_static=0 failures=0 pages_bytes=0
2026-08-26 19:50:39.960 java[73164:8001160] [metallum] GPU timing (startup segment -1, 300 presented frames, 17.7 FPS): presenting command buffer 3.128 ms avg / 2.487 p50 / 6.030 p95 / 17.192 p99 / 43.515 max
  present pacing: 27.731 ms p95 / 692.406 ms p99, 0.3 FPS 1% low / 0.1 FPS 0.1% low
  per-stage counters: disabled (set METALLUM_GPU_TIMING_DETAIL=1 to enable intrusive detail)
  nextDrawable wait (CPU): 0.584 ms/frame avg, 8.179 ms max interval (300 waits)
  in-flight semaphore wait (CPU): 0.037 ms/frame avg, 2.681 ms max interval (3161 waits)
  command completion wait (CPU): n/a
[19:50:40] [Render thread/INFO] (metallum) METALLUM_BENCHMARK_DEBUG waiting_for_route mismatch client=client simulation ticks are not frozen server=server simulation ticks are not frozen stable_frames=0 target_stable_frames=120
[19:50:40] [Server thread/INFO] (metallum) METALLUM_BENCHMARK_DEBUG at=start level_exists=true player_exists=true server_dim=minecraft:the_nether server_paused=false ticks=52 stageFrames=277 server_frozen=false client_ready=true
[19:50:40] [Render thread/INFO] (Minecraft) Loaded 29 advancements
[19:50:40] [Render thread/INFO] (metallum) METALLUM_BENCHMARK EVENT=SERVER_TICKS_FROZEN
[19:50:40] [Server thread/INFO] (metallum) METALLUM_BENCHMARK_DEBUG at=start level_exists=true player_exists=true server_dim=minecraft:the_nether server_paused=false ticks=52 stageFrames=278 server_frozen=true client_ready=true
[19:50:40] [Render thread/INFO] (Minecraft) Loaded 29 advancements
[19:50:41] [Render thread/INFO] (metallum) METALLUM_BENCHMARK_DEBUG waiting_for_route mismatch client=null server=server route chunk is not fully ticking stable_frames=0 target_stable_frames=120
[19:50:42] [Server thread/INFO] (metallum) METALLUM_BENCHMARK_DEBUG at=start level_exists=true player_exists=true server_dim=minecraft:the_nether server_paused=false ticks=122 stageFrames=309 server_frozen=true client_ready=true
[19:50:42] [Server thread/INFO] (metallum) METALLUM_BENCHMARK_DEBUG at=start level_exists=true player_exists=true server_dim=minecraft:the_nether server_paused=false ticks=135 stageFrames=340 server_frozen=true client_ready=true
[19:50:43] [Server thread/INFO] (metallum) METALLUM_BENCHMARK_DEBUG at=start level_exists=true player_exists=true server_dim=minecraft:the_nether server_paused=false ticks=149 stageFrames=371 server_frozen=true client_ready=true
[19:50:44] [Render thread/INFO] (metallum) METALLUM_BENCHMARK_DEBUG waiting_for_route mismatch client=null server=null stable_frames=12 target_stable_frames=120
[19:50:44] [Server thread/INFO] (metallum) METALLUM_BENCHMARK_DEBUG at=start level_exists=true player_exists=true server_dim=minecraft:the_nether server_paused=false ticks=165 stageFrames=402 server_frozen=true client_ready=true
[19:50:45] [Server thread/INFO] (metallum) METALLUM_BENCHMARK_DEBUG at=start level_exists=true player_exists=true server_dim=minecraft:the_nether server_paused=false ticks=183 stageFrames=433 server_frozen=true client_ready=true
[19:50:45] [Render thread/INFO] (metallum) L6 local shadows: active=true, descriptors=2048/snapshot=2048, READY=87, STALE=0, APPROXIMATE=1961, BUILDING=0, FAIL_CLOSED=0, cachedEdges=8:1/16:1/32:1/64:84, cacheCovered=2048, coverageLimited=0, residents=87, pendingBuilds=0, pendingUploads=0 (0 bytes), capacityBlocked=1961, capacityWaitSkips=4, retryBackoff=0, uploads=0 (0 bytes), proxies=16/16, maxSteps=96, dynamic=0/0/0 candidates/selected/dropped, held=false, dispatches=0, rays=0, ready=0, fallback=0, coverageMiss=0, transitions=0->0, failures=0, pages=0 bytes
[19:50:45] [Render thread/INFO] (metallum) METALLUM_L6_DYNAMIC candidates=0 selected=0 dropped=0 held=false dispatches=0 rays=0 ready=0 fallback=0 coverage_miss=0 static_to_dynamic=0 dynamic_to_static=0 failures=0 pages_bytes=0
2026-08-26 19:50:45.765 java[73164:8001158] [metallum] GPU timing (startup segment -1, 300 presented frames, 52.1 FPS): presenting command buffer 17.706 ms avg / 18.801 p50 / 40.948 p95 / 42.968 p99 / 44.256 max
  present pacing: 34.576 ms p95 / 141.469 ms p99, 5.9 FPS 1% low / 4.7 FPS 0.1% low
  per-stage counters: disabled (set METALLUM_GPU_TIMING_DETAIL=1 to enable intrusive detail)
  nextDrawable wait (CPU): 0.622 ms/frame avg, 10.684 ms max interval (300 waits)
  in-flight semaphore wait (CPU): 4.795 ms/frame avg, 16.661 ms max interval (5168 waits)
  command completion wait (CPU): n/a
[19:50:45] [Server thread/INFO] (metallum) METALLUM_BENCHMARK_DEBUG at=start level_exists=true player_exists=true server_dim=minecraft:the_nether server_paused=false ticks=200 stageFrames=464 server_frozen=true client_ready=true
[19:50:46] [Server thread/INFO] (metallum) METALLUM_BENCHMARK_DEBUG at=start level_exists=true player_exists=true server_dim=minecraft:the_nether server_paused=false ticks=217 stageFrames=495 server_frozen=true client_ready=true
[19:50:46] [Render thread/INFO] (metallum) METALLUM_BENCHMARK_DEBUG waiting_for_route mismatch client=client terrain is not fully rendered server=null stable_frames=6 target_stable_frames=120
[19:50:47] [Server thread/INFO] (metallum) METALLUM_BENCHMARK_DEBUG at=start level_exists=true player_exists=true server_dim=minecraft:the_nether server_paused=false ticks=235 stageFrames=526 server_frozen=true client_ready=true
[19:50:48] [Server thread/INFO] (metallum) METALLUM_BENCHMARK_DEBUG at=start level_exists=true player_exists=true server_dim=minecraft:the_nether server_paused=false ticks=252 stageFrames=557 server_frozen=true client_ready=true
[19:50:49] [Server thread/INFO] (metallum) METALLUM_BENCHMARK_DEBUG at=start level_exists=true player_exists=true server_dim=minecraft:the_nether server_paused=false ticks=270 stageFrames=588 server_frozen=true client_ready=true
[19:50:49] [Render thread/INFO] (metallum) METALLUM_BENCHMARK_DEBUG waiting_for_route mismatch client=null server=null stable_frames=10 target_stable_frames=120
[19:50:50] [Server thread/INFO] (metallum) METALLUM_BENCHMARK_DEBUG at=start level_exists=true player_exists=true server_dim=minecraft:the_nether server_paused=false ticks=287 stageFrames=619 server_frozen=true client_ready=true
[19:50:51] [Server thread/INFO] (metallum) METALLUM_BENCHMARK_DEBUG at=start level_exists=true player_exists=true server_dim=minecraft:the_nether server_paused=false ticks=304 stageFrames=650 server_frozen=true client_ready=true
[19:50:52] [Server thread/INFO] (metallum) METALLUM_BENCHMARK_DEBUG at=start level_exists=true player_exists=true server_dim=minecraft:the_nether server_paused=false ticks=322 stageFrames=681 server_frozen=true client_ready=true
[19:50:52] [Render thread/INFO] (metallum) METALLUM_BENCHMARK_DEBUG waiting_for_route mismatch client=null server=null stable_frames=12 target_stable_frames=120
[19:50:52] [Server thread/INFO] (metallum) METALLUM_BENCHMARK_DEBUG at=start level_exists=true player_exists=true server_dim=minecraft:the_nether server_paused=false ticks=339 stageFrames=712 server_frozen=true client_ready=true
[19:50:53] [Server thread/INFO] (metallum) METALLUM_BENCHMARK_DEBUG at=start level_exists=true player_exists=true server_dim=minecraft:the_nether server_paused=false ticks=357 stageFrames=743 server_frozen=true client_ready=true
[19:50:53] [Render thread/INFO] (metallum) L6 local shadows: active=true, descriptors=2048/snapshot=2048, READY=87, STALE=0, APPROXIMATE=1961, BUILDING=0, FAIL_CLOSED=0, cachedEdges=8:1/16:1/32:1/64:84, cacheCovered=2048, coverageLimited=0, residents=87, pendingBuilds=0, pendingUploads=0 (0 bytes), capacityBlocked=1961, capacityWaitSkips=286, retryBackoff=0, uploads=0 (0 bytes), proxies=16/16, maxSteps=96, dynamic=0/0/0 candidates/selected/dropped, held=false, dispatches=0, rays=0, ready=0, fallback=0, coverageMiss=0, transitions=0->0, failures=0, pages=0 bytes
[19:50:53] [Render thread/INFO] (metallum) METALLUM_L6_DYNAMIC candidates=0 selected=0 dropped=0 held=false dispatches=0 rays=0 ready=0 fallback=0 coverage_miss=0 static_to_dynamic=0 dynamic_to_static=0 failures=0 pages_bytes=0
2026-08-26 19:50:54.186 java[73164:8001160] [metallum] GPU timing (startup segment -1, 300 presented frames, 35.6 FPS): presenting command buffer 31.056 ms avg / 30.819 p50 / 32.726 p95 / 42.248 p99 / 43.087 max
  present pacing: 33.846 ms p95 / 37.459 ms p99, 25.1 FPS 1% low / 24.9 FPS 0.1% low
  per-stage counters: disabled (set METALLUM_GPU_TIMING_DETAIL=1 to enable intrusive detail)
  nextDrawable wait (CPU): 0.075 ms/frame avg, 7.740 ms max interval (300 waits)
  in-flight semaphore wait (CPU): 14.404 ms/frame avg, 19.875 ms max interval (7108 waits)
  command completion wait (CPU): n/a
[19:50:54] [Server thread/INFO] (metallum) METALLUM_BENCHMARK_DEBUG at=start level_exists=true player_exists=true server_dim=minecraft:the_nether server_paused=false ticks=374 stageFrames=774 server_frozen=true client_ready=true
[19:50:55] [Render thread/INFO] (metallum) METALLUM_BENCHMARK_DEBUG waiting_for_route mismatch client=null server=null stable_frames=2 target_stable_frames=120
[19:50:55] [Server thread/INFO] (metallum) METALLUM_BENCHMARK_DEBUG at=start level_exists=true player_exists=true server_dim=minecraft:the_nether server_paused=false ticks=391 stageFrames=805 server_frozen=true client_ready=true
[19:50:56] [Server thread/INFO] (metallum) METALLUM_BENCHMARK_DEBUG at=start level_exists=true player_exists=true server_dim=minecraft:the_nether server_paused=false ticks=409 stageFrames=836 server_frozen=true client_ready=true
[19:50:57] [Server thread/INFO] (metallum) METALLUM_BENCHMARK_DEBUG at=start level_exists=true player_exists=true server_dim=minecraft:the_nether server_paused=false ticks=426 stageFrames=867 server_frozen=true client_ready=true
[19:50:58] [Server thread/INFO] (metallum) METALLUM_BENCHMARK_DEBUG at=start level_exists=true player_exists=true server_dim=minecraft:the_nether server_paused=false ticks=443 stageFrames=898 server_frozen=true client_ready=true
[19:50:58] [Render thread/INFO] (metallum) METALLUM_BENCHMARK_DEBUG waiting_for_route mismatch client=null server=null stable_frames=34 target_stable_frames=120
[19:50:59] [Server thread/INFO] (metallum) METALLUM_BENCHMARK_DEBUG at=start level_exists=true player_exists=true server_dim=minecraft:the_nether server_paused=false ticks=461 stageFrames=929 server_frozen=true client_ready=true
[19:50:59] [Server thread/INFO] (metallum) METALLUM_BENCHMARK_DEBUG at=start level_exists=true player_exists=true server_dim=minecraft:the_nether server_paused=false ticks=478 stageFrames=960 server_frozen=true client_ready=true
[19:51:00] [Render thread/INFO] (metallum) METALLUM_BENCHMARK EVENT=ADVANCED_ADMISSION expected=advanced schema=5 defaults_used=false requested=advanced resolved=advanced l3=true l5=true l6=true status=PASS generation=6 shader_epoch=5 reason=none
[19:51:00] [Render thread/INFO] (metallum) METALLUM_BENCHMARK EVENT=ROUTE_READY route=gi-g0-nether-v1 stable_frames=120 pose=[0.0,32.0,0.0;0.0,15.0] max_fps=260 resolved_gui_scale=8 resource_packs=vanilla,fabric-api-base,fabric-block-getter-api-v2,fabric-lifecycle-events-v1,fabric-renderer-api-v1,fabric-rendering-fluids-v1,fabric-rendering-v1,fabric-resource-loader-v0,fabric-resource-loader-v1,fabric-transitive-access-wideners-v1,fabricloader,metallum,sodium
[19:51:00] [Render thread/INFO] (metallum) METALLUM_BENCHMARK EVENT=SEGMENT_START index=1 total=1 mode=OFF warmup=1800 measure=3000
[19:51:02] [Render thread/INFO] (metallum) L6 local shadows: active=true, descriptors=2048/snapshot=2048, READY=87, STALE=0, APPROXIMATE=1961, BUILDING=0, FAIL_CLOSED=0, cachedEdges=8:1/16:1/32:1/64:84, cacheCovered=2048, coverageLimited=0, residents=87, pendingBuilds=0, pendingUploads=0 (0 bytes), capacityBlocked=1961, capacityWaitSkips=586, retryBackoff=0, uploads=0 (0 bytes), proxies=16/16, maxSteps=96, dynamic=0/0/0 candidates/selected/dropped, held=false, dispatches=0, rays=0, ready=0, fallback=0, coverageMiss=0, transitions=0->0, failures=0, pages=0 bytes
[19:51:02] [Render thread/INFO] (metallum) METALLUM_L6_DYNAMIC candidates=0 selected=0 dropped=0 held=false dispatches=0 rays=0 ready=0 fallback=0 coverage_miss=0 static_to_dynamic=0 dynamic_to_static=0 failures=0 pages_bytes=0
2026-08-26 19:51:09.004 java[73164:8001160] [metallum] GPU timing (warmup segment 0, 300 presented frames, 35.8 FPS): presenting command buffer 31.015 ms avg / 30.999 p50 / 32.055 p95 / 32.565 p99 / 33.397 max
  present pacing: 29.278 ms p95 / 30.751 ms p99, 30.9 FPS 1% low / 29.8 FPS 0.1% low
  per-stage counters: disabled (set METALLUM_GPU_TIMING_DETAIL=1 to enable intrusive detail)
  nextDrawable wait (CPU): 0.056 ms/frame avg, 6.157 ms max interval (300 waits)
  in-flight semaphore wait (CPU): 15.298 ms/frame avg, 18.116 ms max interval (5999 waits)
  command completion wait (CPU): n/a
[19:51:10] [Render thread/INFO] (metallum) L6 local shadows: active=true, descriptors=2048/snapshot=2048, READY=87, STALE=0, APPROXIMATE=1961, BUILDING=0, FAIL_CLOSED=0, cachedEdges=8:1/16:1/32:1/64:84, cacheCovered=2048, coverageLimited=0, residents=87, pendingBuilds=0, pendingUploads=0 (0 bytes), capacityBlocked=1961, capacityWaitSkips=886, retryBackoff=0, uploads=0 (0 bytes), proxies=16/16, maxSteps=96, dynamic=0/0/0 candidates/selected/dropped, held=false, dispatches=0, rays=0, ready=0, fallback=0, coverageMiss=0, transitions=0->0, failures=0, pages=0 bytes
[19:51:10] [Render thread/INFO] (metallum) METALLUM_L6_DYNAMIC candidates=0 selected=0 dropped=0 held=false dispatches=0 rays=0 ready=0 fallback=0 coverage_miss=0 static_to_dynamic=0 dynamic_to_static=0 failures=0 pages_bytes=0
2026-08-26 19:51:17.407 java[73164:8001160] [metallum] GPU timing (warmup segment 0, 300 presented frames, 35.7 FPS): presenting command buffer 31.126 ms avg / 31.061 p50 / 32.297 p95 / 32.725 p99 / 33.010 max
  present pacing: 29.456 ms p95 / 32.158 ms p99, 27.3 FPS 1% low / 26.0 FPS 0.1% low
  per-stage counters: disabled (set METALLUM_GPU_TIMING_DETAIL=1 to enable intrusive detail)
  nextDrawable wait (CPU): 0.128 ms/frame avg, 9.777 ms max interval (300 waits)
  in-flight semaphore wait (CPU): 15.419 ms/frame avg, 17.698 ms max interval (6000 waits)
  command completion wait (CPU): n/a
[19:51:19] [Render thread/INFO] (metallum) L6 local shadows: active=true, descriptors=2048/snapshot=2048, READY=87, STALE=0, APPROXIMATE=1961, BUILDING=0, FAIL_CLOSED=0, cachedEdges=8:1/16:1/32:1/64:84, cacheCovered=2048, coverageLimited=0, residents=87, pendingBuilds=0, pendingUploads=0 (0 bytes), capacityBlocked=1961, capacityWaitSkips=1186, retryBackoff=0, uploads=0 (0 bytes), proxies=16/16, maxSteps=96, dynamic=0/0/0 candidates/selected/dropped, held=false, dispatches=0, rays=0, ready=0, fallback=0, coverageMiss=0, transitions=0->0, failures=0, pages=0 bytes
[19:51:19] [Render thread/INFO] (metallum) METALLUM_L6_DYNAMIC candidates=0 selected=0 dropped=0 held=false dispatches=0 rays=0 ready=0 fallback=0 coverage_miss=0 static_to_dynamic=0 dynamic_to_static=0 failures=0 pages_bytes=0
2026-08-26 19:51:25.801 java[73164:8001178] [metallum] GPU timing (warmup segment 0, 300 presented frames, 35.7 FPS): presenting command buffer 31.102 ms avg / 31.060 p50 / 32.241 p95 / 32.932 p99 / 33.182 max
  present pacing: 29.562 ms p95 / 30.587 ms p99, 29.2 FPS 1% low / 28.3 FPS 0.1% low
  per-stage counters: disabled (set METALLUM_GPU_TIMING_DETAIL=1 to enable intrusive detail)
  nextDrawable wait (CPU): 0.125 ms/frame avg, 7.149 ms max interval (300 waits)
  in-flight semaphore wait (CPU): 15.490 ms/frame avg, 18.362 ms max interval (6000 waits)
  command completion wait (CPU): n/a
[19:51:27] [Render thread/INFO] (metallum) L6 local shadows: active=true, descriptors=2048/snapshot=2048, READY=87, STALE=0, APPROXIMATE=1961, BUILDING=0, FAIL_CLOSED=0, cachedEdges=8:1/16:1/32:1/64:84, cacheCovered=2048, coverageLimited=0, residents=87, pendingBuilds=0, pendingUploads=0 (0 bytes), capacityBlocked=1961, capacityWaitSkips=1486, retryBackoff=0, uploads=0 (0 bytes), proxies=16/16, maxSteps=96, dynamic=0/0/0 candidates/selected/dropped, held=false, dispatches=0, rays=0, ready=0, fallback=0, coverageMiss=0, transitions=0->0, failures=0, pages=0 bytes
[19:51:27] [Render thread/INFO] (metallum) METALLUM_L6_DYNAMIC candidates=0 selected=0 dropped=0 held=false dispatches=0 rays=0 ready=0 fallback=0 coverage_miss=0 static_to_dynamic=0 dynamic_to_static=0 failures=0 pages_bytes=0
2026-08-26 19:51:34.196 java[73164:8001178] [metallum] GPU timing (warmup segment 0, 300 presented frames, 35.7 FPS): presenting command buffer 31.116 ms avg / 31.100 p50 / 32.191 p95 / 32.584 p99 / 33.252 max
  present pacing: 29.486 ms p95 / 33.137 ms p99, 29.6 FPS 1% low / 29.1 FPS 0.1% low
  per-stage counters: disabled (set METALLUM_GPU_TIMING_DETAIL=1 to enable intrusive detail)
  nextDrawable wait (CPU): 0.129 ms/frame avg, 6.154 ms max interval (300 waits)
  in-flight semaphore wait (CPU): 15.483 ms/frame avg, 18.170 ms max interval (6000 waits)
  command completion wait (CPU): n/a
[19:51:35] [Render thread/INFO] (metallum) L6 local shadows: active=true, descriptors=2048/snapshot=2048, READY=87, STALE=0, APPROXIMATE=1961, BUILDING=0, FAIL_CLOSED=0, cachedEdges=8:1/16:1/32:1/64:84, cacheCovered=2048, coverageLimited=0, residents=87, pendingBuilds=0, pendingUploads=0 (0 bytes), capacityBlocked=1961, capacityWaitSkips=1786, retryBackoff=0, uploads=0 (0 bytes), proxies=16/16, maxSteps=96, dynamic=0/0/0 candidates/selected/dropped, held=false, dispatches=0, rays=0, ready=0, fallback=0, coverageMiss=0, transitions=0->0, failures=0, pages=0 bytes
[19:51:35] [Render thread/INFO] (metallum) METALLUM_L6_DYNAMIC candidates=0 selected=0 dropped=0 held=false dispatches=0 rays=0 ready=0 fallback=0 coverage_miss=0 static_to_dynamic=0 dynamic_to_static=0 failures=0 pages_bytes=0
2026-08-26 19:51:42.590 java[73164:8001160] [metallum] GPU timing (warmup segment 0, 300 presented frames, 35.7 FPS): presenting command buffer 31.070 ms avg / 31.007 p50 / 32.255 p95 / 32.856 p99 / 33.070 max
  present pacing: 29.498 ms p95 / 31.439 ms p99, 26.4 FPS 1% low / 24.6 FPS 0.1% low
  per-stage counters: disabled (set METALLUM_GPU_TIMING_DETAIL=1 to enable intrusive detail)
  nextDrawable wait (CPU): 0.149 ms/frame avg, 10.242 ms max interval (300 waits)
  in-flight semaphore wait (CPU): 15.501 ms/frame avg, 17.954 ms max interval (6000 waits)
  command completion wait (CPU): n/a
[19:51:44] [Render thread/INFO] (metallum) L6 local shadows: active=true, descriptors=2048/snapshot=2048, READY=87, STALE=0, APPROXIMATE=1961, BUILDING=0, FAIL_CLOSED=0, cachedEdges=8:1/16:1/32:1/64:84, cacheCovered=2048, coverageLimited=0, residents=87, pendingBuilds=0, pendingUploads=0 (0 bytes), capacityBlocked=1961, capacityWaitSkips=2086, retryBackoff=0, uploads=0 (0 bytes), proxies=16/16, maxSteps=96, dynamic=0/0/0 candidates/selected/dropped, held=false, dispatches=0, rays=0, ready=0, fallback=0, coverageMiss=0, transitions=0->0, failures=0, pages=0 bytes
[19:51:44] [Render thread/INFO] (metallum) METALLUM_L6_DYNAMIC candidates=0 selected=0 dropped=0 held=false dispatches=0 rays=0 ready=0 fallback=0 coverage_miss=0 static_to_dynamic=0 dynamic_to_static=0 failures=0 pages_bytes=0
[19:51:50] [Server thread/INFO] (metallum) METALLUM_BENCHMARK_DEBUG at=start level_exists=true player_exists=true server_dim=minecraft:the_nether server_paused=false ticks=1499 stageFrames=985 server_frozen=true client_ready=true
[19:51:50] [Render thread/INFO] (metallum) METALLUM_BENCHMARK EVENT=ROUTE_CHECK event=MEASURE_START route=gi-g0-nether-v1 status=ready
[19:51:50] [Render thread/INFO] (metallum) METALLUM_BENCHMARK EVENT=VERTEX_REFLECTION_ADMISSION enabled=false state=OFF ready=false generation=7/0 origin=[0,0,0] sections=0/0/0 expected=0 invalidation=null quality_face_aware=true quality_first_surface=true quality_confidence=true
[19:51:50] [Render thread/INFO] (metallum) METALLUM_BENCHMARK EVENT=MEASURE_START index=1 mode=OFF presented_frame=1800
2026-08-26 19:51:50.992 java[73164:8001178] [metallum] GPU timing (warmup segment 0, 300 presented frames, 35.7 FPS): presenting command buffer 31.133 ms avg / 31.099 p50 / 32.292 p95 / 32.686 p99 / 33.002 max
  present pacing: 29.432 ms p95 / 32.546 ms p99, 29.8 FPS 1% low / 29.5 FPS 0.1% low
  per-stage counters: disabled (set METALLUM_GPU_TIMING_DETAIL=1 to enable intrusive detail)
  nextDrawable wait (CPU): 0.136 ms/frame avg, 6.569 ms max interval (300 waits)
  in-flight semaphore wait (CPU): 15.618 ms/frame avg, 17.833 ms max interval (6000 waits)
  command completion wait (CPU): n/a
[19:51:52] [Render thread/INFO] (metallum) L6 local shadows: active=true, descriptors=2048/snapshot=2048, READY=87, STALE=0, APPROXIMATE=1961, BUILDING=0, FAIL_CLOSED=0, cachedEdges=8:1/16:1/32:1/64:84, cacheCovered=2048, coverageLimited=0, residents=87, pendingBuilds=0, pendingUploads=0 (0 bytes), capacityBlocked=1961, capacityWaitSkips=2386, retryBackoff=0, uploads=0 (0 bytes), proxies=16/16, maxSteps=96, dynamic=0/0/0 candidates/selected/dropped, held=false, dispatches=0, rays=0, ready=0, fallback=0, coverageMiss=0, transitions=0->0, failures=0, pages=0 bytes
[19:51:52] [Render thread/INFO] (metallum) METALLUM_L6_DYNAMIC candidates=0 selected=0 dropped=0 held=false dispatches=0 rays=0 ready=0 fallback=0 coverage_miss=0 static_to_dynamic=0 dynamic_to_static=0 failures=0 pages_bytes=0
2026-08-26 19:51:59.441 java[73164:8001024] [metallum] GPU timing (measure segment 0, 300 presented frames, 35.6 FPS): presenting command buffer 31.186 ms avg / 31.170 p50 / 32.419 p95 / 33.264 p99 / 34.609 max
  present pacing: 29.654 ms p95 / 33.031 ms p99, 29.5 FPS 1% low / 28.0 FPS 0.1% low
  per-stage counters: disabled (set METALLUM_GPU_TIMING_DETAIL=1 to enable intrusive detail)
  nextDrawable wait (CPU): 0.079 ms/frame avg, 7.601 ms max interval (300 waits)
  in-flight semaphore wait (CPU): 15.696 ms/frame avg, 19.273 ms max interval (5999 waits)
  command completion wait (CPU): n/a
[19:52:01] [Render thread/INFO] (metallum) L6 local shadows: active=true, descriptors=2048/snapshot=2048, READY=87, STALE=0, APPROXIMATE=1961, BUILDING=0, FAIL_CLOSED=0, cachedEdges=8:1/16:1/32:1/64:84, cacheCovered=2048, coverageLimited=0, residents=87, pendingBuilds=0, pendingUploads=0 (0 bytes), capacityBlocked=1961, capacityWaitSkips=2686, retryBackoff=0, uploads=0 (0 bytes), proxies=16/16, maxSteps=96, dynamic=0/0/0 candidates/selected/dropped, held=false, dispatches=0, rays=0, ready=0, fallback=0, coverageMiss=0, transitions=0->0, failures=0, pages=0 bytes
[19:52:01] [Render thread/INFO] (metallum) METALLUM_L6_DYNAMIC candidates=0 selected=0 dropped=0 held=false dispatches=0 rays=0 ready=0 fallback=0 coverage_miss=0 static_to_dynamic=0 dynamic_to_static=0 failures=0 pages_bytes=0
2026-08-26 19:52:07.840 java[73164:8001024] [metallum] GPU timing (measure segment 0, 300 presented frames, 35.7 FPS): presenting command buffer 31.125 ms avg / 31.092 p50 / 32.309 p95 / 33.104 p99 / 33.351 max
  present pacing: 29.660 ms p95 / 31.602 ms p99, 27.9 FPS 1% low / 26.7 FPS 0.1% low
  per-stage counters: disabled (set METALLUM_GPU_TIMING_DETAIL=1 to enable intrusive detail)
  nextDrawable wait (CPU): 0.080 ms/frame avg, 10.215 ms max interval (300 waits)
  in-flight semaphore wait (CPU): 15.590 ms/frame avg, 18.121 ms max interval (6000 waits)
  command completion wait (CPU): n/a
[19:52:09] [Render thread/INFO] (metallum) L6 local shadows: active=true, descriptors=2048/snapshot=2048, READY=87, STALE=0, APPROXIMATE=1961, BUILDING=0, FAIL_CLOSED=0, cachedEdges=8:1/16:1/32:1/64:84, cacheCovered=2048, coverageLimited=0, residents=87, pendingBuilds=0, pendingUploads=0 (0 bytes), capacityBlocked=1961, capacityWaitSkips=2986, retryBackoff=0, uploads=0 (0 bytes), proxies=16/16, maxSteps=96, dynamic=0/0/0 candidates/selected/dropped, held=false, dispatches=0, rays=0, ready=0, fallback=0, coverageMiss=0, transitions=0->0, failures=0, pages=0 bytes
[19:52:09] [Render thread/INFO] (metallum) METALLUM_L6_DYNAMIC candidates=0 selected=0 dropped=0 held=false dispatches=0 rays=0 ready=0 fallback=0 coverage_miss=0 static_to_dynamic=0 dynamic_to_static=0 failures=0 pages_bytes=0
2026-08-26 19:52:16.232 java[73164:8001160] [metallum] GPU timing (measure segment 0, 300 presented frames, 35.7 FPS): presenting command buffer 31.089 ms avg / 31.102 p50 / 32.120 p95 / 32.502 p99 / 33.068 max
  present pacing: 29.514 ms p95 / 31.728 ms p99, 27.6 FPS 1% low / 25.9 FPS 0.1% low
  per-stage counters: disabled (set METALLUM_GPU_TIMING_DETAIL=1 to enable intrusive detail)
  nextDrawable wait (CPU): 0.159 ms/frame avg, 10.506 ms max interval (300 waits)
  in-flight semaphore wait (CPU): 15.665 ms/frame avg, 17.778 ms max interval (6000 waits)
  command completion wait (CPU): n/a
[19:52:17] [Render thread/INFO] (metallum) L6 local shadows: active=true, descriptors=2048/snapshot=2048, READY=87, STALE=0, APPROXIMATE=1961, BUILDING=0, FAIL_CLOSED=0, cachedEdges=8:1/16:1/32:1/64:84, cacheCovered=2048, coverageLimited=0, residents=87, pendingBuilds=0, pendingUploads=0 (0 bytes), capacityBlocked=1961, capacityWaitSkips=3286, retryBackoff=0, uploads=0 (0 bytes), proxies=16/16, maxSteps=96, dynamic=0/0/0 candidates/selected/dropped, held=false, dispatches=0, rays=0, ready=0, fallback=0, coverageMiss=0, transitions=0->0, failures=0, pages=0 bytes
[19:52:17] [Render thread/INFO] (metallum) METALLUM_L6_DYNAMIC candidates=0 selected=0 dropped=0 held=false dispatches=0 rays=0 ready=0 fallback=0 coverage_miss=0 static_to_dynamic=0 dynamic_to_static=0 failures=0 pages_bytes=0
2026-08-26 19:52:24.607 java[73164:8001160] [metallum] GPU timing (measure segment 0, 300 presented frames, 35.8 FPS): presenting command buffer 31.040 ms avg / 31.013 p50 / 32.304 p95 / 32.729 p99 / 33.306 max
  present pacing: 29.493 ms p95 / 35.402 ms p99, 27.2 FPS 1% low / 26.3 FPS 0.1% low
  per-stage counters: disabled (set METALLUM_GPU_TIMING_DETAIL=1 to enable intrusive detail)
  nextDrawable wait (CPU): 0.224 ms/frame avg, 10.185 ms max interval (300 waits)
  in-flight semaphore wait (CPU): 15.534 ms/frame avg, 18.514 ms max interval (6000 waits)
  command completion wait (CPU): n/a
[19:52:26] [Render thread/INFO] (metallum) L6 local shadows: active=true, descriptors=2048/snapshot=2048, READY=87, STALE=0, APPROXIMATE=1961, BUILDING=0, FAIL_CLOSED=0, cachedEdges=8:1/16:1/32:1/64:84, cacheCovered=2048, coverageLimited=0, residents=87, pendingBuilds=0, pendingUploads=0 (0 bytes), capacityBlocked=1961, capacityWaitSkips=3586, retryBackoff=0, uploads=0 (0 bytes), proxies=16/16, maxSteps=96, dynamic=0/0/0 candidates/selected/dropped, held=false, dispatches=0, rays=0, ready=0, fallback=0, coverageMiss=0, transitions=0->0, failures=0, pages=0 bytes
[19:52:26] [Render thread/INFO] (metallum) METALLUM_L6_DYNAMIC candidates=0 selected=0 dropped=0 held=false dispatches=0 rays=0 ready=0 fallback=0 coverage_miss=0 static_to_dynamic=0 dynamic_to_static=0 failures=0 pages_bytes=0
2026-08-26 19:52:32.995 java[73164:8001024] [metallum] GPU timing (measure segment 0, 300 presented frames, 35.8 FPS): presenting command buffer 31.084 ms avg / 31.019 p50 / 32.316 p95 / 32.571 p99 / 33.116 max
  present pacing: 29.379 ms p95 / 32.911 ms p99, 28.8 FPS 1% low / 27.8 FPS 0.1% low
  per-stage counters: disabled (set METALLUM_GPU_TIMING_DETAIL=1 to enable intrusive detail)
  nextDrawable wait (CPU): 0.132 ms/frame avg, 8.562 ms max interval (300 waits)
  in-flight semaphore wait (CPU): 15.620 ms/frame avg, 18.063 ms max interval (6000 waits)
  command completion wait (CPU): n/a
[19:52:34] [Render thread/INFO] (metallum) L6 local shadows: active=true, descriptors=2048/snapshot=2048, READY=87, STALE=0, APPROXIMATE=1961, BUILDING=0, FAIL_CLOSED=0, cachedEdges=8:1/16:1/32:1/64:84, cacheCovered=2048, coverageLimited=0, residents=87, pendingBuilds=0, pendingUploads=0 (0 bytes), capacityBlocked=1961, capacityWaitSkips=3886, retryBackoff=0, uploads=0 (0 bytes), proxies=16/16, maxSteps=96, dynamic=0/0/0 candidates/selected/dropped, held=false, dispatches=0, rays=0, ready=0, fallback=0, coverageMiss=0, transitions=0->0, failures=0, pages=0 bytes
[19:52:34] [Render thread/INFO] (metallum) METALLUM_L6_DYNAMIC candidates=0 selected=0 dropped=0 held=false dispatches=0 rays=0 ready=0 fallback=0 coverage_miss=0 static_to_dynamic=0 dynamic_to_static=0 failures=0 pages_bytes=0
2026-08-26 19:52:41.388 java[73164:8001178] [metallum] GPU timing (measure segment 0, 300 presented frames, 35.7 FPS): presenting command buffer 31.096 ms avg / 31.086 p50 / 32.135 p95 / 32.835 p99 / 33.436 max
  present pacing: 30.468 ms p95 / 34.600 ms p99, 27.6 FPS 1% low / 26.4 FPS 0.1% low
  per-stage counters: disabled (set METALLUM_GPU_TIMING_DETAIL=1 to enable intrusive detail)
  nextDrawable wait (CPU): 0.263 ms/frame avg, 8.550 ms max interval (300 waits)
  in-flight semaphore wait (CPU): 15.540 ms/frame avg, 18.418 ms max interval (6000 waits)
  command completion wait (CPU): n/a
[19:52:43] [Render thread/INFO] (metallum) L6 local shadows: active=true, descriptors=2048/snapshot=2048, READY=87, STALE=0, APPROXIMATE=1961, BUILDING=0, FAIL_CLOSED=0, cachedEdges=8:1/16:1/32:1/64:84, cacheCovered=2048, coverageLimited=0, residents=87, pendingBuilds=0, pendingUploads=0 (0 bytes), capacityBlocked=1961, capacityWaitSkips=4186, retryBackoff=0, uploads=0 (0 bytes), proxies=16/16, maxSteps=96, dynamic=0/0/0 candidates/selected/dropped, held=false, dispatches=0, rays=0, ready=0, fallback=0, coverageMiss=0, transitions=0->0, failures=0, pages=0 bytes
[19:52:43] [Render thread/INFO] (metallum) METALLUM_L6_DYNAMIC candidates=0 selected=0 dropped=0 held=false dispatches=0 rays=0 ready=0 fallback=0 coverage_miss=0 static_to_dynamic=0 dynamic_to_static=0 failures=0 pages_bytes=0
2026-08-26 19:52:49.777 java[73164:8001158] [metallum] GPU timing (measure segment 0, 300 presented frames, 35.8 FPS): presenting command buffer 31.094 ms avg / 31.065 p50 / 32.182 p95 / 32.673 p99 / 33.099 max
  present pacing: 29.734 ms p95 / 32.719 ms p99, 28.6 FPS 1% low / 27.0 FPS 0.1% low
  per-stage counters: disabled (set METALLUM_GPU_TIMING_DETAIL=1 to enable intrusive detail)
  nextDrawable wait (CPU): 0.115 ms/frame avg, 8.472 ms max interval (300 waits)
  in-flight semaphore wait (CPU): 15.649 ms/frame avg, 18.434 ms max interval (6000 waits)
  command completion wait (CPU): n/a
[19:52:51] [Render thread/INFO] (metallum) L6 local shadows: active=true, descriptors=2048/snapshot=2048, READY=87, STALE=0, APPROXIMATE=1961, BUILDING=0, FAIL_CLOSED=0, cachedEdges=8:1/16:1/32:1/64:84, cacheCovered=2048, coverageLimited=0, residents=87, pendingBuilds=0, pendingUploads=0 (0 bytes), capacityBlocked=1961, capacityWaitSkips=4486, retryBackoff=0, uploads=0 (0 bytes), proxies=16/16, maxSteps=96, dynamic=0/0/0 candidates/selected/dropped, held=false, dispatches=0, rays=0, ready=0, fallback=0, coverageMiss=0, transitions=0->0, failures=0, pages=0 bytes
[19:52:51] [Render thread/INFO] (metallum) METALLUM_L6_DYNAMIC candidates=0 selected=0 dropped=0 held=false dispatches=0 rays=0 ready=0 fallback=0 coverage_miss=0 static_to_dynamic=0 dynamic_to_static=0 failures=0 pages_bytes=0
2026-08-26 19:52:58.197 java[73164:8001160] [metallum] GPU timing (measure segment 0, 300 presented frames, 35.6 FPS): presenting command buffer 31.184 ms avg / 31.169 p50 / 32.355 p95 / 32.696 p99 / 32.840 max
  present pacing: 29.381 ms p95 / 29.925 ms p99, 28.2 FPS 1% low / 24.0 FPS 0.1% low
  per-stage counters: disabled (set METALLUM_GPU_TIMING_DETAIL=1 to enable intrusive detail)
  nextDrawable wait (CPU): 0.026 ms/frame avg, 1.381 ms max interval (300 waits)
  in-flight semaphore wait (CPU): 15.422 ms/frame avg, 17.362 ms max interval (6000 waits)
  command completion wait (CPU): n/a
[19:52:59] [Render thread/INFO] (metallum) L6 local shadows: active=true, descriptors=2048/snapshot=2048, READY=87, STALE=0, APPROXIMATE=1961, BUILDING=0, FAIL_CLOSED=0, cachedEdges=8:1/16:1/32:1/64:84, cacheCovered=2048, coverageLimited=0, residents=87, pendingBuilds=0, pendingUploads=0 (0 bytes), capacityBlocked=1961, capacityWaitSkips=4786, retryBackoff=0, uploads=0 (0 bytes), proxies=16/16, maxSteps=96, dynamic=0/0/0 candidates/selected/dropped, held=false, dispatches=0, rays=0, ready=0, fallback=0, coverageMiss=0, transitions=0->0, failures=0, pages=0 bytes
[19:52:59] [Render thread/INFO] (metallum) METALLUM_L6_DYNAMIC candidates=0 selected=0 dropped=0 held=false dispatches=0 rays=0 ready=0 fallback=0 coverage_miss=0 static_to_dynamic=0 dynamic_to_static=0 failures=0 pages_bytes=0
2026-08-26 19:53:06.579 java[73164:8001024] [metallum] GPU timing (measure segment 0, 300 presented frames, 35.8 FPS): presenting command buffer 31.043 ms avg / 30.994 p50 / 32.251 p95 / 32.573 p99 / 32.923 max
  present pacing: 29.161 ms p95 / 29.840 ms p99, 30.0 FPS 1% low / 25.5 FPS 0.1% low
  per-stage counters: disabled (set METALLUM_GPU_TIMING_DETAIL=1 to enable intrusive detail)
  nextDrawable wait (CPU): 0.020 ms/frame avg, 0.059 ms max interval (300 waits)
  in-flight semaphore wait (CPU): 15.576 ms/frame avg, 17.981 ms max interval (6000 waits)
  command completion wait (CPU): n/a
[19:53:08] [Render thread/INFO] (metallum) L6 local shadows: active=true, descriptors=2048/snapshot=2048, READY=87, STALE=0, APPROXIMATE=1961, BUILDING=0, FAIL_CLOSED=0, cachedEdges=8:1/16:1/32:1/64:84, cacheCovered=2048, coverageLimited=0, residents=87, pendingBuilds=0, pendingUploads=0 (0 bytes), capacityBlocked=1961, capacityWaitSkips=5086, retryBackoff=0, uploads=0 (0 bytes), proxies=16/16, maxSteps=96, dynamic=0/0/0 candidates/selected/dropped, held=false, dispatches=0, rays=0, ready=0, fallback=0, coverageMiss=0, transitions=0->0, failures=0, pages=0 bytes
[19:53:08] [Render thread/INFO] (metallum) METALLUM_L6_DYNAMIC candidates=0 selected=0 dropped=0 held=false dispatches=0 rays=0 ready=0 fallback=0 coverage_miss=0 static_to_dynamic=0 dynamic_to_static=0 failures=0 pages_bytes=0
[19:53:14] [Render thread/INFO] (metallum) METALLUM_BENCHMARK EVENT=MEASURE_END index=1 mode=OFF presented_frame=4800
[19:53:14] [Server thread/INFO] (metallum) METALLUM_BENCHMARK_DEBUG at=start level_exists=true player_exists=true server_dim=minecraft:the_nether server_paused=false ticks=3179 stageFrames=985 server_frozen=true client_ready=true
[19:53:14] [Render thread/INFO] (metallum) METALLUM_BENCHMARK EVENT=ROUTE_CHECK event=MEASURE_END route=gi-g0-nether-v1 status=ready
[19:53:14] [Render thread/INFO] (metallum) METALLUM_BENCHMARK EVENT=COMPLETE segments=1 measured_frames=3000 framebuffer=3024x1964
[19:53:14] [Server thread/INFO] (metallum) METALLUM_BENCHMARK EVENT=SURVIVAL_GUARD_RESTORED player=b07a402a-d8ea-354f-9398-aaf208a798b9 health=20.0
[19:53:14] [Render thread/INFO] (Minecraft) Stopping!
[19:53:14] [Server thread/INFO] (Minecraft) MetallumBench lost connection: Disconnected
[19:53:14] [Server thread/INFO] (Minecraft) MetallumBench left the game
2026-08-26 19:53:14.962 java[73164:8001158] [metallum] GPU timing (measure segment 0, 300 presented frames, 35.8 FPS): presenting command buffer 31.057 ms avg / 31.032 p50 / 31.980 p95 / 32.432 p99 / 32.638 max
  present pacing: 29.154 ms p95 / 30.184 ms p99, 29.0 FPS 1% low / 27.6 FPS 0.1% low
  per-stage counters: disabled (set METALLUM_GPU_TIMING_DETAIL=1 to enable intrusive detail)
  nextDrawable wait (CPU): 0.077 ms/frame avg, 8.694 ms max interval (300 waits)
  in-flight semaphore wait (CPU): 15.736 ms/frame avg, 17.673 ms max interval (6000 waits)
  command completion wait (CPU): n/a
[19:53:14] [Server thread/INFO] (Minecraft) Stopping singleplayer server as player logged out
[19:53:15] [Server thread/INFO] (Minecraft) Stopping server
[19:53:15] [Server thread/INFO] (Minecraft) Saving players
[19:53:15] [Server thread/INFO] (Minecraft) Saving worlds
[19:53:15] [Server thread/INFO] (Minecraft) Saving chunks for level 'ServerLevel[world]'/minecraft:overworld
[19:53:15] [Server thread/INFO] (Minecraft) Saving chunks for level 'ServerLevel[world]'/minecraft:the_end
[19:53:15] [Server thread/INFO] (Minecraft) Saving chunks for level 'ServerLevel[world]'/minecraft:the_nether
[19:53:15] [Server thread/INFO] (Minecraft) ThreadedAnvilChunkStorage (world): All chunks are saved
[19:53:15] [Server thread/INFO] (Minecraft) ThreadedAnvilChunkStorage (DIM1): All chunks are saved
[19:53:15] [Server thread/INFO] (Minecraft) ThreadedAnvilChunkStorage (DIM-1): All chunks are saved
[19:53:15] [Server thread/INFO] (Minecraft) ThreadedAnvilChunkStorage: All dimensions are saved
[19:53:15] [Render thread/INFO] (ChunkBuilder) Stopping worker threads

BUILD SUCCESSFUL in 3m 7s
19 actionable tasks: 1 executed, 18 up-to-date
