[19:40:37] [main/INFO] (FabricLoader/GameProvider) Loading Minecraft 26.2 with Fabric Loader 0.19.3
[19:40:37] [main/INFO] (FabricLoader/Mappings) Mappings not present!
[19:40:37] [main/INFO] (FabricLoader) Loading 15 mods:
	- fabricloader 0.19.3
	- java 25
	- metallum 0.0.21
	- minecraft 26.2
	- mixinextras 0.5.4
	- sodium 0.9.1+mc26.2
	   |-- fabric-api-base 2.0.4+ece063239c
	   |-- fabric-block-getter-api-v2 2.0.7+ec56b6019c
	   |-- fabric-lifecycle-events-v1 4.1.3+4575b05f9c
	   |-- fabric-renderer-api-v1 14.0.1+eec4cc519c
	   |-- fabric-rendering-fluids-v1 6.0.4+06488ac19c
	   |-- fabric-rendering-v1 25.1.6+46a6d00c9c
	   |-- fabric-resource-loader-v0 3.3.20+4fc5413f9c
	   |-- fabric-resource-loader-v1 2.0.13+9edec1269c
	   \-- fabric-transitive-access-wideners-v1 8.1.3+e098252d9c
[19:40:37] [main/INFO] (FabricLoader/Mixin) SpongePowered MIXIN Subsystem Version=0.8.7 Source=file:/Users/sergejgenerozov/.gradle/caches/modules-2/files-2.1/net.fabricmc/sponge-mixin/0.17.3+mixin.0.8.7/41c4a3984a80f4679e759fb9f495587acc5cdac7/sponge-mixin-0.17.3+mixin.0.8.7.jar Service=Knot/Fabric Env=CLIENT
[19:40:37] [main/INFO] (FabricLoader/Mixin) Compatibility level set to JAVA_25
[19:40:37] [main/INFO] (Sodium) Loaded configuration file for Sodium: 36 options available, 0 override(s) found
[19:40:37] [main/INFO] (Sodium-GraphicsAdapterProbe) Searching for graphics cards...
[19:40:38] [main/INFO] (FabricLoader/MixinExtras|Service) Initializing MixinExtras via com.llamalad7.mixinextras.service.MixinExtrasServiceImpl(version=0.5.4).
[19:40:38] [Datafixer Bootstrap #0/INFO] (Minecraft) 295 Datafixer optimizations took 205 milliseconds
[19:40:39] [main/WARN] (MacOperatingSystem) Unable to parse version 27.0 to a codename.
[19:40:42] [Render thread/INFO] (Minecraft) Environment: Environment[sessionHost=https://sessionserver.mojang.com, servicesHost=https://api.minecraftservices.com, profilesHost=https://api.mojang.com, name=PROD]
[19:40:42] [Render thread/INFO] (Minecraft) Setting user: MetallumBench
[19:40:42] [Render thread/INFO] (Minecraft) Backend library: LWJGL version 3.4.1-snapshot
[19:40:43] [Render thread/INFO] (metallum) Metal device: Apple M1 Pro
[19:40:43] [Render thread/INFO] (metallum) Semantic HDR shaders: enabled (configured mode SCENE, potential EDR headroom 16.0)
[19:40:43] [Render thread/INFO] (metallum) Configured HDR mode: SCENE, FP16 scene path: enabled
[19:40:43] [Render thread/INFO] (metallum) MetalFX spatial scaling support: available
[19:40:43] [Render thread/INFO] (metallum) MetalFX temporal scaling support: available
[19:40:43] [Render thread/INFO] (metallum) Temporal camera-motion diagnostics: disabled
[19:40:43] [Render thread/INFO] (metallum) Renderer generation request: contract=METALLUM, lighting=ADVANCED, preset=BALANCED, frameInterpolation=false (production executor Metal 3)
[19:40:43] [Render thread/INFO] (Minecraft) Using graphics backend Metal, using drivers: macOS 27.0
[19:40:43] [Render thread/INFO] (Minecraft) Using graphics device: Apple M1 Pro (Apple)
[19:40:43] [Render thread/INFO] (Minecraft) Using graphics device extensions: MTLDevice, CAMetalLayer
[19:40:43] [Download-2/ERROR] (Minecraft) Failed to fetch user properties
com.mojang.authlib.exceptions.InvalidCredentialsException: Status: 401
	at knot//com.mojang.authlib.exceptions.MinecraftClientHttpException.toAuthenticationException(MinecraftClientHttpException.java:70)
	at knot//com.mojang.authlib.yggdrasil.YggdrasilUserApiService.fetchProperties(YggdrasilUserApiService.java:173)
	at knot//net.minecraft.client.Minecraft.lambda$new$1(Minecraft.java:438)
	at java.base/java.util.concurrent.CompletableFuture$AsyncSupply.run(CompletableFuture.java:1789)
	at java.base/java.util.concurrent.ThreadPoolExecutor.runWorker(ThreadPoolExecutor.java:1090)
	at java.base/java.util.concurrent.ThreadPoolExecutor$Worker.run(ThreadPoolExecutor.java:614)
	at java.base/java.lang.Thread.run(Thread.java:1474)
Caused by: MinecraftClientHttpException[type=HTTP_ERROR, status=401, response=ErrorResponse[path=/player/attributes, error=null, errorMessage=null, details=null]]
	at knot//com.mojang.authlib.minecraft.client.MinecraftClient.buildHttpException(MinecraftClient.java:170)
	at knot//com.mojang.authlib.minecraft.client.MinecraftClient.readServiceResponse(MinecraftClient.java:147)
	at knot//com.mojang.authlib.minecraft.client.MinecraftClient.getWithEtag(MinecraftClient.java:81)
	at knot//com.mojang.authlib.minecraft.client.MinecraftClient.get(MinecraftClient.java:65)
	at knot//com.mojang.authlib.yggdrasil.YggdrasilUserApiService.fetchProperties(YggdrasilUserApiService.java:123)
	... 5 more
[19:40:44] [Render thread/INFO] (metallum) MainTarget scene contract: METALLUM_HDR_ACTUAL_RADIANCE, format: RGBA16_FLOAT
[19:40:44] [Render thread/INFO] (Minecraft) Reloading ResourceManager: vanilla, fabric-api-base, fabric-block-getter-api-v2, fabric-lifecycle-events-v1, fabric-renderer-api-v1, fabric-rendering-fluids-v1, fabric-rendering-v1, fabric-resource-loader-v0, fabric-resource-loader-v1, fabric-transitive-access-wideners-v1, fabricloader, metallum, sodium
[19:40:45] [Worker-Main-4/INFO] (Minecraft) Found unifont_all_no_pua-17.0.01.hex, loading
[19:40:45] [Worker-Main-6/INFO] (Minecraft) Found unifont_pua-17.0.01.hex, loading
[19:40:45] [Render thread/INFO] (metallum) Semantic HDR enhancement is active with current EDR headroom 1.2
[19:40:45] [Render thread/INFO] (metallum) Metal output: ENHANCED (current EDR headroom 1.2, potential 16.0)
[19:40:45] [Render thread/WARN] (metallum) Renderer generation request resolved with fallback [MATERIAL_CONTRACT_UNAVAILABLE]: contract=LEGACY, lighting=VANILLA, output=HDR, upscale=NATIVE, interpolation=OFF
[19:40:45] [Render thread/INFO] (metallum) Seeded SDR GUI target is active (RGBA8_UNORM)
[19:40:45] [Worker-Main-4/INFO] (Minecraft) Found unifont_jp_patch-17.0.01.hex, loading
[19:40:46] [Download-1/INFO] (Minecraft) Could not authorize you against Realms server: java.lang.RuntimeException: Failed to parse into SignedJWT: FabricMC
[19:40:46] [Download-1/ERROR] (Minecraft) Failed to fetch Realms feature flags
com.mojang.realmsclient.exception.RealmsServiceException: Realms authentication error with message 'java.lang.RuntimeException: Failed to parse into SignedJWT: FabricMC'
	at knot//com.mojang.realmsclient.client.RealmsClient.execute(RealmsClient.java:528)
	at knot//com.mojang.realmsclient.client.RealmsClient.fetchFeatureFlags(RealmsClient.java:187)
	at java.base/java.util.concurrent.CompletableFuture$AsyncSupply.run(CompletableFuture.java:1789)
	at java.base/java.util.concurrent.ThreadPoolExecutor.runWorker(ThreadPoolExecutor.java:1090)
	at java.base/java.util.concurrent.ThreadPoolExecutor$Worker.run(ThreadPoolExecutor.java:614)
	at java.base/java.lang.Thread.run(Thread.java:1474)
[19:40:54] [Render thread/INFO] (metallum) Linear scene shader preflight active: all required Minecraft 26.2 and Sodium scene shaders passed preflight
[19:40:54] [Render thread/INFO] (metallum) METALLUM material contract active: all Minecraft 26.2 and Sodium material roles passed source and PSO preflight
[19:40:54] [Render thread/INFO] (metallum) Advanced shader generation active: Minecraft 26.2 and Sodium 0.9.1 Advanced terrain/entity/end-portal sources passed preflight
[19:40:54] [Render thread/INFO] (Minecraft) OpenAL initialized on device Динамики MacBook Pro
[19:40:54] [Render thread/INFO] (Minecraft) Sound engine started
[19:40:54] [Render thread/INFO] (Minecraft) Created: 512x256x0 minecraft:textures/atlas/particles.png-atlas
[19:40:54] [Render thread/INFO] (Minecraft) Created: 128x128x0 minecraft:textures/atlas/decorated_pot.png-atlas
[19:40:54] [Render thread/INFO] (Minecraft) Created: 2048x1024x0 minecraft:textures/atlas/armor_trims.png-atlas
[19:40:54] [Render thread/INFO] (Minecraft) Created: 512x256x0 minecraft:textures/atlas/paintings.png-atlas
[19:40:54] [Render thread/INFO] (Minecraft) Created: 1024x512x0 minecraft:textures/atlas/shield_patterns.png-atlas
[19:40:54] [Render thread/INFO] (Minecraft) Created: 4096x2048x4 minecraft:textures/atlas/blocks.png-atlas
[19:40:54] [Render thread/INFO] (metallum) Loaded 1269 partial emissive terrain texture overlays
[19:40:54] [Render thread/INFO] (Minecraft) Created: 512x512x0 minecraft:textures/atlas/chest.png-atlas
[19:40:54] [Render thread/INFO] (Minecraft) Created: 256x128x0 minecraft:textures/atlas/celestials.png-atlas
[19:40:54] [Render thread/INFO] (Minecraft) Created: 1024x512x0 minecraft:textures/atlas/banner_patterns.png-atlas
[19:40:54] [Render thread/INFO] (Minecraft) Created: 1024x512x0 minecraft:textures/atlas/items.png-atlas
[19:40:54] [Render thread/INFO] (Minecraft) Created: 1024x1024x0 minecraft:textures/atlas/gui.png-atlas
[19:40:54] [Render thread/INFO] (Minecraft) Created: 128x64x0 minecraft:textures/atlas/map_decorations.png-atlas
[19:40:54] [Render thread/INFO] (Minecraft) Created: 512x512x0 minecraft:textures/atlas/shulker_boxes.png-atlas
[19:40:55] [Render thread/INFO] (metallum) Built face-aware water-reflection appearance for 30989 block states (0 fallbacks)
[19:40:55] [Render thread/INFO] (metallum) Renderer generation admitted: contract=METALLUM, lighting=ADVANCED, output=HDR, upscale=NATIVE, interpolation=OFF
[19:40:56] [Render thread/INFO] (Minecraft) Loaded 1585 recipes
[19:40:56] [Render thread/INFO] (Minecraft) Loaded 1688 advancements
[19:40:56] [Server thread/INFO] (Minecraft) Starting integrated minecraft server version 26.2
[19:40:56] [Server thread/INFO] (Minecraft) Generating keypair
[19:40:56] [Server thread/INFO] (Minecraft) Loading 0 persistent chunks...
[19:40:56] [Server thread/INFO] (Minecraft) Preparing spawn area: 16%
[19:40:56] [Server thread/INFO] (Minecraft) Saving chunks for level 'ServerLevel[world]'/minecraft:overworld
[19:40:56] [Server thread/INFO] (Minecraft) Saving chunks for level 'ServerLevel[world]'/minecraft:the_end
[19:40:56] [Server thread/INFO] (Minecraft) Saving chunks for level 'ServerLevel[world]'/minecraft:the_nether
[19:40:56] [Server thread/INFO] (Minecraft) ThreadedAnvilChunkStorage (world): All chunks are saved
[19:40:56] [Server thread/INFO] (Minecraft) ThreadedAnvilChunkStorage (DIM1): All chunks are saved
[19:40:56] [Server thread/INFO] (Minecraft) ThreadedAnvilChunkStorage (DIM-1): All chunks are saved
[19:40:56] [Server thread/INFO] (Minecraft) ThreadedAnvilChunkStorage: All dimensions are saved
[19:40:57] [Server thread/INFO] (Minecraft) Loading 49 chunks for player spawn...
[19:40:57] [Server thread/INFO] (Minecraft) Preparing spawn area: 16%
[19:40:57] [Server thread/INFO] (Minecraft) Preparing spawn area: 16%
[19:40:58] [Server thread/INFO] (Minecraft) Time elapsed: 1441 ms
[19:40:58] [Server thread/INFO] (Minecraft) MetallumBench[local:E:9b36f6e7] logged in with entity id 101 at (86.1241372798128, 74.0, -95.57730763953901)
[19:40:58] [Server thread/INFO] (Minecraft) MetallumBench joined the game
[19:40:58] [Server thread/INFO] (Minecraft) Changing view distance to 16, from 10
[19:40:58] [Server thread/INFO] (Minecraft) Changing simulation distance to 12, from 0
[19:40:58] [Render thread/INFO] (ChunkBuilder) Started 4 worker threads
[19:40:58] [Render thread/INFO] (metallum) METALLUM_BENCHMARK EVENT=ARMED scope=Built-in Retina Display target=3024x1964 warmup=1800 measure=3000 sequence=[OFF] route=gi-g0-overworld-v1
[19:40:58] [Render thread/INFO] (Minecraft) Loaded 2 advancements
[19:40:58] [Render thread/INFO] (metallum) METALLUM_BENCHMARK EVENT=MONITOR handle=508716517632 name=Built-in Retina Display modes=[1920x1200@48, 1920x1200@50, 1920x1200@60, 1920x1200@120, 2048x1280@48, 2048x1280@50, 2048x1280@60, 2048x1280@120, 2048x1330@48, 2048x1330@50, 2048x1330@60, 2048x1330@120, 2294x1432@48, 2294x1432@50, 2294x1432@60, 2294x1432@120, 2294x1490@48, 2294x1490@50, 2294x1490@60, 2294x1490@120, 2560x1600@48, 2560x1600@50, 2560x1600@60, 2560x1600@120, 2704x1690@48, 2704x1690@50, 2704x1690@60, 2704x1690@120, 2704x1756@48, 2704x1756@50, 2704x1756@60, 2704x1756@120, 3024x1890@48, 3024x1890@50, 3024x1890@60, 3024x1890@120, 3024x1964@48, 3024x1964@50, 3024x1964@60, 3024x1964@120]
[19:40:58] [Server thread/INFO] (metallum) METALLUM_BENCHMARK EVENT=SURVIVAL_GUARD_APPLIED player=b07a402a-d8ea-354f-9398-aaf208a798b9 original_health=20.0
[19:40:58] [Render thread/INFO] (ChunkBuilder) Stopping worker threads
[19:40:58] [Render thread/INFO] (ChunkBuilder) Started 4 worker threads
[19:40:58] [Render thread/INFO] (Minecraft) Resizing Dynamic Transforms UBO, capacity limit of 2 reached during a single frame. New capacity will be 4.
[19:40:58] [Render thread/INFO] (metallum) METALLUM_BENCHMARK EVENT=MOVE_WINDOW monitor=3024x1964@120 (24bit) workarea=0,33 1512x949
[19:40:59] [Render thread/INFO] (Minecraft) Resizing Dynamic Transforms UBO, capacity limit of 4 reached during a single frame. New capacity will be 8.
[19:40:59] [Render thread/INFO] (Minecraft) Resizing Dynamic Transforms UBO, capacity limit of 8 reached during a single frame. New capacity will be 16.
[19:40:59] [Chunk Render Task Executor #1/INFO] (metallum) Sodium semantic HDR emission tagging is active (strength 15, exact true)
[19:40:59] [Download-1/ERROR] (Minecraft) Failed to retrieve profile key pair
MinecraftClientHttpException[type=HTTP_ERROR, status=401, response=ErrorResponse[path=/player/certificates, error=null, errorMessage=null, details=null]]
	at knot//com.mojang.authlib.minecraft.client.MinecraftClient.buildHttpException(MinecraftClient.java:170)
	at knot//com.mojang.authlib.minecraft.client.MinecraftClient.readServiceResponse(MinecraftClient.java:147)
	at knot//com.mojang.authlib.minecraft.client.MinecraftClient.post(MinecraftClient.java:89)
	at knot//com.mojang.authlib.yggdrasil.YggdrasilUserApiService.getKeyPair(YggdrasilUserApiService.java:62)
	at knot//net.minecraft.client.multiplayer.AccountProfileKeyPairManager.fetchProfileKeyPair(AccountProfileKeyPairManager.java:128)
	at knot//net.minecraft.client.multiplayer.AccountProfileKeyPairManager.lambda$readOrFetchProfileKeyPair$0(AccountProfileKeyPairManager.java:77)
	at java.base/java.util.concurrent.CompletableFuture$AsyncSupply.run(CompletableFuture.java:1789)
	at java.base/java.util.concurrent.ThreadPoolExecutor.runWorker(ThreadPoolExecutor.java:1090)
	at java.base/java.util.concurrent.ThreadPoolExecutor$Worker.run(ThreadPoolExecutor.java:614)
	at java.base/java.lang.Thread.run(Thread.java:1474)
[19:41:00] [Render thread/INFO] (metallum) METALLUM_BENCHMARK EVENT=WINDOW_READY monitor=Built-in Retina Display video_mode=3024x1964@120 (24bit) framebuffer=3024x1964 window=3024x1964 screen=3024x1964
[19:41:01] [Server thread/INFO] (metallum) METALLUM_BENCHMARK_DEBUG at=start level_exists=true player_exists=true server_dim=minecraft:overworld server_paused=false ticks=55 stageFrames=1 server_frozen=true client_ready=true
[19:41:01] [Server thread/INFO] (metallum) METALLUM_BENCHMARK_DEBUG before_teleport player_dim=minecraft:overworld
[19:41:01] [Server thread/INFO] (metallum) METALLUM_BENCHMARK_DEBUG after_teleport player_dim=minecraft:overworld teleported=true
[19:41:01] [Render thread/INFO] (metallum) METALLUM_BENCHMARK EVENT=ROUTE_APPLY route=gi-g0-overworld-v1 fixture=hdrtest-static-v1 player=MetallumBench/b07a402a-d8ea-354f-9398-aaf208a798b9 dimension=minecraft:overworld
[19:41:01] [Render thread/INFO] (metallum) METALLUM_BENCHMARK EVENT=SERVER_TICKS_FROZEN
[19:41:01] [Server thread/INFO] (metallum) METALLUM_BENCHMARK_DEBUG at=start level_exists=true player_exists=true server_dim=minecraft:overworld server_paused=false ticks=66 stageFrames=2 server_frozen=true client_ready=true
[19:41:01] [Render thread/INFO] (metallum) Native-resolution HDR fast path is active: fused HDR reconstruction and SDR UI seed, lightweight final composite
[19:41:02] [Server thread/INFO] (metallum) METALLUM_BENCHMARK_DEBUG at=start level_exists=true player_exists=true server_dim=minecraft:overworld server_paused=false ticks=74 stageFrames=33 server_frozen=true client_ready=true
[19:41:02] [Server thread/INFO] (metallum) METALLUM_BENCHMARK_DEBUG at=start level_exists=true player_exists=true server_dim=minecraft:overworld server_paused=false ticks=84 stageFrames=64 server_frozen=true client_ready=true
[19:41:02] [Server thread/INFO] (metallum) METALLUM_BENCHMARK_DEBUG at=start level_exists=true player_exists=true server_dim=minecraft:overworld server_paused=false ticks=93 stageFrames=95 server_frozen=true client_ready=true
[19:41:02] [Render thread/INFO] (metallum) METALLUM_BENCHMARK_DEBUG waiting_for_route mismatch client=null server=null stable_frames=7 target_stable_frames=120
[19:41:03] [Server thread/INFO] (metallum) METALLUM_BENCHMARK_DEBUG at=start level_exists=true player_exists=true server_dim=minecraft:overworld server_paused=false ticks=104 stageFrames=126 server_frozen=true client_ready=true
[19:41:03] [Render thread/INFO] (metallum) L6 local shadows: active=true, descriptors=130/snapshot=130, READY=26, STALE=0, APPROXIMATE=104, BUILDING=0, FAIL_CLOSED=0, cachedEdges=8:8/16:2/32:4/64:12, cacheCovered=33, coverageLimited=97, residents=26, pendingBuilds=6, pendingUploads=0 (73728 bytes), capacityBlocked=0, capacityWaitSkips=0, retryBackoff=0, uploads=2 (24576 bytes), proxies=16/16, maxSteps=96, dynamic=0/0/0 candidates/selected/dropped, held=false, dispatches=0, rays=0, ready=0, fallback=0, coverageMiss=0, transitions=0->0, failures=0, pages=0 bytes
[19:41:03] [Render thread/INFO] (metallum) METALLUM_L6_DYNAMIC candidates=0 selected=0 dropped=0 held=false dispatches=0 rays=0 ready=0 fallback=0 coverage_miss=0 static_to_dynamic=0 dynamic_to_static=0 failures=0 pages_bytes=0
[19:41:04] [Server thread/INFO] (metallum) METALLUM_BENCHMARK_DEBUG at=start level_exists=true player_exists=true server_dim=minecraft:overworld server_paused=false ticks=118 stageFrames=157 server_frozen=true client_ready=true
[19:41:04] [Server thread/INFO] (metallum) METALLUM_BENCHMARK_DEBUG at=start level_exists=true player_exists=true server_dim=minecraft:overworld server_paused=false ticks=133 stageFrames=188 server_frozen=true client_ready=true
[19:41:05] [Render thread/INFO] (metallum) METALLUM_BENCHMARK_DEBUG waiting_for_route mismatch client=null server=null stable_frames=107 target_stable_frames=120
[19:41:05] [Render thread/INFO] (metallum) METALLUM_BENCHMARK EVENT=ADVANCED_ADMISSION expected=advanced schema=5 defaults_used=false requested=advanced resolved=advanced l3=true l5=true l6=true status=PASS generation=6 shader_epoch=5 reason=none
[19:41:05] [Render thread/INFO] (metallum) METALLUM_BENCHMARK EVENT=ROUTE_READY route=gi-g0-overworld-v1 stable_frames=120 pose=[86.1241372798128,74.0,-95.57730763953901;155.397,13.2000065] max_fps=260 resolved_gui_scale=8 resource_packs=vanilla,fabric-api-base,fabric-block-getter-api-v2,fabric-lifecycle-events-v1,fabric-renderer-api-v1,fabric-rendering-fluids-v1,fabric-rendering-v1,fabric-resource-loader-v0,fabric-resource-loader-v1,fabric-transitive-access-wideners-v1,fabricloader,metallum,sodium
[19:41:05] [Render thread/INFO] (metallum) METALLUM_BENCHMARK EVENT=SEGMENT_START index=1 total=1 mode=OFF warmup=1800 measure=3000
[19:41:10] [Render thread/INFO] (metallum) L6 local shadows: active=true, descriptors=565/snapshot=565, READY=38, STALE=0, APPROXIMATE=527, BUILDING=0, FAIL_CLOSED=0, cachedEdges=8:20/16:2/32:4/64:12, cacheCovered=38, coverageLimited=527, residents=38, pendingBuilds=0, pendingUploads=0 (0 bytes), capacityBlocked=0, capacityWaitSkips=0, retryBackoff=0, uploads=0 (0 bytes), proxies=16/16, maxSteps=96, dynamic=0/0/0 candidates/selected/dropped, held=false, dispatches=0, rays=0, ready=0, fallback=0, coverageMiss=0, transitions=0->0, failures=0, pages=0 bytes
[19:41:10] [Render thread/INFO] (metallum) METALLUM_L6_DYNAMIC candidates=0 selected=0 dropped=0 held=false dispatches=0 rays=0 ready=0 fallback=0 coverage_miss=0 static_to_dynamic=0 dynamic_to_static=0 failures=0 pages_bytes=0
[19:41:17] [Render thread/INFO] (metallum) L6 local shadows: active=true, descriptors=565/snapshot=565, READY=38, STALE=0, APPROXIMATE=527, BUILDING=0, FAIL_CLOSED=0, cachedEdges=8:20/16:2/32:4/64:12, cacheCovered=38, coverageLimited=527, residents=38, pendingBuilds=0, pendingUploads=0 (0 bytes), capacityBlocked=0, capacityWaitSkips=0, retryBackoff=0, uploads=0 (0 bytes), proxies=16/16, maxSteps=96, dynamic=0/0/0 candidates/selected/dropped, held=false, dispatches=0, rays=0, ready=0, fallback=0, coverageMiss=0, transitions=0->0, failures=0, pages=0 bytes
[19:41:17] [Render thread/INFO] (metallum) METALLUM_L6_DYNAMIC candidates=0 selected=0 dropped=0 held=false dispatches=0 rays=0 ready=0 fallback=0 coverage_miss=0 static_to_dynamic=0 dynamic_to_static=0 failures=0 pages_bytes=0
[19:41:24] [Render thread/INFO] (metallum) L6 local shadows: active=true, descriptors=565/snapshot=565, READY=38, STALE=0, APPROXIMATE=527, BUILDING=0, FAIL_CLOSED=0, cachedEdges=8:20/16:2/32:4/64:12, cacheCovered=38, coverageLimited=527, residents=38, pendingBuilds=0, pendingUploads=0 (0 bytes), capacityBlocked=0, capacityWaitSkips=0, retryBackoff=0, uploads=0 (0 bytes), proxies=16/16, maxSteps=96, dynamic=0/0/0 candidates/selected/dropped, held=false, dispatches=0, rays=0, ready=0, fallback=0, coverageMiss=0, transitions=0->0, failures=0, pages=0 bytes
[19:41:24] [Render thread/INFO] (metallum) METALLUM_L6_DYNAMIC candidates=0 selected=0 dropped=0 held=false dispatches=0 rays=0 ready=0 fallback=0 coverage_miss=0 static_to_dynamic=0 dynamic_to_static=0 failures=0 pages_bytes=0
[19:41:31] [Render thread/INFO] (metallum) L6 local shadows: active=true, descriptors=565/snapshot=565, READY=38, STALE=0, APPROXIMATE=527, BUILDING=0, FAIL_CLOSED=0, cachedEdges=8:20/16:2/32:4/64:12, cacheCovered=38, coverageLimited=527, residents=38, pendingBuilds=0, pendingUploads=0 (0 bytes), capacityBlocked=0, capacityWaitSkips=0, retryBackoff=0, uploads=0 (0 bytes), proxies=16/16, maxSteps=96, dynamic=0/0/0 candidates/selected/dropped, held=false, dispatches=0, rays=0, ready=0, fallback=0, coverageMiss=0, transitions=0->0, failures=0, pages=0 bytes
[19:41:31] [Render thread/INFO] (metallum) METALLUM_L6_DYNAMIC candidates=0 selected=0 dropped=0 held=false dispatches=0 rays=0 ready=0 fallback=0 coverage_miss=0 static_to_dynamic=0 dynamic_to_static=0 failures=0 pages_bytes=0
[19:41:38] [Render thread/INFO] (metallum) L6 local shadows: active=true, descriptors=565/snapshot=565, READY=38, STALE=0, APPROXIMATE=527, BUILDING=0, FAIL_CLOSED=0, cachedEdges=8:20/16:2/32:4/64:12, cacheCovered=38, coverageLimited=527, residents=38, pendingBuilds=0, pendingUploads=0 (0 bytes), capacityBlocked=0, capacityWaitSkips=0, retryBackoff=0, uploads=0 (0 bytes), proxies=16/16, maxSteps=96, dynamic=0/0/0 candidates/selected/dropped, held=false, dispatches=0, rays=0, ready=0, fallback=0, coverageMiss=0, transitions=0->0, failures=0, pages=0 bytes
[19:41:38] [Render thread/INFO] (metallum) METALLUM_L6_DYNAMIC candidates=0 selected=0 dropped=0 held=false dispatches=0 rays=0 ready=0 fallback=0 coverage_miss=0 static_to_dynamic=0 dynamic_to_static=0 failures=0 pages_bytes=0
[19:41:44] [Render thread/INFO] (metallum) L6 local shadows: active=true, descriptors=565/snapshot=565, READY=38, STALE=0, APPROXIMATE=527, BUILDING=0, FAIL_CLOSED=0, cachedEdges=8:20/16:2/32:4/64:12, cacheCovered=38, coverageLimited=527, residents=38, pendingBuilds=0, pendingUploads=0 (0 bytes), capacityBlocked=0, capacityWaitSkips=0, retryBackoff=0, uploads=0 (0 bytes), proxies=16/16, maxSteps=96, dynamic=0/0/0 candidates/selected/dropped, held=false, dispatches=0, rays=0, ready=0, fallback=0, coverageMiss=0, transitions=0->0, failures=0, pages=0 bytes
[19:41:44] [Render thread/INFO] (metallum) METALLUM_L6_DYNAMIC candidates=0 selected=0 dropped=0 held=false dispatches=0 rays=0 ready=0 fallback=0 coverage_miss=0 static_to_dynamic=0 dynamic_to_static=0 failures=0 pages_bytes=0
[19:41:46] [Server thread/INFO] (metallum) METALLUM_BENCHMARK_DEBUG at=start level_exists=true player_exists=true server_dim=minecraft:overworld server_paused=false ticks=965 stageFrames=212 server_frozen=true client_ready=true
[19:41:46] [Render thread/INFO] (metallum) METALLUM_BENCHMARK EVENT=ROUTE_CHECK event=MEASURE_START route=gi-g0-overworld-v1 status=ready
[19:41:46] [Render thread/INFO] (metallum) METALLUM_BENCHMARK EVENT=VERTEX_REFLECTION_ADMISSION enabled=false state=OFF ready=false generation=3/0 origin=[0,0,0] sections=0/0/0 expected=0 invalidation=null quality_face_aware=true quality_first_surface=true quality_confidence=true
[19:41:46] [Render thread/INFO] (metallum) METALLUM_BENCHMARK EVENT=MEASURE_START index=1 mode=OFF presented_frame=1800
[19:41:51] [Render thread/INFO] (metallum) L6 local shadows: active=true, descriptors=565/snapshot=565, READY=38, STALE=0, APPROXIMATE=527, BUILDING=0, FAIL_CLOSED=0, cachedEdges=8:20/16:2/32:4/64:12, cacheCovered=38, coverageLimited=527, residents=38, pendingBuilds=0, pendingUploads=0 (0 bytes), capacityBlocked=0, capacityWaitSkips=0, retryBackoff=0, uploads=0 (0 bytes), proxies=16/16, maxSteps=96, dynamic=0/0/0 candidates/selected/dropped, held=false, dispatches=0, rays=0, ready=0, fallback=0, coverageMiss=0, transitions=0->0, failures=0, pages=0 bytes
[19:41:51] [Render thread/INFO] (metallum) METALLUM_L6_DYNAMIC candidates=0 selected=0 dropped=0 held=false dispatches=0 rays=0 ready=0 fallback=0 coverage_miss=0 static_to_dynamic=0 dynamic_to_static=0 failures=0 pages_bytes=0
[19:41:58] [Render thread/INFO] (metallum) L6 local shadows: active=true, descriptors=565/snapshot=565, READY=38, STALE=0, APPROXIMATE=527, BUILDING=0, FAIL_CLOSED=0, cachedEdges=8:20/16:2/32:4/64:12, cacheCovered=38, coverageLimited=527, residents=38, pendingBuilds=0, pendingUploads=0 (0 bytes), capacityBlocked=0, capacityWaitSkips=0, retryBackoff=0, uploads=0 (0 bytes), proxies=16/16, maxSteps=96, dynamic=0/0/0 candidates/selected/dropped, held=false, dispatches=0, rays=0, ready=0, fallback=0, coverageMiss=0, transitions=0->0, failures=0, pages=0 bytes
[19:41:58] [Render thread/INFO] (metallum) METALLUM_L6_DYNAMIC candidates=0 selected=0 dropped=0 held=false dispatches=0 rays=0 ready=0 fallback=0 coverage_miss=0 static_to_dynamic=0 dynamic_to_static=0 failures=0 pages_bytes=0
[19:42:05] [Render thread/INFO] (metallum) L6 local shadows: active=true, descriptors=565/snapshot=565, READY=38, STALE=0, APPROXIMATE=527, BUILDING=0, FAIL_CLOSED=0, cachedEdges=8:20/16:2/32:4/64:12, cacheCovered=38, coverageLimited=527, residents=38, pendingBuilds=0, pendingUploads=0 (0 bytes), capacityBlocked=0, capacityWaitSkips=0, retryBackoff=0, uploads=0 (0 bytes), proxies=16/16, maxSteps=96, dynamic=0/0/0 candidates/selected/dropped, held=false, dispatches=0, rays=0, ready=0, fallback=0, coverageMiss=0, transitions=0->0, failures=0, pages=0 bytes
[19:42:05] [Render thread/INFO] (metallum) METALLUM_L6_DYNAMIC candidates=0 selected=0 dropped=0 held=false dispatches=0 rays=0 ready=0 fallback=0 coverage_miss=0 static_to_dynamic=0 dynamic_to_static=0 failures=0 pages_bytes=0
[19:42:12] [Render thread/INFO] (metallum) L6 local shadows: active=true, descriptors=565/snapshot=565, READY=38, STALE=0, APPROXIMATE=527, BUILDING=0, FAIL_CLOSED=0, cachedEdges=8:20/16:2/32:4/64:12, cacheCovered=38, coverageLimited=527, residents=38, pendingBuilds=0, pendingUploads=0 (0 bytes), capacityBlocked=0, capacityWaitSkips=0, retryBackoff=0, uploads=0 (0 bytes), proxies=16/16, maxSteps=96, dynamic=0/0/0 candidates/selected/dropped, held=false, dispatches=0, rays=0, ready=0, fallback=0, coverageMiss=0, transitions=0->0, failures=0, pages=0 bytes
[19:42:12] [Render thread/INFO] (metallum) METALLUM_L6_DYNAMIC candidates=0 selected=0 dropped=0 held=false dispatches=0 rays=0 ready=0 fallback=0 coverage_miss=0 static_to_dynamic=0 dynamic_to_static=0 failures=0 pages_bytes=0
[19:42:19] [Render thread/INFO] (metallum) L6 local shadows: active=true, descriptors=565/snapshot=565, READY=38, STALE=0, APPROXIMATE=527, BUILDING=0, FAIL_CLOSED=0, cachedEdges=8:20/16:2/32:4/64:12, cacheCovered=38, coverageLimited=527, residents=38, pendingBuilds=0, pendingUploads=0 (0 bytes), capacityBlocked=0, capacityWaitSkips=0, retryBackoff=0, uploads=0 (0 bytes), proxies=16/16, maxSteps=96, dynamic=0/0/0 candidates/selected/dropped, held=false, dispatches=0, rays=0, ready=0, fallback=0, coverageMiss=0, transitions=0->0, failures=0, pages=0 bytes
[19:42:19] [Render thread/INFO] (metallum) METALLUM_L6_DYNAMIC candidates=0 selected=0 dropped=0 held=false dispatches=0 rays=0 ready=0 fallback=0 coverage_miss=0 static_to_dynamic=0 dynamic_to_static=0 failures=0 pages_bytes=0
[19:42:25] [Render thread/INFO] (metallum) L6 local shadows: active=true, descriptors=565/snapshot=565, READY=38, STALE=0, APPROXIMATE=527, BUILDING=0, FAIL_CLOSED=0, cachedEdges=8:20/16:2/32:4/64:12, cacheCovered=38, coverageLimited=527, residents=38, pendingBuilds=0, pendingUploads=0 (0 bytes), capacityBlocked=0, capacityWaitSkips=0, retryBackoff=0, uploads=0 (0 bytes), proxies=16/16, maxSteps=96, dynamic=0/0/0 candidates/selected/dropped, held=false, dispatches=0, rays=0, ready=0, fallback=0, coverageMiss=0, transitions=0->0, failures=0, pages=0 bytes
[19:42:25] [Render thread/INFO] (metallum) METALLUM_L6_DYNAMIC candidates=0 selected=0 dropped=0 held=false dispatches=0 rays=0 ready=0 fallback=0 coverage_miss=0 static_to_dynamic=0 dynamic_to_static=0 failures=0 pages_bytes=0
[19:42:32] [Render thread/INFO] (metallum) L6 local shadows: active=true, descriptors=565/snapshot=565, READY=38, STALE=0, APPROXIMATE=527, BUILDING=0, FAIL_CLOSED=0, cachedEdges=8:20/16:2/32:4/64:12, cacheCovered=38, coverageLimited=527, residents=38, pendingBuilds=0, pendingUploads=0 (0 bytes), capacityBlocked=0, capacityWaitSkips=0, retryBackoff=0, uploads=0 (0 bytes), proxies=16/16, maxSteps=96, dynamic=0/0/0 candidates/selected/dropped, held=false, dispatches=0, rays=0, ready=0, fallback=0, coverageMiss=0, transitions=0->0, failures=0, pages=0 bytes
[19:42:32] [Render thread/INFO] (metallum) METALLUM_L6_DYNAMIC candidates=0 selected=0 dropped=0 held=false dispatches=0 rays=0 ready=0 fallback=0 coverage_miss=0 static_to_dynamic=0 dynamic_to_static=0 failures=0 pages_bytes=0
[19:42:39] [Render thread/INFO] (metallum) L6 local shadows: active=true, descriptors=565/snapshot=565, READY=38, STALE=0, APPROXIMATE=527, BUILDING=0, FAIL_CLOSED=0, cachedEdges=8:20/16:2/32:4/64:12, cacheCovered=38, coverageLimited=527, residents=38, pendingBuilds=0, pendingUploads=0 (0 bytes), capacityBlocked=0, capacityWaitSkips=0, retryBackoff=0, uploads=0 (0 bytes), proxies=16/16, maxSteps=96, dynamic=0/0/0 candidates/selected/dropped, held=false, dispatches=0, rays=0, ready=0, fallback=0, coverageMiss=0, transitions=0->0, failures=0, pages=0 bytes
[19:42:39] [Render thread/INFO] (metallum) METALLUM_L6_DYNAMIC candidates=0 selected=0 dropped=0 held=false dispatches=0 rays=0 ready=0 fallback=0 coverage_miss=0 static_to_dynamic=0 dynamic_to_static=0 failures=0 pages_bytes=0
[19:42:46] [Render thread/INFO] (metallum) L6 local shadows: active=true, descriptors=565/snapshot=565, READY=38, STALE=0, APPROXIMATE=527, BUILDING=0, FAIL_CLOSED=0, cachedEdges=8:20/16:2/32:4/64:12, cacheCovered=38, coverageLimited=527, residents=38, pendingBuilds=0, pendingUploads=0 (0 bytes), capacityBlocked=0, capacityWaitSkips=0, retryBackoff=0, uploads=0 (0 bytes), proxies=16/16, maxSteps=96, dynamic=0/0/0 candidates/selected/dropped, held=false, dispatches=0, rays=0, ready=0, fallback=0, coverageMiss=0, transitions=0->0, failures=0, pages=0 bytes
[19:42:46] [Render thread/INFO] (metallum) METALLUM_L6_DYNAMIC candidates=0 selected=0 dropped=0 held=false dispatches=0 rays=0 ready=0 fallback=0 coverage_miss=0 static_to_dynamic=0 dynamic_to_static=0 failures=0 pages_bytes=0
[19:42:53] [Render thread/INFO] (metallum) L6 local shadows: active=true, descriptors=565/snapshot=565, READY=38, STALE=0, APPROXIMATE=527, BUILDING=0, FAIL_CLOSED=0, cachedEdges=8:20/16:2/32:4/64:12, cacheCovered=38, coverageLimited=527, residents=38, pendingBuilds=0, pendingUploads=0 (0 bytes), capacityBlocked=0, capacityWaitSkips=0, retryBackoff=0, uploads=0 (0 bytes), proxies=16/16, maxSteps=96, dynamic=0/0/0 candidates/selected/dropped, held=false, dispatches=0, rays=0, ready=0, fallback=0, coverageMiss=0, transitions=0->0, failures=0, pages=0 bytes
[19:42:53] [Render thread/INFO] (metallum) METALLUM_L6_DYNAMIC candidates=0 selected=0 dropped=0 held=false dispatches=0 rays=0 ready=0 fallback=0 coverage_miss=0 static_to_dynamic=0 dynamic_to_static=0 failures=0 pages_bytes=0
[19:42:54] [Render thread/INFO] (metallum) METALLUM_BENCHMARK EVENT=MEASURE_END index=1 mode=OFF presented_frame=4800
[19:42:54] [Server thread/INFO] (metallum) METALLUM_BENCHMARK_DEBUG at=start level_exists=true player_exists=true server_dim=minecraft:overworld server_paused=false ticks=2327 stageFrames=212 server_frozen=true client_ready=true
[19:42:54] [Render thread/INFO] (metallum) METALLUM_BENCHMARK EVENT=ROUTE_CHECK event=MEASURE_END route=gi-g0-overworld-v1 status=ready
[19:42:54] [Render thread/INFO] (metallum) METALLUM_BENCHMARK EVENT=COMPLETE segments=1 measured_frames=3000 framebuffer=3024x1964
[19:42:54] [Server thread/INFO] (metallum) METALLUM_BENCHMARK EVENT=SURVIVAL_GUARD_RESTORED player=b07a402a-d8ea-354f-9398-aaf208a798b9 health=20.0
[19:42:54] [Render thread/INFO] (Minecraft) Stopping!
[19:42:54] [Server thread/INFO] (Minecraft) Stopping server
[19:42:54] [Server thread/INFO] (Minecraft) Saving players
[19:42:54] [Server thread/INFO] (Minecraft) MetallumBench lost connection: Disconnected
[19:42:54] [Server thread/INFO] (Minecraft) MetallumBench left the game
[19:42:54] [Server thread/INFO] (Minecraft) Stopping singleplayer server as player logged out
[19:42:54] [Server thread/INFO] (Minecraft) Saving worlds
[19:42:54] [Server thread/INFO] (Minecraft) Saving chunks for level 'ServerLevel[world]'/minecraft:overworld
[19:42:54] [Server thread/INFO] (Minecraft) Saving chunks for level 'ServerLevel[world]'/minecraft:the_end
[19:42:54] [Server thread/INFO] (Minecraft) Saving chunks for level 'ServerLevel[world]'/minecraft:the_nether
[19:42:54] [Server thread/INFO] (Minecraft) ThreadedAnvilChunkStorage (world): All chunks are saved
[19:42:54] [Server thread/INFO] (Minecraft) ThreadedAnvilChunkStorage (DIM1): All chunks are saved
[19:42:54] [Server thread/INFO] (Minecraft) ThreadedAnvilChunkStorage (DIM-1): All chunks are saved
[19:42:54] [Server thread/INFO] (Minecraft) ThreadedAnvilChunkStorage: All dimensions are saved
[19:42:54] [Render thread/INFO] (ChunkBuilder) Stopping worker threads
