Picked up JAVA_TOOL_OPTIONS: 
To honour the JVM settings for this build a single-use Daemon process will be forked. For more on this, please refer to https://docs.gradle.org/9.4.1/userguide/gradle_daemon.html#sec:disabling_the_daemon in the Gradle documentation.
Daemon will be stopped at the end of the build 

> Configure project :
Fabric Loom: 1.16.3

> Task :compileJava UP-TO-DATE
> Task :buildMacNative UP-TO-DATE
> Task :compileClearMetal UP-TO-DATE
> Task :compileClusterBuildMetal UP-TO-DATE
> Task :compileDynamicVoxelShadowMetal UP-TO-DATE
> Task :compileEntityMotionMetal UP-TO-DATE
> Task :compileGiFieldMetal UP-TO-DATE
> Task :compileHdrEffectsMetal UP-TO-DATE
> Task :compilePresentMetal UP-TO-DATE
> Task :compileRadianceClipmapMetal UP-TO-DATE
> Task :compileSodiumLightPatchMetal UP-TO-DATE
> Task :compileTemporalDiagnosticsMetal UP-TO-DATE
> Task :compileVoxelOccupancyMetal UP-TO-DATE
> Task :linkMacBuiltinMetallib UP-TO-DATE
> Task :processResources UP-TO-DATE
> Task :classes UP-TO-DATE
> Task :generateLog4jConfig UP-TO-DATE
> Task :generateDLIConfig UP-TO-DATE
> Task :configureLaunch UP-TO-DATE
> Task :downloadAssets UP-TO-DATE
> Task :configureClientLaunch UP-TO-DATE

> Task :runClient
Picked up JAVA_TOOL_OPTIONS: 
[19:37:57] [main/INFO] (FabricLoader/GameProvider) Loading Minecraft 26.2 with Fabric Loader 0.19.3
[19:37:57] [main/INFO] (FabricLoader/Mappings) Mappings not present!
[19:37:57] [main/INFO] (FabricLoader) Loading 15 mods:
	- fabricloader 0.19.3
	- java 25
	- metallum 0.0.21
	- minecraft 26.2
	- mixinextras 0.5.4
	- sodium 0.9.1+mc26.2
	   |-- fabric-api-base 2.0.4+ece063239c
	   |-- fabric-block-getter-api-v2 2.0.7+ec56b6019c
	   |-- fabric-lifecycle-events-v1 4.1.3+4575b05f9c
	   |-- fabric-renderer-api-v1 14.0.1+eec4cc519c
	   |-- fabric-rendering-fluids-v1 6.0.4+06488ac19c
	   |-- fabric-rendering-v1 25.1.6+46a6d00c9c
	   |-- fabric-resource-loader-v0 3.3.20+4fc5413f9c
	   |-- fabric-resource-loader-v1 2.0.13+9edec1269c
	   \-- fabric-transitive-access-wideners-v1 8.1.3+e098252d9c
[19:37:57] [main/INFO] (FabricLoader/Mixin) SpongePowered MIXIN Subsystem Version=0.8.7 Source=file:/Users/sergejgenerozov/.gradle/caches/modules-2/files-2.1/net.fabricmc/sponge-mixin/0.17.3+mixin.0.8.7/41c4a3984a80f4679e759fb9f495587acc5cdac7/sponge-mixin-0.17.3+mixin.0.8.7.jar Service=Knot/Fabric Env=CLIENT
[19:37:57] [main/INFO] (FabricLoader/Mixin) Compatibility level set to JAVA_25
[19:37:57] [main/INFO] (Sodium) Loaded configuration file for Sodium: 36 options available, 0 override(s) found
[19:37:57] [main/INFO] (Sodium-GraphicsAdapterProbe) Searching for graphics cards...
[19:37:57] [main/INFO] (FabricLoader/MixinExtras|Service) Initializing MixinExtras via com.llamalad7.mixinextras.service.MixinExtrasServiceImpl(version=0.5.4).
[19:37:58] [Datafixer Bootstrap #0/INFO] (Minecraft) 295 Datafixer optimizations took 206 milliseconds
[19:37:59] [main/WARN] (MacOperatingSystem) Unable to parse version 27.0 to a codename.
[19:38:02] [Render thread/INFO] (Minecraft) Environment: Environment[sessionHost=https://sessionserver.mojang.com, servicesHost=https://api.minecraftservices.com, profilesHost=https://api.mojang.com, name=PROD]
[19:38:02] [Render thread/INFO] (Minecraft) Setting user: MetallumBench
[19:38:02] [Render thread/INFO] (Minecraft) Backend library: LWJGL version 3.4.1-snapshot
[19:38:03] [Render thread/INFO] (metallum) Metal device: Apple M1 Pro
2026-08-26 19:38:03.227 java[71457:7981316] [metallum] Precompiled Metal library ready in 0.237 ms (34 functions)
2026-08-26 19:38:03.228 java[71457:7981316] [metallum] Built-in Metal pipeline warmup: mode PRECOMPILED, library 0.237 ms, pipelines 0.584 ms, PSOs 5, cache 5 hit / 5 miss, source compiles 0 (0.000 ms), failures 0
[19:38:03] [Render thread/INFO] (metallum) Semantic HDR shaders: enabled (configured mode SCENE, potential EDR headroom 16.0)
[19:38:03] [Render thread/INFO] (metallum) Configured HDR mode: SCENE, FP16 scene path: enabled
[19:38:03] [Render thread/INFO] (metallum) MetalFX spatial scaling support: available
[19:38:03] [Render thread/INFO] (metallum) MetalFX temporal scaling support: available
[19:38:03] [Render thread/INFO] (metallum) Temporal camera-motion diagnostics: disabled
[19:38:03] [Render thread/INFO] (metallum) Renderer generation request: contract=METALLUM, lighting=ADVANCED, preset=BALANCED, frameInterpolation=false (production executor Metal 3)
[19:38:03] [Render thread/INFO] (Minecraft) Using graphics backend Metal, using drivers: macOS 27.0
[19:38:03] [Render thread/INFO] (Minecraft) Using graphics device: Apple M1 Pro (Apple)
[19:38:03] [Render thread/INFO] (Minecraft) Using graphics device extensions: MTLDevice, CAMetalLayer
[19:38:03] [Render thread/INFO] (metallum) MainTarget scene contract: METALLUM_HDR_ACTUAL_RADIANCE, format: RGBA16_FLOAT
[19:38:04] [Render thread/INFO] (Minecraft) Reloading ResourceManager: vanilla, fabric-api-base, fabric-block-getter-api-v2, fabric-lifecycle-events-v1, fabric-renderer-api-v1, fabric-rendering-fluids-v1, fabric-rendering-v1, fabric-resource-loader-v0, fabric-resource-loader-v1, fabric-transitive-access-wideners-v1, fabricloader, metallum, sodium
[19:38:05] [Download-1/INFO] (Minecraft) Could not authorize you against Realms server: java.lang.RuntimeException: Failed to parse into SignedJWT: FabricMC
[19:38:05] [Render thread/INFO] (metallum) Semantic HDR enhancement is active with current EDR headroom 1.2
[19:38:05] [Render thread/INFO] (metallum) Metal output: ENHANCED (current EDR headroom 1.2, potential 16.0)
[19:38:05] [Render thread/WARN] (metallum) Renderer generation request resolved with fallback [MATERIAL_CONTRACT_UNAVAILABLE]: contract=LEGACY, lighting=VANILLA, output=HDR, upscale=NATIVE, interpolation=OFF
[19:38:05] [Render thread/INFO] (metallum) Seeded SDR GUI target is active (RGBA8_UNORM)
[19:38:05] [Worker-Main-7/INFO] (Minecraft) Found unifont_all_no_pua-17.0.01.hex, loading
[19:38:05] [Worker-Main-5/INFO] (Minecraft) Found unifont_pua-17.0.01.hex, loading
[19:38:05] [Worker-Main-8/INFO] (Minecraft) Found unifont_jp_patch-17.0.01.hex, loading
[19:38:14] [Render thread/INFO] (metallum) Linear scene shader preflight active: all required Minecraft 26.2 and Sodium scene shaders passed preflight
[19:38:14] [Render thread/INFO] (metallum) METALLUM material contract active: all Minecraft 26.2 and Sodium material roles passed source and PSO preflight
[19:38:14] [Render thread/INFO] (metallum) Advanced shader generation active: Minecraft 26.2 and Sodium 0.9.1 Advanced terrain/entity/end-portal sources passed preflight
[19:38:14] [Render thread/INFO] (Minecraft) OpenAL initialized on device Динамики MacBook Pro
[19:38:14] [Render thread/INFO] (Minecraft) Sound engine started
[19:38:14] [Render thread/INFO] (Minecraft) Created: 512x256x0 minecraft:textures/atlas/particles.png-atlas
[19:38:14] [Render thread/INFO] (Minecraft) Created: 128x128x0 minecraft:textures/atlas/decorated_pot.png-atlas
[19:38:14] [Render thread/INFO] (Minecraft) Created: 2048x1024x0 minecraft:textures/atlas/armor_trims.png-atlas
[19:38:14] [Render thread/INFO] (Minecraft) Created: 512x256x0 minecraft:textures/atlas/paintings.png-atlas
[19:38:14] [Render thread/INFO] (Minecraft) Created: 1024x512x0 minecraft:textures/atlas/shield_patterns.png-atlas
[19:38:14] [Render thread/INFO] (Minecraft) Created: 4096x2048x4 minecraft:textures/atlas/blocks.png-atlas
[19:38:14] [Render thread/INFO] (metallum) Loaded 1269 partial emissive terrain texture overlays
[19:38:14] [Render thread/INFO] (Minecraft) Created: 512x512x0 minecraft:textures/atlas/chest.png-atlas
[19:38:14] [Render thread/INFO] (Minecraft) Created: 256x128x0 minecraft:textures/atlas/celestials.png-atlas
[19:38:14] [Render thread/INFO] (Minecraft) Created: 1024x512x0 minecraft:textures/atlas/banner_patterns.png-atlas
[19:38:14] [Render thread/INFO] (Minecraft) Created: 1024x512x0 minecraft:textures/atlas/items.png-atlas
[19:38:14] [Render thread/INFO] (Minecraft) Created: 1024x1024x0 minecraft:textures/atlas/gui.png-atlas
[19:38:14] [Render thread/INFO] (Minecraft) Created: 128x64x0 minecraft:textures/atlas/map_decorations.png-atlas
[19:38:14] [Render thread/INFO] (Minecraft) Created: 512x512x0 minecraft:textures/atlas/shulker_boxes.png-atlas
[19:38:15] [Render thread/INFO] (metallum) Built face-aware water-reflection appearance for 30989 block states (0 fallbacks)
[19:38:15] [Render thread/INFO] (metallum) Renderer generation admitted: contract=METALLUM, lighting=ADVANCED, output=HDR, upscale=NATIVE, interpolation=OFF
[19:38:16] [Render thread/INFO] (Minecraft) Loaded 1585 recipes
[19:38:16] [Render thread/INFO] (Minecraft) Loaded 1688 advancements
[19:38:16] [Server thread/INFO] (Minecraft) Starting integrated minecraft server version 26.2
[19:38:16] [Server thread/INFO] (Minecraft) Generating keypair
[19:38:16] [Server thread/INFO] (Minecraft) Loading 0 persistent chunks...
[19:38:16] [Server thread/INFO] (Minecraft) Preparing spawn area: 16%
[19:38:16] [Server thread/INFO] (Minecraft) Saving chunks for level 'ServerLevel[world]'/minecraft:overworld
[19:38:16] [Server thread/INFO] (Minecraft) Saving chunks for level 'ServerLevel[world]'/minecraft:the_end
[19:38:16] [Server thread/INFO] (Minecraft) Saving chunks for level 'ServerLevel[world]'/minecraft:the_nether
[19:38:16] [Server thread/INFO] (Minecraft) ThreadedAnvilChunkStorage (world): All chunks are saved
[19:38:16] [Server thread/INFO] (Minecraft) ThreadedAnvilChunkStorage (DIM1): All chunks are saved
[19:38:16] [Server thread/INFO] (Minecraft) ThreadedAnvilChunkStorage (DIM-1): All chunks are saved
[19:38:16] [Server thread/INFO] (Minecraft) ThreadedAnvilChunkStorage: All dimensions are saved
[19:38:18] [Server thread/INFO] (Minecraft) Loading 49 chunks for player spawn...
[19:38:18] [Server thread/INFO] (Minecraft) Preparing spawn area: 16%
[19:38:18] [Server thread/INFO] (Minecraft) Preparing spawn area: 16%
[19:38:18] [Server thread/INFO] (Minecraft) Time elapsed: 1366 ms
[19:38:18] [Server thread/INFO] (Minecraft) MetallumBench[local:E:fecd635e] logged in with entity id 101 at (86.1241372798128, 74.0, -95.57730763953901)
[19:38:18] [Server thread/INFO] (Minecraft) MetallumBench joined the game
[19:38:18] [Server thread/INFO] (Minecraft) Changing view distance to 16, from 10
[19:38:18] [Server thread/INFO] (Minecraft) Changing simulation distance to 12, from 0
[19:38:18] [Render thread/INFO] (ChunkBuilder) Started 4 worker threads
[19:38:18] [Render thread/INFO] (metallum) METALLUM_BENCHMARK EVENT=ARMED scope=Built-in Retina Display target=3024x1964 warmup=1800 measure=3000 sequence=[OFF] route=gi-g0-overworld-v1
[19:38:18] [Render thread/INFO] (Minecraft) Loaded 2 advancements
[19:38:18] [Render thread/INFO] (metallum) METALLUM_BENCHMARK EVENT=MONITOR handle=534911142144 name=Built-in Retina Display modes=[1920x1200@48, 1920x1200@50, 1920x1200@60, 1920x1200@120, 2048x1280@48, 2048x1280@50, 2048x1280@60, 2048x1280@120, 2048x1330@48, 2048x1330@50, 2048x1330@60, 2048x1330@120, 2294x1432@48, 2294x1432@50, 2294x1432@60, 2294x1432@120, 2294x1490@48, 2294x1490@50, 2294x1490@60, 2294x1490@120, 2560x1600@48, 2560x1600@50, 2560x1600@60, 2560x1600@120, 2704x1690@48, 2704x1690@50, 2704x1690@60, 2704x1690@120, 2704x1756@48, 2704x1756@50, 2704x1756@60, 2704x1756@120, 3024x1890@48, 3024x1890@50, 3024x1890@60, 3024x1890@120, 3024x1964@48, 3024x1964@50, 3024x1964@60, 3024x1964@120]
[19:38:18] [Server thread/INFO] (metallum) METALLUM_BENCHMARK EVENT=SURVIVAL_GUARD_APPLIED player=b07a402a-d8ea-354f-9398-aaf208a798b9 original_health=20.0
[19:38:18] [Render thread/INFO] (ChunkBuilder) Stopping worker threads
[19:38:18] [Render thread/INFO] (ChunkBuilder) Started 4 worker threads
[19:38:18] [Render thread/INFO] (Minecraft) Resizing Dynamic Transforms UBO, capacity limit of 2 reached during a single frame. New capacity will be 4.
[19:38:18] [Render thread/INFO] (metallum) METALLUM_BENCHMARK EVENT=MOVE_WINDOW monitor=3024x1964@120 (24bit) workarea=0,33 1512x949
[19:38:19] [Render thread/INFO] (Minecraft) Resizing Dynamic Transforms UBO, capacity limit of 4 reached during a single frame. New capacity will be 8.
[19:38:19] [Render thread/INFO] (Minecraft) Resizing Dynamic Transforms UBO, capacity limit of 8 reached during a single frame. New capacity will be 16.
[19:38:19] [Download-1/ERROR] (Minecraft) Failed to retrieve profile key pair

MinecraftClientHttpException[type=HTTP_ERROR, status=401, response=ErrorResponse[path=/player/certificates, error=null, errorMessage=null, details=null]]
	at knot//com.mojang.authlib.minecraft.client.MinecraftClient.buildHttpException(MinecraftClient.java:170)
	at knot//com.mojang.authlib.minecraft.client.MinecraftClient.readServiceResponse(MinecraftClient.java:147)
	at knot//com.mojang.authlib.minecraft.client.MinecraftClient.post(MinecraftClient.java:89)
	at knot//com.mojang.authlib.yggdrasil.YggdrasilUserApiService.getKeyPair(YggdrasilUserApiService.java:62)
	at knot//net.minecraft.client.multiplayer.AccountProfileKeyPairManager.fetchProfileKeyPair(AccountProfileKeyPairManager.java:128)
	at knot//net.minecraft.client.multiplayer.AccountProfileKeyPairManager.lambda$readOrFetchProfileKeyPair$0(AccountProfileKeyPairManager.java:77)
	at java.base/java.util.concurrent.CompletableFuture$AsyncSupply.run(CompletableFuture.java:1789)
	at java.base/java.util.concurrent.ThreadPoolExecutor.runWorker(ThreadPoolExecutor.java:1090)
	at java.base/java.util.concurrent.ThreadPoolExecutor$Worker.run(ThreadPoolExecutor.java:614)
	at java.base/java.lang.Thread.run(Thread.java:1474)
[19:38:19] [Chunk Render Task Executor #1/INFO] (metallum) Sodium semantic HDR emission tagging is active (strength 15, exact true)
[19:38:20] [Render thread/INFO] (metallum) METALLUM_BENCHMARK EVENT=WINDOW_READY monitor=Built-in Retina Display video_mode=3024x1964@120 (24bit) framebuffer=3024x1964 window=3024x1964 screen=3024x1964
[19:38:20] [Server thread/INFO] (metallum) METALLUM_BENCHMARK_DEBUG at=start level_exists=true player_exists=true server_dim=minecraft:overworld server_paused=false ticks=52 stageFrames=1 server_frozen=true client_ready=true
[19:38:20] [Server thread/INFO] (metallum) METALLUM_BENCHMARK_DEBUG before_teleport player_dim=minecraft:overworld
[19:38:20] [Server thread/INFO] (metallum) METALLUM_BENCHMARK_DEBUG after_teleport player_dim=minecraft:overworld teleported=true
[19:38:21] [Render thread/INFO] (metallum) METALLUM_BENCHMARK EVENT=ROUTE_APPLY route=gi-g0-overworld-v1 fixture=hdrtest-static-v1 player=MetallumBench/b07a402a-d8ea-354f-9398-aaf208a798b9 dimension=minecraft:overworld
[19:38:21] [Render thread/INFO] (metallum) METALLUM_BENCHMARK EVENT=SERVER_TICKS_FROZEN
[19:38:21] [Server thread/INFO] (metallum) METALLUM_BENCHMARK_DEBUG at=start level_exists=true player_exists=true server_dim=minecraft:overworld server_paused=false ticks=64 stageFrames=2 server_frozen=true client_ready=true
[19:38:21] [Render thread/INFO] (metallum) Native-resolution HDR fast path is active: fused HDR reconstruction and SDR UI seed, lightweight final composite
[19:38:22] [Server thread/INFO] (metallum) METALLUM_BENCHMARK_DEBUG at=start level_exists=true player_exists=true server_dim=minecraft:overworld server_paused=false ticks=75 stageFrames=33 server_frozen=true client_ready=true
[19:38:22] [Server thread/INFO] (metallum) METALLUM_BENCHMARK_DEBUG at=start level_exists=true player_exists=true server_dim=minecraft:overworld server_paused=false ticks=84 stageFrames=64 server_frozen=true client_ready=true
[19:38:22] [Server thread/INFO] (metallum) METALLUM_BENCHMARK_DEBUG at=start level_exists=true player_exists=true server_dim=minecraft:overworld server_paused=false ticks=93 stageFrames=95 server_frozen=true client_ready=true
[19:38:23] [Render thread/INFO] (metallum) METALLUM_BENCHMARK_DEBUG waiting_for_route mismatch client=null server=null stable_frames=17 target_stable_frames=120
[19:38:23] [Server thread/INFO] (metallum) METALLUM_BENCHMARK_DEBUG at=start level_exists=true player_exists=true server_dim=minecraft:overworld server_paused=false ticks=105 stageFrames=126 server_frozen=true client_ready=true
[19:38:23] [Render thread/INFO] (metallum) L6 local shadows: active=true, descriptors=140/snapshot=140, READY=28, STALE=2, APPROXIMATE=110, BUILDING=0, FAIL_CLOSED=0, cachedEdges=8:12/16:2/32:4/64:12, cacheCovered=33, coverageLimited=107, residents=30, pendingBuilds=4, pendingUploads=0 (49152 bytes), capacityBlocked=0, capacityWaitSkips=0, retryBackoff=0, uploads=1 (12288 bytes), proxies=16/16, maxSteps=96, dynamic=0/0/0 candidates/selected/dropped, held=false, dispatches=0, rays=0, ready=0, fallback=0, coverageMiss=0, transitions=0->0, failures=0, pages=0 bytes
[19:38:23] [Render thread/INFO] (metallum) METALLUM_L6_DYNAMIC candidates=0 selected=0 dropped=0 held=false dispatches=0 rays=0 ready=0 fallback=0 coverage_miss=0 static_to_dynamic=0 dynamic_to_static=0 failures=0 pages_bytes=0
2026-08-26 19:38:24.165 java[71457:7981653] [metallum] GPU timing (startup segment -1, 300 presented frames, 15.9 FPS): presenting command buffer 11.111 ms avg / 6.038 p50 / 24.887 p95 / 26.100 p99 / 58.130 max
  present pacing: 34.323 ms p95 / 719.858 ms p99, 0.2 FPS 1% low / 0.1 FPS 0.1% low
  per-stage counters: disabled (set METALLUM_GPU_TIMING_DETAIL=1 to enable intrusive detail)
  nextDrawable wait (CPU): 0.187 ms/frame avg, 5.877 ms max interval (300 waits)
  in-flight semaphore wait (CPU): 3.468 ms/frame avg, 33.965 ms max interval (4344 waits)
  command completion wait (CPU): n/a
[19:38:24] [Server thread/INFO] (metallum) METALLUM_BENCHMARK_DEBUG at=start level_exists=true player_exists=true server_dim=minecraft:overworld server_paused=false ticks=120 stageFrames=157 server_frozen=true client_ready=true
[19:38:25] [Server thread/INFO] (metallum) METALLUM_BENCHMARK_DEBUG at=start level_exists=true player_exists=true server_dim=minecraft:overworld server_paused=false ticks=134 stageFrames=188 server_frozen=true client_ready=true
[19:38:25] [Render thread/INFO] (metallum) METALLUM_BENCHMARK_DEBUG waiting_for_route mismatch client=null server=null stable_frames=117 target_stable_frames=120
[19:38:25] [Render thread/INFO] (metallum) METALLUM_BENCHMARK EVENT=ADVANCED_ADMISSION expected=advanced schema=5 defaults_used=false requested=advanced resolved=advanced l3=true l5=true l6=true status=PASS generation=6 shader_epoch=5 reason=none
[19:38:25] [Render thread/INFO] (metallum) METALLUM_BENCHMARK EVENT=ROUTE_READY route=gi-g0-overworld-v1 stable_frames=120 pose=[86.1241372798128,74.0,-95.57730763953901;155.397,13.2000065] max_fps=260 resolved_gui_scale=8 resource_packs=vanilla,fabric-api-base,fabric-block-getter-api-v2,fabric-lifecycle-events-v1,fabric-renderer-api-v1,fabric-rendering-fluids-v1,fabric-rendering-v1,fabric-resource-loader-v0,fabric-resource-loader-v1,fabric-transitive-access-wideners-v1,fabricloader,metallum,sodium
[19:38:25] [Render thread/INFO] (metallum) METALLUM_BENCHMARK EVENT=SEGMENT_START index=1 total=1 mode=OFF warmup=1800 measure=3000
[19:38:30] [Render thread/INFO] (metallum) L6 local shadows: active=true, descriptors=565/snapshot=565, READY=38, STALE=0, APPROXIMATE=527, BUILDING=0, FAIL_CLOSED=0, cachedEdges=8:20/16:2/32:4/64:12, cacheCovered=38, coverageLimited=527, residents=38, pendingBuilds=0, pendingUploads=0 (0 bytes), capacityBlocked=0, capacityWaitSkips=0, retryBackoff=0, uploads=0 (0 bytes), proxies=16/16, maxSteps=96, dynamic=0/0/0 candidates/selected/dropped, held=false, dispatches=0, rays=0, ready=0, fallback=0, coverageMiss=0, transitions=0->0, failures=0, pages=0 bytes
[19:38:30] [Render thread/INFO] (metallum) METALLUM_L6_DYNAMIC candidates=0 selected=0 dropped=0 held=false dispatches=0 rays=0 ready=0 fallback=0 coverage_miss=0 static_to_dynamic=0 dynamic_to_static=0 failures=0 pages_bytes=0
2026-08-26 19:38:32.409 java[71457:7981653] [metallum] GPU timing (warmup segment 0, 300 presented frames, 43.2 FPS): presenting command buffer 25.312 ms avg / 24.295 p50 / 27.709 p95 / 42.709 p99 / 43.360 max
  present pacing: 25.808 ms p95 / 30.286 ms p99, 31.6 FPS 1% low / 30.2 FPS 0.1% low
  per-stage counters: disabled (set METALLUM_GPU_TIMING_DETAIL=1 to enable intrusive detail)
  nextDrawable wait (CPU): 0.267 ms/frame avg, 7.028 ms max interval (300 waits)
  in-flight semaphore wait (CPU): 17.260 ms/frame avg, 21.591 ms max interval (7303 waits)
  command completion wait (CPU): n/a
[19:38:37] [Render thread/INFO] (metallum) L6 local shadows: active=true, descriptors=565/snapshot=565, READY=38, STALE=0, APPROXIMATE=527, BUILDING=0, FAIL_CLOSED=0, cachedEdges=8:20/16:2/32:4/64:12, cacheCovered=38, coverageLimited=527, residents=38, pendingBuilds=0, pendingUploads=0 (0 bytes), capacityBlocked=0, capacityWaitSkips=0, retryBackoff=0, uploads=0 (0 bytes), proxies=16/16, maxSteps=96, dynamic=0/0/0 candidates/selected/dropped, held=false, dispatches=0, rays=0, ready=0, fallback=0, coverageMiss=0, transitions=0->0, failures=0, pages=0 bytes
[19:38:37] [Render thread/INFO] (metallum) METALLUM_L6_DYNAMIC candidates=0 selected=0 dropped=0 held=false dispatches=0 rays=0 ready=0 fallback=0 coverage_miss=0 static_to_dynamic=0 dynamic_to_static=0 failures=0 pages_bytes=0
2026-08-26 19:38:39.216 java[71457:7981655] [metallum] GPU timing (warmup segment 0, 300 presented frames, 44.1 FPS): presenting command buffer 24.021 ms avg / 24.228 p50 / 24.492 p95 / 24.847 p99 / 28.456 max
  present pacing: 24.117 ms p95 / 25.230 ms p99, 38.8 FPS 1% low / 38.1 FPS 0.1% low
  per-stage counters: disabled (set METALLUM_GPU_TIMING_DETAIL=1 to enable intrusive detail)
  nextDrawable wait (CPU): 0.269 ms/frame avg, 2.581 ms max interval (300 waits)
  in-flight semaphore wait (CPU): 17.757 ms/frame avg, 21.819 ms max interval (5700 waits)
  command completion wait (CPU): n/a
[19:38:44] [Render thread/INFO] (metallum) L6 local shadows: active=true, descriptors=565/snapshot=565, READY=38, STALE=0, APPROXIMATE=527, BUILDING=0, FAIL_CLOSED=0, cachedEdges=8:20/16:2/32:4/64:12, cacheCovered=38, coverageLimited=527, residents=38, pendingBuilds=0, pendingUploads=0 (0 bytes), capacityBlocked=0, capacityWaitSkips=0, retryBackoff=0, uploads=0 (0 bytes), proxies=16/16, maxSteps=96, dynamic=0/0/0 candidates/selected/dropped, held=false, dispatches=0, rays=0, ready=0, fallback=0, coverageMiss=0, transitions=0->0, failures=0, pages=0 bytes
[19:38:44] [Render thread/INFO] (metallum) METALLUM_L6_DYNAMIC candidates=0 selected=0 dropped=0 held=false dispatches=0 rays=0 ready=0 fallback=0 coverage_miss=0 static_to_dynamic=0 dynamic_to_static=0 failures=0 pages_bytes=0
2026-08-26 19:38:46.019 java[71457:7981493] [metallum] GPU timing (warmup segment 0, 300 presented frames, 44.1 FPS): presenting command buffer 24.019 ms avg / 24.223 p50 / 24.527 p95 / 25.125 p99 / 27.549 max
  present pacing: 25.236 ms p95 / 27.260 ms p99, 34.3 FPS 1% low / 31.2 FPS 0.1% low
  per-stage counters: disabled (set METALLUM_GPU_TIMING_DETAIL=1 to enable intrusive detail)
  nextDrawable wait (CPU): 0.268 ms/frame avg, 9.259 ms max interval (300 waits)
  in-flight semaphore wait (CPU): 17.813 ms/frame avg, 21.907 ms max interval (5700 waits)
  command completion wait (CPU): n/a
[19:38:51] [Render thread/INFO] (metallum) L6 local shadows: active=true, descriptors=565/snapshot=565, READY=38, STALE=0, APPROXIMATE=527, BUILDING=0, FAIL_CLOSED=0, cachedEdges=8:20/16:2/32:4/64:12, cacheCovered=38, coverageLimited=527, residents=38, pendingBuilds=0, pendingUploads=0 (0 bytes), capacityBlocked=0, capacityWaitSkips=0, retryBackoff=0, uploads=0 (0 bytes), proxies=16/16, maxSteps=96, dynamic=0/0/0 candidates/selected/dropped, held=false, dispatches=0, rays=0, ready=0, fallback=0, coverageMiss=0, transitions=0->0, failures=0, pages=0 bytes
[19:38:51] [Render thread/INFO] (metallum) METALLUM_L6_DYNAMIC candidates=0 selected=0 dropped=0 held=false dispatches=0 rays=0 ready=0 fallback=0 coverage_miss=0 static_to_dynamic=0 dynamic_to_static=0 failures=0 pages_bytes=0
2026-08-26 19:38:52.825 java[71457:7981639] [metallum] GPU timing (warmup segment 0, 300 presented frames, 44.1 FPS): presenting command buffer 24.013 ms avg / 24.250 p50 / 24.480 p95 / 25.013 p99 / 27.652 max
  present pacing: 26.174 ms p95 / 28.248 ms p99, 31.4 FPS 1% low / 28.9 FPS 0.1% low
  per-stage counters: disabled (set METALLUM_GPU_TIMING_DETAIL=1 to enable intrusive detail)
  nextDrawable wait (CPU): 0.311 ms/frame avg, 7.470 ms max interval (300 waits)
  in-flight semaphore wait (CPU): 17.608 ms/frame avg, 21.653 ms max interval (5700 waits)
  command completion wait (CPU): n/a
[19:38:58] [Render thread/INFO] (metallum) L6 local shadows: active=true, descriptors=565/snapshot=565, READY=38, STALE=0, APPROXIMATE=527, BUILDING=0, FAIL_CLOSED=0, cachedEdges=8:20/16:2/32:4/64:12, cacheCovered=38, coverageLimited=527, residents=38, pendingBuilds=0, pendingUploads=0 (0 bytes), capacityBlocked=0, capacityWaitSkips=0, retryBackoff=0, uploads=0 (0 bytes), proxies=16/16, maxSteps=96, dynamic=0/0/0 candidates/selected/dropped, held=false, dispatches=0, rays=0, ready=0, fallback=0, coverageMiss=0, transitions=0->0, failures=0, pages=0 bytes
[19:38:58] [Render thread/INFO] (metallum) METALLUM_L6_DYNAMIC candidates=0 selected=0 dropped=0 held=false dispatches=0 rays=0 ready=0 fallback=0 coverage_miss=0 static_to_dynamic=0 dynamic_to_static=0 failures=0 pages_bytes=0
2026-08-26 19:38:59.633 java[71457:7981653] [metallum] GPU timing (warmup segment 0, 300 presented frames, 44.1 FPS): presenting command buffer 24.044 ms avg / 24.262 p50 / 24.521 p95 / 25.332 p99 / 27.612 max
  present pacing: 25.877 ms p95 / 27.296 ms p99, 32.6 FPS 1% low / 31.6 FPS 0.1% low
  per-stage counters: disabled (set METALLUM_GPU_TIMING_DETAIL=1 to enable intrusive detail)
  nextDrawable wait (CPU): 0.321 ms/frame avg, 8.455 ms max interval (300 waits)
  in-flight semaphore wait (CPU): 17.944 ms/frame avg, 22.252 ms max interval (5700 waits)
  command completion wait (CPU): n/a
[19:39:04] [Render thread/INFO] (metallum) L6 local shadows: active=true, descriptors=565/snapshot=565, READY=38, STALE=0, APPROXIMATE=527, BUILDING=0, FAIL_CLOSED=0, cachedEdges=8:20/16:2/32:4/64:12, cacheCovered=38, coverageLimited=527, residents=38, pendingBuilds=0, pendingUploads=0 (0 bytes), capacityBlocked=0, capacityWaitSkips=0, retryBackoff=0, uploads=0 (0 bytes), proxies=16/16, maxSteps=96, dynamic=0/0/0 candidates/selected/dropped, held=false, dispatches=0, rays=0, ready=0, fallback=0, coverageMiss=0, transitions=0->0, failures=0, pages=0 bytes
[19:39:04] [Render thread/INFO] (metallum) METALLUM_L6_DYNAMIC candidates=0 selected=0 dropped=0 held=false dispatches=0 rays=0 ready=0 fallback=0 coverage_miss=0 static_to_dynamic=0 dynamic_to_static=0 failures=0 pages_bytes=0
[19:39:06] [Server thread/INFO] (metallum) METALLUM_BENCHMARK_DEBUG at=start level_exists=true player_exists=true server_dim=minecraft:overworld server_paused=false ticks=961 stageFrames=202 server_frozen=true client_ready=true
[19:39:06] [Render thread/INFO] (metallum) METALLUM_BENCHMARK EVENT=ROUTE_CHECK event=MEASURE_START route=gi-g0-overworld-v1 status=ready
[19:39:06] [Render thread/INFO] (metallum) METALLUM_BENCHMARK EVENT=VERTEX_REFLECTION_ADMISSION enabled=false state=OFF ready=false generation=3/0 origin=[0,0,0] sections=0/0/0 expected=0 invalidation=null quality_face_aware=true quality_first_surface=true quality_confidence=true
[19:39:06] [Render thread/INFO] (metallum) METALLUM_BENCHMARK EVENT=MEASURE_START index=1 mode=OFF presented_frame=1800
2026-08-26 19:39:06.442 java[71457:7981493] [metallum] GPU timing (warmup segment 0, 300 presented frames, 44.1 FPS): presenting command buffer 24.027 ms avg / 24.194 p50 / 24.634 p95 / 25.143 p99 / 27.656 max
  present pacing: 26.590 ms p95 / 27.501 ms p99, 32.0 FPS 1% low / 30.2 FPS 0.1% low
  per-stage counters: disabled (set METALLUM_GPU_TIMING_DETAIL=1 to enable intrusive detail)
  nextDrawable wait (CPU): 0.316 ms/frame avg, 9.998 ms max interval (300 waits)
  in-flight semaphore wait (CPU): 17.796 ms/frame avg, 26.393 ms max interval (5700 waits)
  command completion wait (CPU): n/a
[19:39:11] [Render thread/INFO] (metallum) L6 local shadows: active=true, descriptors=565/snapshot=565, READY=38, STALE=0, APPROXIMATE=527, BUILDING=0, FAIL_CLOSED=0, cachedEdges=8:20/16:2/32:4/64:12, cacheCovered=38, coverageLimited=527, residents=38, pendingBuilds=0, pendingUploads=0 (0 bytes), capacityBlocked=0, capacityWaitSkips=0, retryBackoff=0, uploads=0 (0 bytes), proxies=16/16, maxSteps=96, dynamic=0/0/0 candidates/selected/dropped, held=false, dispatches=0, rays=0, ready=0, fallback=0, coverageMiss=0, transitions=0->0, failures=0, pages=0 bytes
[19:39:11] [Render thread/INFO] (metallum) METALLUM_L6_DYNAMIC candidates=0 selected=0 dropped=0 held=false dispatches=0 rays=0 ready=0 fallback=0 coverage_miss=0 static_to_dynamic=0 dynamic_to_static=0 failures=0 pages_bytes=0
2026-08-26 19:39:13.278 java[71457:7981639] [metallum] GPU timing (measure segment 0, 300 presented frames, 44.0 FPS): presenting command buffer 24.053 ms avg / 24.227 p50 / 24.538 p95 / 25.161 p99 / 27.691 max
  present pacing: 26.828 ms p95 / 29.859 ms p99, 32.4 FPS 1% low / 31.6 FPS 0.1% low
  per-stage counters: disabled (set METALLUM_GPU_TIMING_DETAIL=1 to enable intrusive detail)
  nextDrawable wait (CPU): 0.298 ms/frame avg, 9.507 ms max interval (300 waits)
  in-flight semaphore wait (CPU): 17.519 ms/frame avg, 22.357 ms max interval (5699 waits)
  command completion wait (CPU): n/a
[19:39:18] [Render thread/INFO] (metallum) L6 local shadows: active=true, descriptors=565/snapshot=565, READY=38, STALE=0, APPROXIMATE=527, BUILDING=0, FAIL_CLOSED=0, cachedEdges=8:20/16:2/32:4/64:12, cacheCovered=38, coverageLimited=527, residents=38, pendingBuilds=0, pendingUploads=0 (0 bytes), capacityBlocked=0, capacityWaitSkips=0, retryBackoff=0, uploads=0 (0 bytes), proxies=16/16, maxSteps=96, dynamic=0/0/0 candidates/selected/dropped, held=false, dispatches=0, rays=0, ready=0, fallback=0, coverageMiss=0, transitions=0->0, failures=0, pages=0 bytes
[19:39:18] [Render thread/INFO] (metallum) METALLUM_L6_DYNAMIC candidates=0 selected=0 dropped=0 held=false dispatches=0 rays=0 ready=0 fallback=0 coverage_miss=0 static_to_dynamic=0 dynamic_to_static=0 failures=0 pages_bytes=0
2026-08-26 19:39:20.077 java[71457:7981653] [metallum] GPU timing (measure segment 0, 300 presented frames, 44.1 FPS): presenting command buffer 24.011 ms avg / 24.203 p50 / 24.518 p95 / 25.142 p99 / 27.615 max
  present pacing: 27.565 ms p95 / 30.573 ms p99, 31.0 FPS 1% low / 30.2 FPS 0.1% low
  per-stage counters: disabled (set METALLUM_GPU_TIMING_DETAIL=1 to enable intrusive detail)
  nextDrawable wait (CPU): 0.323 ms/frame avg, 7.410 ms max interval (300 waits)
  in-flight semaphore wait (CPU): 17.497 ms/frame avg, 22.357 ms max interval (5700 waits)
  command completion wait (CPU): n/a
[19:39:25] [Render thread/INFO] (metallum) L6 local shadows: active=true, descriptors=565/snapshot=565, READY=38, STALE=0, APPROXIMATE=527, BUILDING=0, FAIL_CLOSED=0, cachedEdges=8:20/16:2/32:4/64:12, cacheCovered=38, coverageLimited=527, residents=38, pendingBuilds=0, pendingUploads=0 (0 bytes), capacityBlocked=0, capacityWaitSkips=0, retryBackoff=0, uploads=0 (0 bytes), proxies=16/16, maxSteps=96, dynamic=0/0/0 candidates/selected/dropped, held=false, dispatches=0, rays=0, ready=0, fallback=0, coverageMiss=0, transitions=0->0, failures=0, pages=0 bytes
[19:39:25] [Render thread/INFO] (metallum) METALLUM_L6_DYNAMIC candidates=0 selected=0 dropped=0 held=false dispatches=0 rays=0 ready=0 fallback=0 coverage_miss=0 static_to_dynamic=0 dynamic_to_static=0 failures=0 pages_bytes=0
2026-08-26 19:39:26.874 java[71457:7981655] [metallum] GPU timing (measure segment 0, 300 presented frames, 44.1 FPS): presenting command buffer 24.017 ms avg / 24.183 p50 / 24.554 p95 / 25.271 p99 / 27.700 max
  present pacing: 26.503 ms p95 / 27.943 ms p99, 34.1 FPS 1% low / 31.7 FPS 0.1% low
  per-stage counters: disabled (set METALLUM_GPU_TIMING_DETAIL=1 to enable intrusive detail)
  nextDrawable wait (CPU): 0.245 ms/frame avg, 5.489 ms max interval (300 waits)
  in-flight semaphore wait (CPU): 17.688 ms/frame avg, 23.364 ms max interval (5700 waits)
  command completion wait (CPU): n/a
[19:39:32] [Render thread/INFO] (metallum) L6 local shadows: active=true, descriptors=565/snapshot=565, READY=38, STALE=0, APPROXIMATE=527, BUILDING=0, FAIL_CLOSED=0, cachedEdges=8:20/16:2/32:4/64:12, cacheCovered=38, coverageLimited=527, residents=38, pendingBuilds=0, pendingUploads=0 (0 bytes), capacityBlocked=0, capacityWaitSkips=0, retryBackoff=0, uploads=0 (0 bytes), proxies=16/16, maxSteps=96, dynamic=0/0/0 candidates/selected/dropped, held=false, dispatches=0, rays=0, ready=0, fallback=0, coverageMiss=0, transitions=0->0, failures=0, pages=0 bytes
[19:39:32] [Render thread/INFO] (metallum) METALLUM_L6_DYNAMIC candidates=0 selected=0 dropped=0 held=false dispatches=0 rays=0 ready=0 fallback=0 coverage_miss=0 static_to_dynamic=0 dynamic_to_static=0 failures=0 pages_bytes=0
2026-08-26 19:39:33.676 java[71457:7982821] [metallum] GPU timing (measure segment 0, 300 presented frames, 44.1 FPS): presenting command buffer 24.036 ms avg / 24.230 p50 / 24.508 p95 / 25.221 p99 / 27.504 max
  present pacing: 27.265 ms p95 / 29.903 ms p99, 32.0 FPS 1% low / 30.3 FPS 0.1% low
  per-stage counters: disabled (set METALLUM_GPU_TIMING_DETAIL=1 to enable intrusive detail)
  nextDrawable wait (CPU): 0.292 ms/frame avg, 9.487 ms max interval (300 waits)
  in-flight semaphore wait (CPU): 17.488 ms/frame avg, 22.732 ms max interval (5700 waits)
  command completion wait (CPU): n/a
[19:39:38] [Render thread/INFO] (metallum) L6 local shadows: active=true, descriptors=565/snapshot=565, READY=38, STALE=0, APPROXIMATE=527, BUILDING=0, FAIL_CLOSED=0, cachedEdges=8:20/16:2/32:4/64:12, cacheCovered=38, coverageLimited=527, residents=38, pendingBuilds=0, pendingUploads=0 (0 bytes), capacityBlocked=0, capacityWaitSkips=0, retryBackoff=0, uploads=0 (0 bytes), proxies=16/16, maxSteps=96, dynamic=0/0/0 candidates/selected/dropped, held=false, dispatches=0, rays=0, ready=0, fallback=0, coverageMiss=0, transitions=0->0, failures=0, pages=0 bytes
[19:39:38] [Render thread/INFO] (metallum) METALLUM_L6_DYNAMIC candidates=0 selected=0 dropped=0 held=false dispatches=0 rays=0 ready=0 fallback=0 coverage_miss=0 static_to_dynamic=0 dynamic_to_static=0 failures=0 pages_bytes=0
2026-08-26 19:39:40.475 java[71457:7981655] [metallum] GPU timing (measure segment 0, 300 presented frames, 44.1 FPS): presenting command buffer 24.032 ms avg / 24.231 p50 / 24.540 p95 / 25.239 p99 / 27.929 max
  present pacing: 27.006 ms p95 / 28.193 ms p99, 32.1 FPS 1% low / 29.8 FPS 0.1% low
  per-stage counters: disabled (set METALLUM_GPU_TIMING_DETAIL=1 to enable intrusive detail)
  nextDrawable wait (CPU): 0.244 ms/frame avg, 7.845 ms max interval (300 waits)
  in-flight semaphore wait (CPU): 17.366 ms/frame avg, 23.432 ms max interval (5700 waits)
  command completion wait (CPU): n/a
[19:39:45] [Render thread/INFO] (metallum) L6 local shadows: active=true, descriptors=565/snapshot=565, READY=38, STALE=0, APPROXIMATE=527, BUILDING=0, FAIL_CLOSED=0, cachedEdges=8:20/16:2/32:4/64:12, cacheCovered=38, coverageLimited=527, residents=38, pendingBuilds=0, pendingUploads=0 (0 bytes), capacityBlocked=0, capacityWaitSkips=0, retryBackoff=0, uploads=0 (0 bytes), proxies=16/16, maxSteps=96, dynamic=0/0/0 candidates/selected/dropped, held=false, dispatches=0, rays=0, ready=0, fallback=0, coverageMiss=0, transitions=0->0, failures=0, pages=0 bytes
[19:39:45] [Render thread/INFO] (metallum) METALLUM_L6_DYNAMIC candidates=0 selected=0 dropped=0 held=false dispatches=0 rays=0 ready=0 fallback=0 coverage_miss=0 static_to_dynamic=0 dynamic_to_static=0 failures=0 pages_bytes=0
2026-08-26 19:39:47.285 java[71457:7983041] [metallum] GPU timing (measure segment 0, 300 presented frames, 44.0 FPS): presenting command buffer 24.081 ms avg / 24.246 p50 / 24.525 p95 / 25.160 p99 / 28.166 max
  present pacing: 26.558 ms p95 / 28.532 ms p99, 29.9 FPS 1% low / 25.1 FPS 0.1% low
  per-stage counters: disabled (set METALLUM_GPU_TIMING_DETAIL=1 to enable intrusive detail)
  nextDrawable wait (CPU): 0.255 ms/frame avg, 6.266 ms max interval (300 waits)
  in-flight semaphore wait (CPU): 17.671 ms/frame avg, 22.415 ms max interval (5700 waits)
  command completion wait (CPU): n/a
[19:39:52] [Render thread/INFO] (metallum) L6 local shadows: active=true, descriptors=565/snapshot=565, READY=38, STALE=0, APPROXIMATE=527, BUILDING=0, FAIL_CLOSED=0, cachedEdges=8:20/16:2/32:4/64:12, cacheCovered=38, coverageLimited=527, residents=38, pendingBuilds=0, pendingUploads=0 (0 bytes), capacityBlocked=0, capacityWaitSkips=0, retryBackoff=0, uploads=0 (0 bytes), proxies=16/16, maxSteps=96, dynamic=0/0/0 candidates/selected/dropped, held=false, dispatches=0, rays=0, ready=0, fallback=0, coverageMiss=0, transitions=0->0, failures=0, pages=0 bytes
[19:39:52] [Render thread/INFO] (metallum) METALLUM_L6_DYNAMIC candidates=0 selected=0 dropped=0 held=false dispatches=0 rays=0 ready=0 fallback=0 coverage_miss=0 static_to_dynamic=0 dynamic_to_static=0 failures=0 pages_bytes=0
2026-08-26 19:39:54.095 java[71457:7983354] [metallum] GPU timing (measure segment 0, 300 presented frames, 44.1 FPS): presenting command buffer 24.077 ms avg / 24.245 p50 / 24.871 p95 / 25.156 p99 / 27.693 max
  present pacing: 26.892 ms p95 / 29.691 ms p99, 32.0 FPS 1% low / 30.6 FPS 0.1% low
  per-stage counters: disabled (set METALLUM_GPU_TIMING_DETAIL=1 to enable intrusive detail)
  nextDrawable wait (CPU): 0.306 ms/frame avg, 8.699 ms max interval (300 waits)
  in-flight semaphore wait (CPU): 17.361 ms/frame avg, 22.855 ms max interval (5700 waits)
  command completion wait (CPU): n/a
[19:39:59] [Render thread/INFO] (metallum) L6 local shadows: active=true, descriptors=565/snapshot=565, READY=38, STALE=0, APPROXIMATE=527, BUILDING=0, FAIL_CLOSED=0, cachedEdges=8:20/16:2/32:4/64:12, cacheCovered=38, coverageLimited=527, residents=38, pendingBuilds=0, pendingUploads=0 (0 bytes), capacityBlocked=0, capacityWaitSkips=0, retryBackoff=0, uploads=0 (0 bytes), proxies=16/16, maxSteps=96, dynamic=0/0/0 candidates/selected/dropped, held=false, dispatches=0, rays=0, ready=0, fallback=0, coverageMiss=0, transitions=0->0, failures=0, pages=0 bytes
[19:39:59] [Render thread/INFO] (metallum) METALLUM_L6_DYNAMIC candidates=0 selected=0 dropped=0 held=false dispatches=0 rays=0 ready=0 fallback=0 coverage_miss=0 static_to_dynamic=0 dynamic_to_static=0 failures=0 pages_bytes=0
2026-08-26 19:40:00.883 java[71457:7983041] [metallum] GPU timing (measure segment 0, 300 presented frames, 44.2 FPS): presenting command buffer 23.975 ms avg / 24.086 p50 / 24.488 p95 / 25.116 p99 / 27.745 max
  present pacing: 27.247 ms p95 / 29.512 ms p99, 32.8 FPS 1% low / 31.6 FPS 0.1% low
  per-stage counters: disabled (set METALLUM_GPU_TIMING_DETAIL=1 to enable intrusive detail)
  nextDrawable wait (CPU): 0.289 ms/frame avg, 8.221 ms max interval (300 waits)
  in-flight semaphore wait (CPU): 17.393 ms/frame avg, 23.332 ms max interval (5700 waits)
  command completion wait (CPU): n/a
[19:40:06] [Render thread/INFO] (metallum) L6 local shadows: active=true, descriptors=565/snapshot=565, READY=38, STALE=0, APPROXIMATE=527, BUILDING=0, FAIL_CLOSED=0, cachedEdges=8:20/16:2/32:4/64:12, cacheCovered=38, coverageLimited=527, residents=38, pendingBuilds=0, pendingUploads=0 (0 bytes), capacityBlocked=0, capacityWaitSkips=0, retryBackoff=0, uploads=0 (0 bytes), proxies=16/16, maxSteps=96, dynamic=0/0/0 candidates/selected/dropped, held=false, dispatches=0, rays=0, ready=0, fallback=0, coverageMiss=0, transitions=0->0, failures=0, pages=0 bytes
[19:40:06] [Render thread/INFO] (metallum) METALLUM_L6_DYNAMIC candidates=0 selected=0 dropped=0 held=false dispatches=0 rays=0 ready=0 fallback=0 coverage_miss=0 static_to_dynamic=0 dynamic_to_static=0 failures=0 pages_bytes=0
2026-08-26 19:40:07.688 java[71457:7981655] [metallum] GPU timing (measure segment 0, 300 presented frames, 44.1 FPS): presenting command buffer 24.041 ms avg / 24.233 p50 / 24.717 p95 / 25.244 p99 / 27.540 max
  present pacing: 27.318 ms p95 / 28.654 ms p99, 31.5 FPS 1% low / 29.4 FPS 0.1% low
  per-stage counters: disabled (set METALLUM_GPU_TIMING_DETAIL=1 to enable intrusive detail)
  nextDrawable wait (CPU): 0.199 ms/frame avg, 5.421 ms max interval (300 waits)
  in-flight semaphore wait (CPU): 17.402 ms/frame avg, 30.390 ms max interval (5700 waits)
  command completion wait (CPU): n/a
[19:40:13] [Render thread/INFO] (metallum) L6 local shadows: active=true, descriptors=565/snapshot=565, READY=38, STALE=0, APPROXIMATE=527, BUILDING=0, FAIL_CLOSED=0, cachedEdges=8:20/16:2/32:4/64:12, cacheCovered=38, coverageLimited=527, residents=38, pendingBuilds=0, pendingUploads=0 (0 bytes), capacityBlocked=0, capacityWaitSkips=0, retryBackoff=0, uploads=0 (0 bytes), proxies=16/16, maxSteps=96, dynamic=0/0/0 candidates/selected/dropped, held=false, dispatches=0, rays=0, ready=0, fallback=0, coverageMiss=0, transitions=0->0, failures=0, pages=0 bytes
[19:40:13] [Render thread/INFO] (metallum) METALLUM_L6_DYNAMIC candidates=0 selected=0 dropped=0 held=false dispatches=0 rays=0 ready=0 fallback=0 coverage_miss=0 static_to_dynamic=0 dynamic_to_static=0 failures=0 pages_bytes=0
[19:40:14] [Render thread/INFO] (metallum) METALLUM_BENCHMARK EVENT=MEASURE_END index=1 mode=OFF presented_frame=4800
[19:40:14] [Server thread/INFO] (metallum) METALLUM_BENCHMARK_DEBUG at=start level_exists=true player_exists=true server_dim=minecraft:overworld server_paused=false ticks=2322 stageFrames=202 server_frozen=true client_ready=true
[19:40:14] [Render thread/INFO] (metallum) METALLUM_BENCHMARK EVENT=ROUTE_CHECK event=MEASURE_END route=gi-g0-overworld-v1 status=ready
[19:40:14] [Render thread/INFO] (metallum) METALLUM_BENCHMARK EVENT=COMPLETE segments=1 measured_frames=3000 framebuffer=3024x1964
[19:40:14] [Server thread/INFO] (metallum) METALLUM_BENCHMARK EVENT=SURVIVAL_GUARD_RESTORED player=b07a402a-d8ea-354f-9398-aaf208a798b9 health=20.0
[19:40:14] [Render thread/INFO] (Minecraft) Stopping!
2026-08-26 19:40:14.485 java[71457:7981655] [metallum] GPU timing (measure segment 0, 300 presented frames, 44.1 FPS): presenting command buffer 24.031 ms avg / 24.207 p50 / 24.568 p95 / 25.174 p99 / 27.543 max
  present pacing: 27.715 ms p95 / 31.668 ms p99, 30.5 FPS 1% low / 30.0 FPS 0.1% low
  per-stage counters: disabled (set METALLUM_GPU_TIMING_DETAIL=1 to enable intrusive detail)
  nextDrawable wait (CPU): 0.306 ms/frame avg, 9.681 ms max interval (300 waits)
  in-flight semaphore wait (CPU): 17.412 ms/frame avg, 24.172 ms max interval (5700 waits)
  command completion wait (CPU): n/a
[19:40:14] [Server thread/INFO] (Minecraft) Stopping server
[19:40:14] [Server thread/INFO] (Minecraft) Saving players
[19:40:14] [Server thread/INFO] (Minecraft) MetallumBench lost connection: Disconnected
[19:40:14] [Server thread/INFO] (Minecraft) MetallumBench left the game
[19:40:14] [Server thread/INFO] (Minecraft) Stopping singleplayer server as player logged out
[19:40:14] [Server thread/INFO] (Minecraft) Saving worlds
[19:40:14] [Server thread/INFO] (Minecraft) Saving chunks for level 'ServerLevel[world]'/minecraft:overworld
[19:40:14] [Server thread/INFO] (Minecraft) Saving chunks for level 'ServerLevel[world]'/minecraft:the_end
[19:40:14] [Server thread/INFO] (Minecraft) Saving chunks for level 'ServerLevel[world]'/minecraft:the_nether
[19:40:14] [Server thread/INFO] (Minecraft) ThreadedAnvilChunkStorage (world): All chunks are saved
[19:40:14] [Server thread/INFO] (Minecraft) ThreadedAnvilChunkStorage (DIM1): All chunks are saved
[19:40:14] [Server thread/INFO] (Minecraft) ThreadedAnvilChunkStorage (DIM-1): All chunks are saved
[19:40:14] [Server thread/INFO] (Minecraft) ThreadedAnvilChunkStorage: All dimensions are saved
[19:40:14] [Render thread/INFO] (ChunkBuilder) Stopping worker threads

BUILD SUCCESSFUL in 2m 23s
19 actionable tasks: 1 executed, 18 up-to-date
