Picked up JAVA_TOOL_OPTIONS: 
To honour the JVM settings for this build a single-use Daemon process will be forked. For more on this, please refer to https://docs.gradle.org/9.4.1/userguide/gradle_daemon.html#sec:disabling_the_daemon in the Gradle documentation.
Daemon will be stopped at the end of the build 

> Configure project :
Fabric Loom: 1.16.3

> Task :compileJava UP-TO-DATE
> Task :buildMacNative UP-TO-DATE
> Task :compileClearMetal UP-TO-DATE
> Task :compileClusterBuildMetal UP-TO-DATE
> Task :compileDynamicVoxelShadowMetal UP-TO-DATE
> Task :compileEntityMotionMetal UP-TO-DATE
> Task :compileGiFieldMetal UP-TO-DATE
> Task :compileHdrEffectsMetal UP-TO-DATE
> Task :compilePresentMetal UP-TO-DATE
> Task :compileRadianceClipmapMetal UP-TO-DATE
> Task :compileSodiumLightPatchMetal UP-TO-DATE
> Task :compileTemporalDiagnosticsMetal UP-TO-DATE
> Task :compileVoxelOccupancyMetal UP-TO-DATE
> Task :linkMacBuiltinMetallib UP-TO-DATE
> Task :processResources UP-TO-DATE
> Task :classes UP-TO-DATE
> Task :generateLog4jConfig UP-TO-DATE
> Task :generateDLIConfig UP-TO-DATE
> Task :configureLaunch UP-TO-DATE
> Task :downloadAssets UP-TO-DATE
> Task :configureClientLaunch UP-TO-DATE

> Task :runClient
Picked up JAVA_TOOL_OPTIONS: 
[19:43:15] [main/INFO] (FabricLoader/GameProvider) Loading Minecraft 26.2 with Fabric Loader 0.19.3
[19:43:15] [main/INFO] (FabricLoader/Mappings) Mappings not present!
[19:43:15] [main/INFO] (FabricLoader) Loading 15 mods:
	- fabricloader 0.19.3
	- java 25
	- metallum 0.0.21
	- minecraft 26.2
	- mixinextras 0.5.4
	- sodium 0.9.1+mc26.2
	   |-- fabric-api-base 2.0.4+ece063239c
	   |-- fabric-block-getter-api-v2 2.0.7+ec56b6019c
	   |-- fabric-lifecycle-events-v1 4.1.3+4575b05f9c
	   |-- fabric-renderer-api-v1 14.0.1+eec4cc519c
	   |-- fabric-rendering-fluids-v1 6.0.4+06488ac19c
	   |-- fabric-rendering-v1 25.1.6+46a6d00c9c
	   |-- fabric-resource-loader-v0 3.3.20+4fc5413f9c
	   |-- fabric-resource-loader-v1 2.0.13+9edec1269c
	   \-- fabric-transitive-access-wideners-v1 8.1.3+e098252d9c
[19:43:16] [main/INFO] (FabricLoader/Mixin) SpongePowered MIXIN Subsystem Version=0.8.7 Source=file:/Users/sergejgenerozov/.gradle/caches/modules-2/files-2.1/net.fabricmc/sponge-mixin/0.17.3+mixin.0.8.7/41c4a3984a80f4679e759fb9f495587acc5cdac7/sponge-mixin-0.17.3+mixin.0.8.7.jar Service=Knot/Fabric Env=CLIENT
[19:43:16] [main/INFO] (FabricLoader/Mixin) Compatibility level set to JAVA_25
[19:43:16] [main/INFO] (Sodium) Loaded configuration file for Sodium: 36 options available, 0 override(s) found
[19:43:16] [main/INFO] (Sodium-GraphicsAdapterProbe) Searching for graphics cards...
[19:43:16] [main/INFO] (FabricLoader/MixinExtras|Service) Initializing MixinExtras via com.llamalad7.mixinextras.service.MixinExtrasServiceImpl(version=0.5.4).
[19:43:17] [Datafixer Bootstrap #0/INFO] (Minecraft) 295 Datafixer optimizations took 203 milliseconds
[19:43:18] [main/WARN] (MacOperatingSystem) Unable to parse version 27.0 to a codename.
[19:43:20] [Render thread/INFO] (Minecraft) Environment: Environment[sessionHost=https://sessionserver.mojang.com, servicesHost=https://api.minecraftservices.com, profilesHost=https://api.mojang.com, name=PROD]
[19:43:21] [Render thread/INFO] (Minecraft) Setting user: MetallumBench
[19:43:21] [Render thread/INFO] (Minecraft) Backend library: LWJGL version 3.4.1-snapshot
[19:43:21] [Render thread/INFO] (metallum) Metal device: Apple M1 Pro
2026-08-26 19:43:21.991 java[72141:7989531] [metallum] Precompiled Metal library ready in 0.247 ms (34 functions)
2026-08-26 19:43:21.992 java[72141:7989531] [metallum] Built-in Metal pipeline warmup: mode PRECOMPILED, library 0.247 ms, pipelines 0.857 ms, PSOs 5, cache 5 hit / 5 miss, source compiles 0 (0.000 ms), failures 0
[19:43:22] [Render thread/INFO] (metallum) Semantic HDR shaders: enabled (configured mode SCENE, potential EDR headroom 16.0)
[19:43:22] [Render thread/INFO] (metallum) Configured HDR mode: SCENE, FP16 scene path: enabled
[19:43:22] [Render thread/INFO] (metallum) MetalFX spatial scaling support: available
[19:43:22] [Render thread/INFO] (metallum) MetalFX temporal scaling support: available
[19:43:22] [Render thread/INFO] (metallum) Temporal camera-motion diagnostics: disabled
[19:43:22] [Render thread/INFO] (metallum) Renderer generation request: contract=METALLUM, lighting=ADVANCED, preset=BALANCED, frameInterpolation=false (production executor Metal 3)
[19:43:22] [Render thread/INFO] (Minecraft) Using graphics backend Metal, using drivers: macOS 27.0
[19:43:22] [Render thread/INFO] (Minecraft) Using graphics device: Apple M1 Pro (Apple)
[19:43:22] [Render thread/INFO] (Minecraft) Using graphics device extensions: CAMetalLayer, MTLDevice
[19:43:22] [Render thread/INFO] (metallum) MainTarget scene contract: METALLUM_HDR_ACTUAL_RADIANCE, format: RGBA16_FLOAT
[19:43:23] [Render thread/INFO] (Minecraft) Reloading ResourceManager: vanilla, fabric-api-base, fabric-block-getter-api-v2, fabric-lifecycle-events-v1, fabric-renderer-api-v1, fabric-rendering-fluids-v1, fabric-rendering-v1, fabric-resource-loader-v0, fabric-resource-loader-v1, fabric-transitive-access-wideners-v1, fabricloader, metallum, sodium
[19:43:23] [Worker-Main-7/INFO] (Minecraft) Found unifont_all_no_pua-17.0.01.hex, loading
[19:43:23] [Worker-Main-2/INFO] (Minecraft) Found unifont_pua-17.0.01.hex, loading
[19:43:24] [Render thread/INFO] (metallum) Semantic HDR enhancement is active with current EDR headroom 1.2
[19:43:24] [Render thread/INFO] (metallum) Metal output: ENHANCED (current EDR headroom 1.2, potential 16.0)
[19:43:24] [Download-1/INFO] (Minecraft) Could not authorize you against Realms server: java.lang.RuntimeException: Failed to parse into SignedJWT: FabricMC
[19:43:24] [Render thread/WARN] (metallum) Renderer generation request resolved with fallback [MATERIAL_CONTRACT_UNAVAILABLE]: contract=LEGACY, lighting=VANILLA, output=HDR, upscale=NATIVE, interpolation=OFF
[19:43:24] [Render thread/INFO] (metallum) Seeded SDR GUI target is active (RGBA8_UNORM)
[19:43:24] [Worker-Main-7/INFO] (Minecraft) Found unifont_jp_patch-17.0.01.hex, loading
[19:43:33] [Render thread/INFO] (metallum) Linear scene shader preflight active: all required Minecraft 26.2 and Sodium scene shaders passed preflight
[19:43:33] [Render thread/INFO] (metallum) METALLUM material contract active: all Minecraft 26.2 and Sodium material roles passed source and PSO preflight
[19:43:33] [Render thread/INFO] (metallum) Advanced shader generation active: Minecraft 26.2 and Sodium 0.9.1 Advanced terrain/entity/end-portal sources passed preflight
[19:43:35] [Render thread/INFO] (Minecraft) OpenAL initialized on device Динамики MacBook Pro
[19:43:35] [Render thread/INFO] (Minecraft) Sound engine started
[19:43:35] [Render thread/INFO] (Minecraft) Created: 512x256x0 minecraft:textures/atlas/particles.png-atlas
[19:43:35] [Render thread/INFO] (Minecraft) Created: 128x128x0 minecraft:textures/atlas/decorated_pot.png-atlas
[19:43:35] [Render thread/INFO] (Minecraft) Created: 2048x1024x0 minecraft:textures/atlas/armor_trims.png-atlas
[19:43:35] [Render thread/INFO] (Minecraft) Created: 512x256x0 minecraft:textures/atlas/paintings.png-atlas
[19:43:35] [Render thread/INFO] (Minecraft) Created: 1024x512x0 minecraft:textures/atlas/shield_patterns.png-atlas
[19:43:35] [Render thread/INFO] (Minecraft) Created: 4096x2048x4 minecraft:textures/atlas/blocks.png-atlas
[19:43:35] [Render thread/INFO] (metallum) Loaded 1269 partial emissive terrain texture overlays
[19:43:35] [Render thread/INFO] (Minecraft) Created: 512x512x0 minecraft:textures/atlas/chest.png-atlas
[19:43:35] [Render thread/INFO] (Minecraft) Created: 256x128x0 minecraft:textures/atlas/celestials.png-atlas
[19:43:35] [Render thread/INFO] (Minecraft) Created: 1024x512x0 minecraft:textures/atlas/banner_patterns.png-atlas
[19:43:35] [Render thread/INFO] (Minecraft) Created: 1024x512x0 minecraft:textures/atlas/items.png-atlas
[19:43:35] [Render thread/INFO] (Minecraft) Created: 1024x1024x0 minecraft:textures/atlas/gui.png-atlas
[19:43:35] [Render thread/INFO] (Minecraft) Created: 128x64x0 minecraft:textures/atlas/map_decorations.png-atlas
[19:43:35] [Render thread/INFO] (Minecraft) Created: 512x512x0 minecraft:textures/atlas/shulker_boxes.png-atlas
[19:43:35] [Render thread/INFO] (metallum) Built face-aware water-reflection appearance for 30989 block states (0 fallbacks)
[19:43:36] [Render thread/INFO] (metallum) Renderer generation admitted: contract=METALLUM, lighting=ADVANCED, output=HDR, upscale=NATIVE, interpolation=OFF
[19:43:36] [Render thread/INFO] (Minecraft) Loaded 1585 recipes
[19:43:36] [Render thread/INFO] (Minecraft) Loaded 1688 advancements
[19:43:37] [Server thread/INFO] (Minecraft) Starting integrated minecraft server version 26.2
[19:43:37] [Server thread/INFO] (Minecraft) Generating keypair
[19:43:37] [Server thread/INFO] (Minecraft) Loading 0 persistent chunks...
[19:43:37] [Server thread/INFO] (Minecraft) Preparing spawn area: 16%
[19:43:37] [Server thread/INFO] (Minecraft) Saving chunks for level 'ServerLevel[world]'/minecraft:overworld
[19:43:37] [Server thread/INFO] (Minecraft) Saving chunks for level 'ServerLevel[world]'/minecraft:the_end
[19:43:37] [Server thread/INFO] (Minecraft) Saving chunks for level 'ServerLevel[world]'/minecraft:the_nether
[19:43:37] [Server thread/INFO] (Minecraft) ThreadedAnvilChunkStorage (world): All chunks are saved
[19:43:37] [Server thread/INFO] (Minecraft) ThreadedAnvilChunkStorage (DIM1): All chunks are saved
[19:43:37] [Server thread/INFO] (Minecraft) ThreadedAnvilChunkStorage (DIM-1): All chunks are saved
[19:43:37] [Server thread/INFO] (Minecraft) ThreadedAnvilChunkStorage: All dimensions are saved
[19:43:38] [Server thread/INFO] (Minecraft) Loading 49 chunks for player spawn...
[19:43:38] [Server thread/INFO] (Minecraft) Preparing spawn area: 16%
[19:43:38] [Server thread/INFO] (Minecraft) Preparing spawn area: 16%
[19:43:38] [Server thread/INFO] (Minecraft) Time elapsed: 1330 ms
[19:43:38] [Server thread/INFO] (Minecraft) MetallumBench[local:E:e2900681] logged in with entity id 101 at (86.1241372798128, 74.0, -95.57730763953901)
[19:43:38] [Server thread/INFO] (Minecraft) MetallumBench joined the game
[19:43:38] [Server thread/INFO] (Minecraft) Changing view distance to 16, from 10
[19:43:38] [Server thread/INFO] (Minecraft) Changing simulation distance to 12, from 0
[19:43:39] [Render thread/INFO] (ChunkBuilder) Started 4 worker threads
[19:43:39] [Render thread/INFO] (metallum) METALLUM_BENCHMARK EVENT=ARMED scope=Built-in Retina Display target=3024x1964 warmup=1800 measure=3000 sequence=[OFF] route=gi-g0-sealed-cave-v1
[19:43:39] [Render thread/INFO] (Minecraft) Loaded 2 advancements
[19:43:39] [Render thread/INFO] (metallum) METALLUM_BENCHMARK EVENT=MONITOR handle=522436617216 name=Built-in Retina Display modes=[1920x1200@48, 1920x1200@50, 1920x1200@60, 1920x1200@120, 2048x1280@48, 2048x1280@50, 2048x1280@60, 2048x1280@120, 2048x1330@48, 2048x1330@50, 2048x1330@60, 2048x1330@120, 2294x1432@48, 2294x1432@50, 2294x1432@60, 2294x1432@120, 2294x1490@48, 2294x1490@50, 2294x1490@60, 2294x1490@120, 2560x1600@48, 2560x1600@50, 2560x1600@60, 2560x1600@120, 2704x1690@48, 2704x1690@50, 2704x1690@60, 2704x1690@120, 2704x1756@48, 2704x1756@50, 2704x1756@60, 2704x1756@120, 3024x1890@48, 3024x1890@50, 3024x1890@60, 3024x1890@120, 3024x1964@48, 3024x1964@50, 3024x1964@60, 3024x1964@120]
[19:43:39] [Render thread/INFO] (ChunkBuilder) Stopping worker threads
[19:43:39] [Server thread/INFO] (metallum) METALLUM_BENCHMARK EVENT=SURVIVAL_GUARD_APPLIED player=b07a402a-d8ea-354f-9398-aaf208a798b9 original_health=20.0
[19:43:39] [Render thread/INFO] (ChunkBuilder) Started 4 worker threads
[19:43:39] [Render thread/INFO] (Minecraft) Resizing Dynamic Transforms UBO, capacity limit of 2 reached during a single frame. New capacity will be 4.
[19:43:39] [Render thread/INFO] (metallum) METALLUM_BENCHMARK EVENT=MOVE_WINDOW monitor=3024x1964@120 (24bit) workarea=0,33 1512x949
[19:43:39] [Render thread/INFO] (Minecraft) Resizing Dynamic Transforms UBO, capacity limit of 4 reached during a single frame. New capacity will be 8.
[19:43:39] [Render thread/INFO] (Minecraft) Resizing Dynamic Transforms UBO, capacity limit of 8 reached during a single frame. New capacity will be 16.
[19:43:39] [Chunk Render Task Executor #3/INFO] (metallum) Sodium semantic HDR emission tagging is active (strength 1, exact true)
[19:43:40] [Download-1/ERROR] (Minecraft) Failed to retrieve profile key pair

MinecraftClientHttpException[type=HTTP_ERROR, status=401, response=ErrorResponse[path=/player/certificates, error=null, errorMessage=null, details=null]]
	at knot//com.mojang.authlib.minecraft.client.MinecraftClient.buildHttpException(MinecraftClient.java:170)
	at knot//com.mojang.authlib.minecraft.client.MinecraftClient.readServiceResponse(MinecraftClient.java:147)
	at knot//com.mojang.authlib.minecraft.client.MinecraftClient.post(MinecraftClient.java:89)
	at knot//com.mojang.authlib.yggdrasil.YggdrasilUserApiService.getKeyPair(YggdrasilUserApiService.java:62)
	at knot//net.minecraft.client.multiplayer.AccountProfileKeyPairManager.fetchProfileKeyPair(AccountProfileKeyPairManager.java:128)
	at knot//net.minecraft.client.multiplayer.AccountProfileKeyPairManager.lambda$readOrFetchProfileKeyPair$0(AccountProfileKeyPairManager.java:77)
	at java.base/java.util.concurrent.CompletableFuture$AsyncSupply.run(CompletableFuture.java:1789)
	at java.base/java.util.concurrent.ThreadPoolExecutor.runWorker(ThreadPoolExecutor.java:1090)
	at java.base/java.util.concurrent.ThreadPoolExecutor$Worker.run(ThreadPoolExecutor.java:614)
	at java.base/java.lang.Thread.run(Thread.java:1474)
[19:43:41] [Render thread/INFO] (metallum) METALLUM_BENCHMARK EVENT=WINDOW_READY monitor=Built-in Retina Display video_mode=3024x1964@120 (24bit) framebuffer=3024x1964 window=3024x1964 screen=3024x1964
[19:43:41] [Server thread/INFO] (metallum) METALLUM_BENCHMARK_DEBUG at=start level_exists=true player_exists=true server_dim=minecraft:overworld server_paused=false ticks=51 stageFrames=1 server_frozen=true client_ready=true
[19:43:41] [Server thread/INFO] (metallum) METALLUM_BENCHMARK_DEBUG before_teleport player_dim=minecraft:overworld
[19:43:41] [Server thread/INFO] (metallum) METALLUM_BENCHMARK_DEBUG after_teleport player_dim=minecraft:overworld teleported=true
[19:43:42] [Render thread/INFO] (metallum) METALLUM_BENCHMARK EVENT=ROUTE_APPLY route=gi-g0-sealed-cave-v1 fixture=hdrtest-static-v1 player=MetallumBench/b07a402a-d8ea-354f-9398-aaf208a798b9 dimension=minecraft:overworld
[19:43:42] [Render thread/INFO] (metallum) METALLUM_BENCHMARK EVENT=SERVER_TICKS_FROZEN
[19:43:42] [Server thread/INFO] (metallum) METALLUM_BENCHMARK_DEBUG at=start level_exists=true player_exists=true server_dim=minecraft:overworld server_paused=false ticks=63 stageFrames=2 server_frozen=true client_ready=true
[19:43:42] [Render thread/INFO] (metallum) Native-resolution HDR fast path is active: fused HDR reconstruction and SDR UI seed, lightweight final composite
[19:43:42] [Server thread/INFO] (metallum) METALLUM_BENCHMARK_DEBUG at=start level_exists=true player_exists=true server_dim=minecraft:overworld server_paused=false ticks=73 stageFrames=33 server_frozen=true client_ready=true
[19:43:42] [Server thread/INFO] (metallum) METALLUM_BENCHMARK_DEBUG at=start level_exists=true player_exists=true server_dim=minecraft:overworld server_paused=false ticks=81 stageFrames=64 server_frozen=true client_ready=true
[19:43:43] [Server thread/INFO] (metallum) METALLUM_BENCHMARK_DEBUG at=start level_exists=true player_exists=true server_dim=minecraft:overworld server_paused=false ticks=88 stageFrames=95 server_frozen=true client_ready=true
[19:43:43] [Render thread/INFO] (metallum) METALLUM_BENCHMARK_DEBUG waiting_for_route mismatch client=null server=null stable_frames=26 target_stable_frames=120
[19:43:43] [Server thread/INFO] (metallum) METALLUM_BENCHMARK_DEBUG at=start level_exists=true player_exists=true server_dim=minecraft:overworld server_paused=false ticks=96 stageFrames=126 server_frozen=true client_ready=true
[19:43:43] [Render thread/INFO] (metallum) L6 local shadows: active=true, descriptors=118/snapshot=118, READY=49, STALE=5, APPROXIMATE=64, BUILDING=0, FAIL_CLOSED=0, cachedEdges=8:30/16:4/32:8/64:12, cacheCovered=56, coverageLimited=62, residents=56, pendingBuilds=3, pendingUploads=0 (36864 bytes), capacityBlocked=0, capacityWaitSkips=0, retryBackoff=0, uploads=1 (12288 bytes), proxies=16/16, maxSteps=96, dynamic=2/2/0 candidates/selected/dropped, held=false, dispatches=0, rays=0, ready=0, fallback=2, coverageMiss=2, transitions=0->0, failures=0, pages=0 bytes
[19:43:43] [Render thread/INFO] (metallum) METALLUM_L6_DYNAMIC candidates=2 selected=2 dropped=0 held=false dispatches=0 rays=0 ready=0 fallback=2 coverage_miss=2 static_to_dynamic=0 dynamic_to_static=0 failures=0 pages_bytes=0
[19:43:44] [Server thread/INFO] (metallum) METALLUM_BENCHMARK_DEBUG at=start level_exists=true player_exists=true server_dim=minecraft:overworld server_paused=false ticks=103 stageFrames=157 server_frozen=true client_ready=true
2026-08-26 19:43:44.106 java[72141:7989754] [metallum] GPU timing (startup segment -1, 300 presented frames, 15.0 FPS): presenting command buffer 8.928 ms avg / 10.577 p50 / 15.882 p95 / 17.936 p99 / 83.118 max
  present pacing: 33.491 ms p95 / 699.174 ms p99, 0.2 FPS 1% low / 0.1 FPS 0.1% low
  per-stage counters: disabled (set METALLUM_GPU_TIMING_DETAIL=1 to enable intrusive detail)
  nextDrawable wait (CPU): 0.126 ms/frame avg, 4.227 ms max interval (300 waits)
  in-flight semaphore wait (CPU): 0.980 ms/frame avg, 5.174 ms max interval (4272 waits)
  command completion wait (CPU): n/a
[19:43:44] [Server thread/INFO] (metallum) METALLUM_BENCHMARK_DEBUG at=start level_exists=true player_exists=true server_dim=minecraft:overworld server_paused=false ticks=111 stageFrames=188 server_frozen=true client_ready=true
[19:43:44] [Render thread/INFO] (metallum) METALLUM_BENCHMARK_DEBUG waiting_for_route mismatch client=null server=null stable_frames=93 target_stable_frames=120
[19:43:44] [Server thread/INFO] (metallum) METALLUM_BENCHMARK_DEBUG at=start level_exists=true player_exists=true server_dim=minecraft:overworld server_paused=false ticks=121 stageFrames=219 server_frozen=true client_ready=true
[19:43:44] [Render thread/INFO] (metallum) METALLUM_BENCHMARK EVENT=ADVANCED_ADMISSION expected=advanced schema=5 defaults_used=false requested=advanced resolved=advanced l3=true l5=true l6=true status=PASS generation=6 shader_epoch=5 reason=none
[19:43:44] [Render thread/INFO] (metallum) METALLUM_BENCHMARK EVENT=ROUTE_READY route=gi-g0-sealed-cave-v1 stable_frames=120 pose=[103.0,74.0,-104.0;90.0,0.0] max_fps=260 resolved_gui_scale=8 resource_packs=vanilla,fabric-api-base,fabric-block-getter-api-v2,fabric-lifecycle-events-v1,fabric-renderer-api-v1,fabric-rendering-fluids-v1,fabric-rendering-v1,fabric-resource-loader-v0,fabric-resource-loader-v1,fabric-transitive-access-wideners-v1,fabricloader,metallum,sodium
[19:43:44] [Render thread/INFO] (metallum) METALLUM_BENCHMARK EVENT=SEGMENT_START index=1 total=1 mode=OFF warmup=1800 measure=3000
[19:43:47] [Render thread/INFO] (metallum) L6 local shadows: active=true, descriptors=352/snapshot=352, READY=89, STALE=0, APPROXIMATE=263, BUILDING=0, FAIL_CLOSED=0, cachedEdges=8:65/16:4/32:8/64:12, cacheCovered=89, coverageLimited=263, residents=89, pendingBuilds=0, pendingUploads=0 (0 bytes), capacityBlocked=0, capacityWaitSkips=0, retryBackoff=0, uploads=0 (0 bytes), proxies=16/16, maxSteps=96, dynamic=0/0/0 candidates/selected/dropped, held=false, dispatches=0, rays=0, ready=0, fallback=0, coverageMiss=0, transitions=0->0, failures=0, pages=0 bytes
[19:43:47] [Render thread/INFO] (metallum) METALLUM_L6_DYNAMIC candidates=0 selected=0 dropped=0 held=false dispatches=0 rays=0 ready=0 fallback=0 coverage_miss=0 static_to_dynamic=0 dynamic_to_static=0 failures=0 pages_bytes=0
2026-08-26 19:43:48.788 java[72141:7989754] [metallum] GPU timing (warmup segment 0, 300 presented frames, 78.9 FPS): presenting command buffer 16.150 ms avg / 15.153 p50 / 21.198 p95 / 21.636 p99 / 21.885 max
  present pacing: 15.372 ms p95 / 20.931 ms p99, 41.4 FPS 1% low / 33.7 FPS 0.1% low
  per-stage counters: disabled (set METALLUM_GPU_TIMING_DETAIL=1 to enable intrusive detail)
  nextDrawable wait (CPU): 0.556 ms/frame avg, 18.533 ms max interval (300 waits)
  in-flight semaphore wait (CPU): 6.337 ms/frame avg, 9.582 ms max interval (6609 waits)
  command completion wait (CPU): n/a
[19:43:51] [Render thread/INFO] (metallum) L6 local shadows: active=true, descriptors=723/snapshot=723, READY=89, STALE=0, APPROXIMATE=634, BUILDING=0, FAIL_CLOSED=0, cachedEdges=8:65/16:4/32:8/64:12, cacheCovered=89, coverageLimited=634, residents=89, pendingBuilds=0, pendingUploads=0 (0 bytes), capacityBlocked=0, capacityWaitSkips=0, retryBackoff=0, uploads=0 (0 bytes), proxies=16/16, maxSteps=96, dynamic=0/0/0 candidates/selected/dropped, held=false, dispatches=0, rays=0, ready=0, fallback=0, coverageMiss=0, transitions=0->0, failures=0, pages=0 bytes
[19:43:51] [Render thread/INFO] (metallum) METALLUM_L6_DYNAMIC candidates=0 selected=0 dropped=0 held=false dispatches=0 rays=0 ready=0 fallback=0 coverage_miss=0 static_to_dynamic=0 dynamic_to_static=0 failures=0 pages_bytes=0
2026-08-26 19:43:52.274 java[72141:7990602] [metallum] GPU timing (warmup segment 0, 300 presented frames, 86.0 FPS): presenting command buffer 13.518 ms avg / 13.396 p50 / 16.491 p95 / 19.524 p99 / 19.897 max
  present pacing: 15.521 ms p95 / 17.892 ms p99, 54.1 FPS 1% low / 52.5 FPS 0.1% low
  per-stage counters: disabled (set METALLUM_GPU_TIMING_DETAIL=1 to enable intrusive detail)
  nextDrawable wait (CPU): 0.692 ms/frame avg, 8.108 ms max interval (300 waits)
  in-flight semaphore wait (CPU): 6.010 ms/frame avg, 10.411 ms max interval (6709 waits)
  command completion wait (CPU): n/a
[19:43:54] [Render thread/INFO] (metallum) L6 local shadows: active=true, descriptors=723/snapshot=723, READY=89, STALE=0, APPROXIMATE=634, BUILDING=0, FAIL_CLOSED=0, cachedEdges=8:65/16:4/32:8/64:12, cacheCovered=89, coverageLimited=634, residents=89, pendingBuilds=0, pendingUploads=0 (0 bytes), capacityBlocked=0, capacityWaitSkips=0, retryBackoff=0, uploads=0 (0 bytes), proxies=16/16, maxSteps=96, dynamic=0/0/0 candidates/selected/dropped, held=false, dispatches=0, rays=0, ready=0, fallback=0, coverageMiss=0, transitions=0->0, failures=0, pages=0 bytes
[19:43:54] [Render thread/INFO] (metallum) METALLUM_L6_DYNAMIC candidates=0 selected=0 dropped=0 held=false dispatches=0 rays=0 ready=0 fallback=0 coverage_miss=0 static_to_dynamic=0 dynamic_to_static=0 failures=0 pages_bytes=0
2026-08-26 19:43:55.690 java[72141:7990602] [metallum] GPU timing (warmup segment 0, 300 presented frames, 87.7 FPS): presenting command buffer 13.294 ms avg / 13.375 p50 / 14.068 p95 / 14.364 p99 / 18.806 max
  present pacing: 14.853 ms p95 / 17.712 ms p99, 51.3 FPS 1% low / 50.1 FPS 0.1% low
  per-stage counters: disabled (set METALLUM_GPU_TIMING_DETAIL=1 to enable intrusive detail)
  nextDrawable wait (CPU): 0.982 ms/frame avg, 10.189 ms max interval (300 waits)
  in-flight semaphore wait (CPU): 6.198 ms/frame avg, 9.037 ms max interval (5400 waits)
  command completion wait (CPU): n/a
[19:43:58] [Render thread/INFO] (metallum) L6 local shadows: active=true, descriptors=723/snapshot=723, READY=89, STALE=0, APPROXIMATE=634, BUILDING=0, FAIL_CLOSED=0, cachedEdges=8:65/16:4/32:8/64:12, cacheCovered=89, coverageLimited=634, residents=89, pendingBuilds=0, pendingUploads=0 (0 bytes), capacityBlocked=0, capacityWaitSkips=0, retryBackoff=0, uploads=0 (0 bytes), proxies=16/16, maxSteps=96, dynamic=0/0/0 candidates/selected/dropped, held=false, dispatches=0, rays=0, ready=0, fallback=0, coverageMiss=0, transitions=0->0, failures=0, pages=0 bytes
[19:43:58] [Render thread/INFO] (metallum) METALLUM_L6_DYNAMIC candidates=0 selected=0 dropped=0 held=false dispatches=0 rays=0 ready=0 fallback=0 coverage_miss=0 static_to_dynamic=0 dynamic_to_static=0 failures=0 pages_bytes=0
2026-08-26 19:43:59.104 java[72141:7990779] [metallum] GPU timing (warmup segment 0, 300 presented frames, 87.9 FPS): presenting command buffer 13.215 ms avg / 13.376 p50 / 13.574 p95 / 14.356 p99 / 17.931 max
  present pacing: 15.603 ms p95 / 17.454 ms p99, 53.4 FPS 1% low / 51.7 FPS 0.1% low
  per-stage counters: disabled (set METALLUM_GPU_TIMING_DETAIL=1 to enable intrusive detail)
  nextDrawable wait (CPU): 1.010 ms/frame avg, 7.807 ms max interval (300 waits)
  in-flight semaphore wait (CPU): 6.215 ms/frame avg, 10.763 ms max interval (5400 waits)
  command completion wait (CPU): n/a
[19:44:01] [Render thread/INFO] (metallum) L6 local shadows: active=true, descriptors=723/snapshot=723, READY=89, STALE=0, APPROXIMATE=634, BUILDING=0, FAIL_CLOSED=0, cachedEdges=8:65/16:4/32:8/64:12, cacheCovered=89, coverageLimited=634, residents=89, pendingBuilds=0, pendingUploads=0 (0 bytes), capacityBlocked=0, capacityWaitSkips=0, retryBackoff=0, uploads=0 (0 bytes), proxies=16/16, maxSteps=96, dynamic=0/0/0 candidates/selected/dropped, held=false, dispatches=0, rays=0, ready=0, fallback=0, coverageMiss=0, transitions=0->0, failures=0, pages=0 bytes
[19:44:01] [Render thread/INFO] (metallum) METALLUM_L6_DYNAMIC candidates=0 selected=0 dropped=0 held=false dispatches=0 rays=0 ready=0 fallback=0 coverage_miss=0 static_to_dynamic=0 dynamic_to_static=0 failures=0 pages_bytes=0
2026-08-26 19:44:02.515 java[72141:7990779] [metallum] GPU timing (warmup segment 0, 300 presented frames, 87.9 FPS): presenting command buffer 13.163 ms avg / 13.363 p50 / 13.576 p95 / 14.225 p99 / 19.537 max
  present pacing: 15.853 ms p95 / 18.892 ms p99, 50.3 FPS 1% low / 48.0 FPS 0.1% low
  per-stage counters: disabled (set METALLUM_GPU_TIMING_DETAIL=1 to enable intrusive detail)
  nextDrawable wait (CPU): 1.054 ms/frame avg, 9.617 ms max interval (300 waits)
  in-flight semaphore wait (CPU): 6.246 ms/frame avg, 9.765 ms max interval (5400 waits)
  command completion wait (CPU): n/a
[19:44:05] [Render thread/INFO] (metallum) L6 local shadows: active=true, descriptors=723/snapshot=723, READY=89, STALE=0, APPROXIMATE=634, BUILDING=0, FAIL_CLOSED=0, cachedEdges=8:65/16:4/32:8/64:12, cacheCovered=89, coverageLimited=634, residents=89, pendingBuilds=0, pendingUploads=0 (0 bytes), capacityBlocked=0, capacityWaitSkips=0, retryBackoff=0, uploads=0 (0 bytes), proxies=16/16, maxSteps=96, dynamic=0/0/0 candidates/selected/dropped, held=false, dispatches=0, rays=0, ready=0, fallback=0, coverageMiss=0, transitions=0->0, failures=0, pages=0 bytes
[19:44:05] [Render thread/INFO] (metallum) METALLUM_L6_DYNAMIC candidates=0 selected=0 dropped=0 held=false dispatches=0 rays=0 ready=0 fallback=0 coverage_miss=0 static_to_dynamic=0 dynamic_to_static=0 failures=0 pages_bytes=0
[19:44:05] [Server thread/INFO] (metallum) METALLUM_BENCHMARK_DEBUG at=start level_exists=true player_exists=true server_dim=minecraft:overworld server_paused=false ticks=542 stageFrames=226 server_frozen=true client_ready=true
[19:44:05] [Render thread/INFO] (metallum) METALLUM_BENCHMARK EVENT=ROUTE_CHECK event=MEASURE_START route=gi-g0-sealed-cave-v1 status=ready
[19:44:05] [Render thread/INFO] (metallum) METALLUM_BENCHMARK EVENT=VERTEX_REFLECTION_ADMISSION enabled=false state=OFF ready=false generation=3/0 origin=[0,0,0] sections=0/0/0 expected=0 invalidation=null quality_face_aware=true quality_first_surface=true quality_confidence=true
[19:44:05] [Render thread/INFO] (metallum) METALLUM_BENCHMARK EVENT=MEASURE_START index=1 mode=OFF presented_frame=1800
2026-08-26 19:44:05.931 java[72141:7989756] [metallum] GPU timing (warmup segment 0, 300 presented frames, 87.9 FPS): presenting command buffer 13.209 ms avg / 13.373 p50 / 14.107 p95 / 14.252 p99 / 17.122 max
  present pacing: 16.069 ms p95 / 18.523 ms p99, 51.1 FPS 1% low / 47.7 FPS 0.1% low
  per-stage counters: disabled (set METALLUM_GPU_TIMING_DETAIL=1 to enable intrusive detail)
  nextDrawable wait (CPU): 1.136 ms/frame avg, 11.718 ms max interval (300 waits)
  in-flight semaphore wait (CPU): 6.190 ms/frame avg, 11.523 ms max interval (5400 waits)
  command completion wait (CPU): n/a
[19:44:08] [Render thread/INFO] (metallum) L6 local shadows: active=true, descriptors=723/snapshot=723, READY=89, STALE=0, APPROXIMATE=634, BUILDING=0, FAIL_CLOSED=0, cachedEdges=8:65/16:4/32:8/64:12, cacheCovered=89, coverageLimited=634, residents=89, pendingBuilds=0, pendingUploads=0 (0 bytes), capacityBlocked=0, capacityWaitSkips=0, retryBackoff=0, uploads=0 (0 bytes), proxies=16/16, maxSteps=96, dynamic=0/0/0 candidates/selected/dropped, held=false, dispatches=0, rays=0, ready=0, fallback=0, coverageMiss=0, transitions=0->0, failures=0, pages=0 bytes
[19:44:08] [Render thread/INFO] (metallum) METALLUM_L6_DYNAMIC candidates=0 selected=0 dropped=0 held=false dispatches=0 rays=0 ready=0 fallback=0 coverage_miss=0 static_to_dynamic=0 dynamic_to_static=0 failures=0 pages_bytes=0
2026-08-26 19:44:09.359 java[72141:7990602] [metallum] GPU timing (measure segment 0, 300 presented frames, 87.8 FPS): presenting command buffer 13.180 ms avg / 13.368 p50 / 14.055 p95 / 14.183 p99 / 17.403 max
  present pacing: 16.213 ms p95 / 19.834 ms p99, 47.7 FPS 1% low / 44.4 FPS 0.1% low
  per-stage counters: disabled (set METALLUM_GPU_TIMING_DETAIL=1 to enable intrusive detail)
  nextDrawable wait (CPU): 1.246 ms/frame avg, 11.111 ms max interval (300 waits)
  in-flight semaphore wait (CPU): 6.128 ms/frame avg, 11.113 ms max interval (5399 waits)
  command completion wait (CPU): n/a
[19:44:11] [Render thread/INFO] (metallum) L6 local shadows: active=true, descriptors=723/snapshot=723, READY=89, STALE=0, APPROXIMATE=634, BUILDING=0, FAIL_CLOSED=0, cachedEdges=8:65/16:4/32:8/64:12, cacheCovered=89, coverageLimited=634, residents=89, pendingBuilds=0, pendingUploads=0 (0 bytes), capacityBlocked=0, capacityWaitSkips=0, retryBackoff=0, uploads=0 (0 bytes), proxies=16/16, maxSteps=96, dynamic=0/0/0 candidates/selected/dropped, held=false, dispatches=0, rays=0, ready=0, fallback=0, coverageMiss=0, transitions=0->0, failures=0, pages=0 bytes
[19:44:11] [Render thread/INFO] (metallum) METALLUM_L6_DYNAMIC candidates=0 selected=0 dropped=0 held=false dispatches=0 rays=0 ready=0 fallback=0 coverage_miss=0 static_to_dynamic=0 dynamic_to_static=0 failures=0 pages_bytes=0
2026-08-26 19:44:12.769 java[72141:7989754] [metallum] GPU timing (measure segment 0, 300 presented frames, 88.0 FPS): presenting command buffer 13.258 ms avg / 13.377 p50 / 14.097 p95 / 14.287 p99 / 17.424 max
  present pacing: 15.688 ms p95 / 18.249 ms p99, 51.4 FPS 1% low / 49.5 FPS 0.1% low
  per-stage counters: disabled (set METALLUM_GPU_TIMING_DETAIL=1 to enable intrusive detail)
  nextDrawable wait (CPU): 1.089 ms/frame avg, 8.684 ms max interval (300 waits)
  in-flight semaphore wait (CPU): 6.231 ms/frame avg, 11.032 ms max interval (5400 waits)
  command completion wait (CPU): n/a
[19:44:15] [Render thread/INFO] (metallum) L6 local shadows: active=true, descriptors=723/snapshot=723, READY=89, STALE=0, APPROXIMATE=634, BUILDING=0, FAIL_CLOSED=0, cachedEdges=8:65/16:4/32:8/64:12, cacheCovered=89, coverageLimited=634, residents=89, pendingBuilds=0, pendingUploads=0 (0 bytes), capacityBlocked=0, capacityWaitSkips=0, retryBackoff=0, uploads=0 (0 bytes), proxies=16/16, maxSteps=96, dynamic=0/0/0 candidates/selected/dropped, held=false, dispatches=0, rays=0, ready=0, fallback=0, coverageMiss=0, transitions=0->0, failures=0, pages=0 bytes
[19:44:15] [Render thread/INFO] (metallum) METALLUM_L6_DYNAMIC candidates=0 selected=0 dropped=0 held=false dispatches=0 rays=0 ready=0 fallback=0 coverage_miss=0 static_to_dynamic=0 dynamic_to_static=0 failures=0 pages_bytes=0
2026-08-26 19:44:16.179 java[72141:7990602] [metallum] GPU timing (measure segment 0, 300 presented frames, 88.0 FPS): presenting command buffer 13.254 ms avg / 13.374 p50 / 13.550 p95 / 14.254 p99 / 18.554 max
  present pacing: 14.981 ms p95 / 17.911 ms p99, 50.7 FPS 1% low / 46.3 FPS 0.1% low
  per-stage counters: disabled (set METALLUM_GPU_TIMING_DETAIL=1 to enable intrusive detail)
  nextDrawable wait (CPU): 0.870 ms/frame avg, 10.753 ms max interval (300 waits)
  in-flight semaphore wait (CPU): 6.485 ms/frame avg, 12.281 ms max interval (5400 waits)
  command completion wait (CPU): n/a
[19:44:18] [Render thread/INFO] (metallum) L6 local shadows: active=true, descriptors=723/snapshot=723, READY=89, STALE=0, APPROXIMATE=634, BUILDING=0, FAIL_CLOSED=0, cachedEdges=8:65/16:4/32:8/64:12, cacheCovered=89, coverageLimited=634, residents=89, pendingBuilds=0, pendingUploads=0 (0 bytes), capacityBlocked=0, capacityWaitSkips=0, retryBackoff=0, uploads=0 (0 bytes), proxies=16/16, maxSteps=96, dynamic=0/0/0 candidates/selected/dropped, held=false, dispatches=0, rays=0, ready=0, fallback=0, coverageMiss=0, transitions=0->0, failures=0, pages=0 bytes
[19:44:18] [Render thread/INFO] (metallum) METALLUM_L6_DYNAMIC candidates=0 selected=0 dropped=0 held=false dispatches=0 rays=0 ready=0 fallback=0 coverage_miss=0 static_to_dynamic=0 dynamic_to_static=0 failures=0 pages_bytes=0
2026-08-26 19:44:19.603 java[72141:7990779] [metallum] GPU timing (measure segment 0, 300 presented frames, 87.6 FPS): presenting command buffer 13.233 ms avg / 13.381 p50 / 14.189 p95 / 14.501 p99 / 16.837 max
  present pacing: 15.061 ms p95 / 19.278 ms p99, 46.3 FPS 1% low / 42.5 FPS 0.1% low
  per-stage counters: disabled (set METALLUM_GPU_TIMING_DETAIL=1 to enable intrusive detail)
  nextDrawable wait (CPU): 1.061 ms/frame avg, 12.006 ms max interval (300 waits)
  in-flight semaphore wait (CPU): 6.363 ms/frame avg, 11.213 ms max interval (5400 waits)
  command completion wait (CPU): n/a
[19:44:22] [Render thread/INFO] (metallum) L6 local shadows: active=true, descriptors=723/snapshot=723, READY=89, STALE=0, APPROXIMATE=634, BUILDING=0, FAIL_CLOSED=0, cachedEdges=8:65/16:4/32:8/64:12, cacheCovered=89, coverageLimited=634, residents=89, pendingBuilds=0, pendingUploads=0 (0 bytes), capacityBlocked=0, capacityWaitSkips=0, retryBackoff=0, uploads=0 (0 bytes), proxies=16/16, maxSteps=96, dynamic=0/0/0 candidates/selected/dropped, held=false, dispatches=0, rays=0, ready=0, fallback=0, coverageMiss=0, transitions=0->0, failures=0, pages=0 bytes
[19:44:22] [Render thread/INFO] (metallum) METALLUM_L6_DYNAMIC candidates=0 selected=0 dropped=0 held=false dispatches=0 rays=0 ready=0 fallback=0 coverage_miss=0 static_to_dynamic=0 dynamic_to_static=0 failures=0 pages_bytes=0
2026-08-26 19:44:23.009 java[72141:7990779] [metallum] GPU timing (measure segment 0, 300 presented frames, 88.1 FPS): presenting command buffer 13.215 ms avg / 13.374 p50 / 13.544 p95 / 14.251 p99 / 16.802 max
  present pacing: 15.415 ms p95 / 18.189 ms p99, 52.3 FPS 1% low / 51.2 FPS 0.1% low
  per-stage counters: disabled (set METALLUM_GPU_TIMING_DETAIL=1 to enable intrusive detail)
  nextDrawable wait (CPU): 1.037 ms/frame avg, 8.489 ms max interval (300 waits)
  in-flight semaphore wait (CPU): 6.424 ms/frame avg, 10.795 ms max interval (5400 waits)
  command completion wait (CPU): n/a
[19:44:25] [Render thread/INFO] (metallum) L6 local shadows: active=true, descriptors=723/snapshot=723, READY=89, STALE=0, APPROXIMATE=634, BUILDING=0, FAIL_CLOSED=0, cachedEdges=8:65/16:4/32:8/64:12, cacheCovered=89, coverageLimited=634, residents=89, pendingBuilds=0, pendingUploads=0 (0 bytes), capacityBlocked=0, capacityWaitSkips=0, retryBackoff=0, uploads=0 (0 bytes), proxies=16/16, maxSteps=96, dynamic=0/0/0 candidates/selected/dropped, held=false, dispatches=0, rays=0, ready=0, fallback=0, coverageMiss=0, transitions=0->0, failures=0, pages=0 bytes
[19:44:25] [Render thread/INFO] (metallum) METALLUM_L6_DYNAMIC candidates=0 selected=0 dropped=0 held=false dispatches=0 rays=0 ready=0 fallback=0 coverage_miss=0 static_to_dynamic=0 dynamic_to_static=0 failures=0 pages_bytes=0
2026-08-26 19:44:26.414 java[72141:7989754] [metallum] GPU timing (measure segment 0, 300 presented frames, 88.1 FPS): presenting command buffer 13.270 ms avg / 13.377 p50 / 14.103 p95 / 14.288 p99 / 16.805 max
  present pacing: 14.424 ms p95 / 17.191 ms p99, 55.9 FPS 1% low / 55.1 FPS 0.1% low
  per-stage counters: disabled (set METALLUM_GPU_TIMING_DETAIL=1 to enable intrusive detail)
  nextDrawable wait (CPU): 0.926 ms/frame avg, 7.711 ms max interval (300 waits)
  in-flight semaphore wait (CPU): 6.480 ms/frame avg, 9.867 ms max interval (5400 waits)
  command completion wait (CPU): n/a
[19:44:28] [Render thread/INFO] (metallum) L6 local shadows: active=true, descriptors=723/snapshot=723, READY=89, STALE=0, APPROXIMATE=634, BUILDING=0, FAIL_CLOSED=0, cachedEdges=8:65/16:4/32:8/64:12, cacheCovered=89, coverageLimited=634, residents=89, pendingBuilds=0, pendingUploads=0 (0 bytes), capacityBlocked=0, capacityWaitSkips=0, retryBackoff=0, uploads=0 (0 bytes), proxies=16/16, maxSteps=96, dynamic=0/0/0 candidates/selected/dropped, held=false, dispatches=0, rays=0, ready=0, fallback=0, coverageMiss=0, transitions=0->0, failures=0, pages=0 bytes
[19:44:28] [Render thread/INFO] (metallum) METALLUM_L6_DYNAMIC candidates=0 selected=0 dropped=0 held=false dispatches=0 rays=0 ready=0 fallback=0 coverage_miss=0 static_to_dynamic=0 dynamic_to_static=0 failures=0 pages_bytes=0
2026-08-26 19:44:29.824 java[72141:7989754] [metallum] GPU timing (measure segment 0, 300 presented frames, 88.0 FPS): presenting command buffer 13.215 ms avg / 13.362 p50 / 14.089 p95 / 14.251 p99 / 16.785 max
  present pacing: 15.581 ms p95 / 18.705 ms p99, 51.4 FPS 1% low / 50.1 FPS 0.1% low
  per-stage counters: disabled (set METALLUM_GPU_TIMING_DETAIL=1 to enable intrusive detail)
  nextDrawable wait (CPU): 1.003 ms/frame avg, 11.036 ms max interval (300 waits)
  in-flight semaphore wait (CPU): 6.393 ms/frame avg, 10.791 ms max interval (5400 waits)
  command completion wait (CPU): n/a
[19:44:32] [Render thread/INFO] (metallum) L6 local shadows: active=true, descriptors=723/snapshot=723, READY=89, STALE=0, APPROXIMATE=634, BUILDING=0, FAIL_CLOSED=0, cachedEdges=8:65/16:4/32:8/64:12, cacheCovered=89, coverageLimited=634, residents=89, pendingBuilds=0, pendingUploads=0 (0 bytes), capacityBlocked=0, capacityWaitSkips=0, retryBackoff=0, uploads=0 (0 bytes), proxies=16/16, maxSteps=96, dynamic=0/0/0 candidates/selected/dropped, held=false, dispatches=0, rays=0, ready=0, fallback=0, coverageMiss=0, transitions=0->0, failures=0, pages=0 bytes
[19:44:32] [Render thread/INFO] (metallum) METALLUM_L6_DYNAMIC candidates=0 selected=0 dropped=0 held=false dispatches=0 rays=0 ready=0 fallback=0 coverage_miss=0 static_to_dynamic=0 dynamic_to_static=0 failures=0 pages_bytes=0
2026-08-26 19:44:33.232 java[72141:7991649] [metallum] GPU timing (measure segment 0, 300 presented frames, 87.9 FPS): presenting command buffer 13.121 ms avg / 13.340 p50 / 13.498 p95 / 14.249 p99 / 17.984 max
  present pacing: 15.651 ms p95 / 17.607 ms p99, 55.3 FPS 1% low / 54.0 FPS 0.1% low
  per-stage counters: disabled (set METALLUM_GPU_TIMING_DETAIL=1 to enable intrusive detail)
  nextDrawable wait (CPU): 1.029 ms/frame avg, 11.277 ms max interval (300 waits)
  in-flight semaphore wait (CPU): 6.405 ms/frame avg, 12.935 ms max interval (5400 waits)
  command completion wait (CPU): n/a
[19:44:35] [Render thread/INFO] (metallum) L6 local shadows: active=true, descriptors=723/snapshot=723, READY=89, STALE=0, APPROXIMATE=634, BUILDING=0, FAIL_CLOSED=0, cachedEdges=8:65/16:4/32:8/64:12, cacheCovered=89, coverageLimited=634, residents=89, pendingBuilds=0, pendingUploads=0 (0 bytes), capacityBlocked=0, capacityWaitSkips=0, retryBackoff=0, uploads=0 (0 bytes), proxies=16/16, maxSteps=96, dynamic=0/0/0 candidates/selected/dropped, held=false, dispatches=0, rays=0, ready=0, fallback=0, coverageMiss=0, transitions=0->0, failures=0, pages=0 bytes
[19:44:35] [Render thread/INFO] (metallum) METALLUM_L6_DYNAMIC candidates=0 selected=0 dropped=0 held=false dispatches=0 rays=0 ready=0 fallback=0 coverage_miss=0 static_to_dynamic=0 dynamic_to_static=0 failures=0 pages_bytes=0
2026-08-26 19:44:36.637 java[72141:7991649] [metallum] GPU timing (measure segment 0, 300 presented frames, 88.1 FPS): presenting command buffer 13.088 ms avg / 13.339 p50 / 13.535 p95 / 14.238 p99 / 17.343 max
  present pacing: 15.800 ms p95 / 17.830 ms p99, 52.2 FPS 1% low / 50.0 FPS 0.1% low
  per-stage counters: disabled (set METALLUM_GPU_TIMING_DETAIL=1 to enable intrusive detail)
  nextDrawable wait (CPU): 1.133 ms/frame avg, 10.735 ms max interval (300 waits)
  in-flight semaphore wait (CPU): 6.328 ms/frame avg, 11.484 ms max interval (5400 waits)
  command completion wait (CPU): n/a
[19:44:39] [Render thread/INFO] (metallum) L6 local shadows: active=true, descriptors=723/snapshot=723, READY=89, STALE=0, APPROXIMATE=634, BUILDING=0, FAIL_CLOSED=0, cachedEdges=8:65/16:4/32:8/64:12, cacheCovered=89, coverageLimited=634, residents=89, pendingBuilds=0, pendingUploads=0 (0 bytes), capacityBlocked=0, capacityWaitSkips=0, retryBackoff=0, uploads=0 (0 bytes), proxies=16/16, maxSteps=96, dynamic=0/0/0 candidates/selected/dropped, held=false, dispatches=0, rays=0, ready=0, fallback=0, coverageMiss=0, transitions=0->0, failures=0, pages=0 bytes
[19:44:39] [Render thread/INFO] (metallum) METALLUM_L6_DYNAMIC candidates=0 selected=0 dropped=0 held=false dispatches=0 rays=0 ready=0 fallback=0 coverage_miss=0 static_to_dynamic=0 dynamic_to_static=0 failures=0 pages_bytes=0
[19:44:40] [Render thread/INFO] (metallum) METALLUM_BENCHMARK EVENT=MEASURE_END index=1 mode=OFF presented_frame=4800
[19:44:40] [Server thread/INFO] (metallum) METALLUM_BENCHMARK_DEBUG at=start level_exists=true player_exists=true server_dim=minecraft:overworld server_paused=false ticks=1224 stageFrames=226 server_frozen=true client_ready=true
[19:44:40] [Render thread/INFO] (metallum) METALLUM_BENCHMARK EVENT=ROUTE_CHECK event=MEASURE_END route=gi-g0-sealed-cave-v1 status=ready
[19:44:40] [Render thread/INFO] (metallum) METALLUM_BENCHMARK EVENT=COMPLETE segments=1 measured_frames=3000 framebuffer=3024x1964
[19:44:40] [Server thread/INFO] (metallum) METALLUM_BENCHMARK EVENT=SURVIVAL_GUARD_RESTORED player=b07a402a-d8ea-354f-9398-aaf208a798b9 health=20.0
[19:44:40] [Render thread/INFO] (Minecraft) Stopping!
2026-08-26 19:44:40.053 java[72141:7990602] [metallum] GPU timing (measure segment 0, 300 presented frames, 87.9 FPS): presenting command buffer 13.308 ms avg / 13.379 p50 / 14.062 p95 / 14.331 p99 / 17.439 max
  present pacing: 15.308 ms p95 / 18.133 ms p99, 51.1 FPS 1% low / 49.0 FPS 0.1% low
  per-stage counters: disabled (set METALLUM_GPU_TIMING_DETAIL=1 to enable intrusive detail)
  nextDrawable wait (CPU): 0.882 ms/frame avg, 8.994 ms max interval (300 waits)
  in-flight semaphore wait (CPU): 6.574 ms/frame avg, 10.655 ms max interval (5400 waits)
  command completion wait (CPU): n/a
[19:44:40] [Server thread/INFO] (Minecraft) Stopping server
[19:44:40] [Server thread/INFO] (Minecraft) Saving players
[19:44:40] [Server thread/INFO] (Minecraft) MetallumBench lost connection: Disconnected
[19:44:40] [Server thread/INFO] (Minecraft) MetallumBench left the game
[19:44:40] [Server thread/INFO] (Minecraft) Stopping singleplayer server as player logged out
[19:44:40] [Server thread/INFO] (Minecraft) Saving worlds
[19:44:40] [Server thread/INFO] (Minecraft) Saving chunks for level 'ServerLevel[world]'/minecraft:overworld
[19:44:40] [Server thread/INFO] (Minecraft) Saving chunks for level 'ServerLevel[world]'/minecraft:the_end
[19:44:40] [Server thread/INFO] (Minecraft) Saving chunks for level 'ServerLevel[world]'/minecraft:the_nether
[19:44:40] [Server thread/INFO] (Minecraft) ThreadedAnvilChunkStorage (world): All chunks are saved
[19:44:40] [Server thread/INFO] (Minecraft) ThreadedAnvilChunkStorage (DIM1): All chunks are saved
[19:44:40] [Server thread/INFO] (Minecraft) ThreadedAnvilChunkStorage (DIM-1): All chunks are saved
[19:44:40] [Server thread/INFO] (Minecraft) ThreadedAnvilChunkStorage: All dimensions are saved
[19:44:40] [Render thread/INFO] (ChunkBuilder) Stopping worker threads

BUILD SUCCESSFUL in 1m 30s
19 actionable tasks: 1 executed, 18 up-to-date
