[20:04:06] [main/INFO] (FabricLoader/GameProvider) Loading Minecraft 26.2 with Fabric Loader 0.19.3
[20:04:06] [main/INFO] (FabricLoader/Mappings) Mappings not present!
[20:04:06] [main/INFO] (FabricLoader) Loading 15 mods:
	- fabricloader 0.19.3
	- java 25
	- metallum 0.0.21
	- minecraft 26.2
	- mixinextras 0.5.4
	- sodium 0.9.1+mc26.2
	   |-- fabric-api-base 2.0.4+ece063239c
	   |-- fabric-block-getter-api-v2 2.0.7+ec56b6019c
	   |-- fabric-lifecycle-events-v1 4.1.3+4575b05f9c
	   |-- fabric-renderer-api-v1 14.0.1+eec4cc519c
	   |-- fabric-rendering-fluids-v1 6.0.4+06488ac19c
	   |-- fabric-rendering-v1 25.1.6+46a6d00c9c
	   |-- fabric-resource-loader-v0 3.3.20+4fc5413f9c
	   |-- fabric-resource-loader-v1 2.0.13+9edec1269c
	   \-- fabric-transitive-access-wideners-v1 8.1.3+e098252d9c
[20:04:06] [main/INFO] (FabricLoader/Mixin) SpongePowered MIXIN Subsystem Version=0.8.7 Source=file:/Users/sergejgenerozov/.gradle/caches/modules-2/files-2.1/net.fabricmc/sponge-mixin/0.17.3+mixin.0.8.7/41c4a3984a80f4679e759fb9f495587acc5cdac7/sponge-mixin-0.17.3+mixin.0.8.7.jar Service=Knot/Fabric Env=CLIENT
[20:04:06] [main/INFO] (FabricLoader/Mixin) Compatibility level set to JAVA_25
[20:04:06] [main/INFO] (Sodium) Loaded configuration file for Sodium: 36 options available, 0 override(s) found
[20:04:06] [main/INFO] (Sodium-GraphicsAdapterProbe) Searching for graphics cards...
[20:04:06] [main/INFO] (FabricLoader/MixinExtras|Service) Initializing MixinExtras via com.llamalad7.mixinextras.service.MixinExtrasServiceImpl(version=0.5.4).
[20:04:07] [Datafixer Bootstrap #0/INFO] (Minecraft) 295 Datafixer optimizations took 212 milliseconds
[20:04:08] [main/WARN] (MacOperatingSystem) Unable to parse version 27.0 to a codename.
[20:04:11] [Render thread/INFO] (Minecraft) Environment: Environment[sessionHost=https://sessionserver.mojang.com, servicesHost=https://api.minecraftservices.com, profilesHost=https://api.mojang.com, name=PROD]
[20:04:11] [Render thread/INFO] (Minecraft) Setting user: MetallumBench
[20:04:11] [Render thread/INFO] (Minecraft) Backend library: LWJGL version 3.4.1-snapshot
[20:04:11] [Render thread/INFO] (metallum) Metal device: Apple M1 Pro
[20:04:12] [Render thread/INFO] (metallum) Semantic HDR shaders: enabled (configured mode SCENE, potential EDR headroom 16.0)
[20:04:12] [Render thread/INFO] (metallum) Configured HDR mode: SCENE, FP16 scene path: enabled
[20:04:12] [Render thread/INFO] (metallum) MetalFX spatial scaling support: available
[20:04:12] [Render thread/INFO] (metallum) MetalFX temporal scaling support: available
[20:04:12] [Render thread/INFO] (metallum) Temporal camera-motion diagnostics: disabled
[20:04:12] [Render thread/INFO] (metallum) Renderer generation request: contract=METALLUM, lighting=ADVANCED, preset=BALANCED, frameInterpolation=false (production executor Metal 3)
[20:04:12] [Render thread/INFO] (Minecraft) Using graphics backend Metal, using drivers: macOS 27.0
[20:04:12] [Render thread/INFO] (Minecraft) Using graphics device: Apple M1 Pro (Apple)
[20:04:12] [Render thread/INFO] (Minecraft) Using graphics device extensions: CAMetalLayer, MTLDevice
[20:04:12] [Download-2/ERROR] (Minecraft) Failed to fetch user properties
com.mojang.authlib.exceptions.InvalidCredentialsException: Status: 401
	at knot//com.mojang.authlib.exceptions.MinecraftClientHttpException.toAuthenticationException(MinecraftClientHttpException.java:70)
	at knot//com.mojang.authlib.yggdrasil.YggdrasilUserApiService.fetchProperties(YggdrasilUserApiService.java:173)
	at knot//net.minecraft.client.Minecraft.lambda$new$1(Minecraft.java:438)
	at java.base/java.util.concurrent.CompletableFuture$AsyncSupply.run(CompletableFuture.java:1789)
	at java.base/java.util.concurrent.ThreadPoolExecutor.runWorker(ThreadPoolExecutor.java:1090)
	at java.base/java.util.concurrent.ThreadPoolExecutor$Worker.run(ThreadPoolExecutor.java:614)
	at java.base/java.lang.Thread.run(Thread.java:1474)
Caused by: MinecraftClientHttpException[type=HTTP_ERROR, status=401, response=ErrorResponse[path=/player/attributes, error=null, errorMessage=null, details=null]]
	at knot//com.mojang.authlib.minecraft.client.MinecraftClient.buildHttpException(MinecraftClient.java:170)
	at knot//com.mojang.authlib.minecraft.client.MinecraftClient.readServiceResponse(MinecraftClient.java:147)
	at knot//com.mojang.authlib.minecraft.client.MinecraftClient.getWithEtag(MinecraftClient.java:81)
	at knot//com.mojang.authlib.minecraft.client.MinecraftClient.get(MinecraftClient.java:65)
	at knot//com.mojang.authlib.yggdrasil.YggdrasilUserApiService.fetchProperties(YggdrasilUserApiService.java:123)
	... 5 more
[20:04:12] [Render thread/INFO] (metallum) MainTarget scene contract: METALLUM_HDR_ACTUAL_RADIANCE, format: RGBA16_FLOAT
[20:04:13] [Render thread/INFO] (Minecraft) Reloading ResourceManager: vanilla, fabric-api-base, fabric-block-getter-api-v2, fabric-lifecycle-events-v1, fabric-renderer-api-v1, fabric-rendering-fluids-v1, fabric-rendering-v1, fabric-resource-loader-v0, fabric-resource-loader-v1, fabric-transitive-access-wideners-v1, fabricloader, metallum, sodium
[20:04:14] [Worker-Main-4/INFO] (Minecraft) Found unifont_all_no_pua-17.0.01.hex, loading
[20:04:14] [Worker-Main-3/INFO] (Minecraft) Found unifont_pua-17.0.01.hex, loading
[20:04:14] [Worker-Main-2/INFO] (Minecraft) Found unifont_jp_patch-17.0.01.hex, loading
[20:04:14] [Download-1/INFO] (Minecraft) Could not authorize you against Realms server: java.lang.RuntimeException: Failed to parse into SignedJWT: FabricMC
[20:04:14] [Download-1/ERROR] (Minecraft) Failed to fetch Realms feature flags
com.mojang.realmsclient.exception.RealmsServiceException: Realms authentication error with message 'java.lang.RuntimeException: Failed to parse into SignedJWT: FabricMC'
	at knot//com.mojang.realmsclient.client.RealmsClient.execute(RealmsClient.java:528)
	at knot//com.mojang.realmsclient.client.RealmsClient.fetchFeatureFlags(RealmsClient.java:187)
	at java.base/java.util.concurrent.CompletableFuture$AsyncSupply.run(CompletableFuture.java:1789)
	at java.base/java.util.concurrent.ThreadPoolExecutor.runWorker(ThreadPoolExecutor.java:1090)
	at java.base/java.util.concurrent.ThreadPoolExecutor$Worker.run(ThreadPoolExecutor.java:614)
	at java.base/java.lang.Thread.run(Thread.java:1474)
[20:04:14] [Render thread/INFO] (metallum) Semantic HDR enhancement is active with current EDR headroom 1.2
[20:04:14] [Render thread/INFO] (metallum) Metal output: ENHANCED (current EDR headroom 1.2, potential 16.0)
[20:04:14] [Render thread/WARN] (metallum) Renderer generation request resolved with fallback [MATERIAL_CONTRACT_UNAVAILABLE]: contract=LEGACY, lighting=VANILLA, output=HDR, upscale=NATIVE, interpolation=OFF
[20:04:14] [Render thread/INFO] (metallum) Seeded SDR GUI target is active (RGBA8_UNORM)
[20:04:23] [Render thread/INFO] (metallum) Linear scene shader preflight active: all required Minecraft 26.2 and Sodium scene shaders passed preflight
[20:04:23] [Render thread/INFO] (metallum) METALLUM material contract active: all Minecraft 26.2 and Sodium material roles passed source and PSO preflight
[20:04:23] [Render thread/INFO] (metallum) Advanced shader generation active: Minecraft 26.2 and Sodium 0.9.1 Advanced terrain/entity/end-portal sources passed preflight
[20:04:23] [Render thread/INFO] (Minecraft) OpenAL initialized on device Динамики MacBook Pro
[20:04:23] [Render thread/INFO] (Minecraft) Sound engine started
[20:04:23] [Render thread/INFO] (Minecraft) Created: 512x256x0 minecraft:textures/atlas/particles.png-atlas
[20:04:23] [Render thread/INFO] (Minecraft) Created: 128x128x0 minecraft:textures/atlas/decorated_pot.png-atlas
[20:04:23] [Render thread/INFO] (Minecraft) Created: 2048x1024x0 minecraft:textures/atlas/armor_trims.png-atlas
[20:04:23] [Render thread/INFO] (Minecraft) Created: 512x256x0 minecraft:textures/atlas/paintings.png-atlas
[20:04:23] [Render thread/INFO] (Minecraft) Created: 1024x512x0 minecraft:textures/atlas/shield_patterns.png-atlas
[20:04:23] [Render thread/INFO] (Minecraft) Created: 4096x2048x4 minecraft:textures/atlas/blocks.png-atlas
[20:04:23] [Render thread/INFO] (metallum) Loaded 1269 partial emissive terrain texture overlays
[20:04:23] [Render thread/INFO] (Minecraft) Created: 512x512x0 minecraft:textures/atlas/chest.png-atlas
[20:04:23] [Render thread/INFO] (Minecraft) Created: 256x128x0 minecraft:textures/atlas/celestials.png-atlas
[20:04:23] [Render thread/INFO] (Minecraft) Created: 1024x512x0 minecraft:textures/atlas/banner_patterns.png-atlas
[20:04:23] [Render thread/INFO] (Minecraft) Created: 1024x512x0 minecraft:textures/atlas/items.png-atlas
[20:04:23] [Render thread/INFO] (Minecraft) Created: 1024x1024x0 minecraft:textures/atlas/gui.png-atlas
[20:04:23] [Render thread/INFO] (Minecraft) Created: 128x64x0 minecraft:textures/atlas/map_decorations.png-atlas
[20:04:23] [Render thread/INFO] (Minecraft) Created: 512x512x0 minecraft:textures/atlas/shulker_boxes.png-atlas
[20:04:24] [Render thread/INFO] (metallum) Built face-aware water-reflection appearance for 30989 block states (0 fallbacks)
[20:04:24] [Render thread/INFO] (metallum) Renderer generation admitted: contract=METALLUM, lighting=ADVANCED, output=HDR, upscale=NATIVE, interpolation=OFF
[20:04:25] [Render thread/INFO] (Minecraft) Loaded 1585 recipes
[20:04:25] [Render thread/INFO] (Minecraft) Loaded 1688 advancements
[20:04:25] [Server thread/INFO] (Minecraft) Starting integrated minecraft server version 26.2
[20:04:25] [Server thread/INFO] (Minecraft) Generating keypair
[20:04:25] [Server thread/INFO] (Minecraft) Loading 0 persistent chunks...
[20:04:25] [Server thread/INFO] (Minecraft) Saving chunks for level 'ServerLevel[world]'/minecraft:overworld
[20:04:25] [Server thread/INFO] (Minecraft) Saving chunks for level 'ServerLevel[world]'/minecraft:the_end
[20:04:25] [Server thread/INFO] (Minecraft) Saving chunks for level 'ServerLevel[world]'/minecraft:the_nether
[20:04:25] [Server thread/INFO] (Minecraft) ThreadedAnvilChunkStorage (world): All chunks are saved
[20:04:25] [Server thread/INFO] (Minecraft) ThreadedAnvilChunkStorage (DIM1): All chunks are saved
[20:04:25] [Server thread/INFO] (Minecraft) ThreadedAnvilChunkStorage (DIM-1): All chunks are saved
[20:04:25] [Server thread/INFO] (Minecraft) ThreadedAnvilChunkStorage: All dimensions are saved
[20:04:26] [Server thread/INFO] (Minecraft) Loading 49 chunks for player spawn...
[20:04:26] [Server thread/INFO] (Minecraft) Preparing spawn area: 16%
[20:04:26] [Server thread/INFO] (Minecraft) Preparing spawn area: 16%
[20:04:27] [Server thread/INFO] (Minecraft) Preparing spawn area: 16%
[20:04:27] [Server thread/INFO] (Minecraft) Time elapsed: 1344 ms
[20:04:27] [Server thread/INFO] (Minecraft) MetallumBench[local:E:c9f172c6] logged in with entity id 101 at (86.1241372798128, 74.0, -95.57730763953901)
[20:04:27] [Server thread/INFO] (Minecraft) MetallumBench joined the game
[20:04:27] [Server thread/INFO] (Minecraft) Changing view distance to 16, from 10
[20:04:27] [Server thread/INFO] (Minecraft) Changing simulation distance to 12, from 0
[20:04:27] [Render thread/INFO] (ChunkBuilder) Started 4 worker threads
[20:04:27] [Render thread/INFO] (metallum) [GI_G2] accepted-output semantic capture active for minecraft:overworld
[20:04:27] [Render thread/INFO] (metallum) METALLUM_BENCHMARK EVENT=ARMED scope=Built-in Retina Display target=3024x1964 warmup=1800 measure=3000 sequence=[OFF] route=gi-g0-overworld-v1
[20:04:27] [Render thread/INFO] (Minecraft) Loaded 2 advancements
[20:04:27] [Server thread/INFO] (metallum) METALLUM_BENCHMARK EVENT=SURVIVAL_GUARD_APPLIED player=b07a402a-d8ea-354f-9398-aaf208a798b9 original_health=20.0
[20:04:27] [Render thread/INFO] (metallum) METALLUM_BENCHMARK EVENT=MONITOR handle=503636685568 name=Built-in Retina Display modes=[1920x1200@48, 1920x1200@50, 1920x1200@60, 1920x1200@120, 2048x1280@48, 2048x1280@50, 2048x1280@60, 2048x1280@120, 2048x1330@48, 2048x1330@50, 2048x1330@60, 2048x1330@120, 2294x1432@48, 2294x1432@50, 2294x1432@60, 2294x1432@120, 2294x1490@48, 2294x1490@50, 2294x1490@60, 2294x1490@120, 2560x1600@48, 2560x1600@50, 2560x1600@60, 2560x1600@120, 2704x1690@48, 2704x1690@50, 2704x1690@60, 2704x1690@120, 2704x1756@48, 2704x1756@50, 2704x1756@60, 2704x1756@120, 3024x1890@48, 3024x1890@50, 3024x1890@60, 3024x1890@120, 3024x1964@48, 3024x1964@50, 3024x1964@60, 3024x1964@120]
[20:04:27] [Render thread/INFO] (metallum) [GI_G2] accepted=0 stale=0 outside=0 capacityRejected=0 discarded=0 residentTags=0 activeCandidates=0 peakCandidates=0 peakCandidateBytes=0
[20:04:27] [Render thread/INFO] (ChunkBuilder) Stopping worker threads
[20:04:27] [Render thread/INFO] (ChunkBuilder) Started 4 worker threads
[20:04:27] [Render thread/INFO] (metallum) [GI_G2] accepted-output semantic capture active for minecraft:overworld
[20:04:27] [Render thread/INFO] (Minecraft) Resizing Dynamic Transforms UBO, capacity limit of 2 reached during a single frame. New capacity will be 4.
[20:04:27] [Render thread/INFO] (metallum) METALLUM_BENCHMARK EVENT=MOVE_WINDOW monitor=3024x1964@120 (24bit) workarea=0,33 1512x949
[20:04:28] [Render thread/INFO] (Minecraft) Resizing Dynamic Transforms UBO, capacity limit of 4 reached during a single frame. New capacity will be 8.
[20:04:28] [Render thread/INFO] (Minecraft) Resizing Dynamic Transforms UBO, capacity limit of 8 reached during a single frame. New capacity will be 16.
[20:04:28] [Chunk Render Task Executor #2/INFO] (metallum) Sodium semantic HDR emission tagging is active (strength 15, exact true)
[20:04:28] [Download-1/ERROR] (Minecraft) Failed to retrieve profile key pair
MinecraftClientHttpException[type=HTTP_ERROR, status=401, response=ErrorResponse[path=/player/certificates, error=null, errorMessage=null, details=null]]
	at knot//com.mojang.authlib.minecraft.client.MinecraftClient.buildHttpException(MinecraftClient.java:170)
	at knot//com.mojang.authlib.minecraft.client.MinecraftClient.readServiceResponse(MinecraftClient.java:147)
	at knot//com.mojang.authlib.minecraft.client.MinecraftClient.post(MinecraftClient.java:89)
	at knot//com.mojang.authlib.yggdrasil.YggdrasilUserApiService.getKeyPair(YggdrasilUserApiService.java:62)
	at knot//net.minecraft.client.multiplayer.AccountProfileKeyPairManager.fetchProfileKeyPair(AccountProfileKeyPairManager.java:128)
	at knot//net.minecraft.client.multiplayer.AccountProfileKeyPairManager.lambda$readOrFetchProfileKeyPair$0(AccountProfileKeyPairManager.java:77)
	at java.base/java.util.concurrent.CompletableFuture$AsyncSupply.run(CompletableFuture.java:1789)
	at java.base/java.util.concurrent.ThreadPoolExecutor.runWorker(ThreadPoolExecutor.java:1090)
	at java.base/java.util.concurrent.ThreadPoolExecutor$Worker.run(ThreadPoolExecutor.java:614)
	at java.base/java.lang.Thread.run(Thread.java:1474)
[20:04:29] [Render thread/INFO] (metallum) METALLUM_BENCHMARK EVENT=WINDOW_READY monitor=Built-in Retina Display video_mode=3024x1964@120 (24bit) framebuffer=3024x1964 window=3024x1964 screen=3024x1964
[20:04:30] [Server thread/INFO] (metallum) METALLUM_BENCHMARK_DEBUG at=start level_exists=true player_exists=true server_dim=minecraft:overworld server_paused=false ticks=56 stageFrames=1 server_frozen=true client_ready=true
[20:04:30] [Server thread/INFO] (metallum) METALLUM_BENCHMARK_DEBUG before_teleport player_dim=minecraft:overworld
[20:04:30] [Server thread/INFO] (metallum) METALLUM_BENCHMARK_DEBUG after_teleport player_dim=minecraft:overworld teleported=true
[20:04:30] [Render thread/INFO] (metallum) METALLUM_BENCHMARK EVENT=ROUTE_APPLY route=gi-g0-overworld-v1 fixture=hdrtest-static-v1 player=MetallumBench/b07a402a-d8ea-354f-9398-aaf208a798b9 dimension=minecraft:overworld
[20:04:30] [Render thread/INFO] (metallum) METALLUM_BENCHMARK EVENT=SERVER_TICKS_FROZEN
[20:04:30] [Server thread/INFO] (metallum) METALLUM_BENCHMARK_DEBUG at=start level_exists=true player_exists=true server_dim=minecraft:overworld server_paused=false ticks=68 stageFrames=2 server_frozen=true client_ready=true
[20:04:30] [Render thread/INFO] (metallum) Native-resolution HDR fast path is active: fused HDR reconstruction and SDR UI seed, lightweight final composite
[20:04:31] [Server thread/INFO] (metallum) METALLUM_BENCHMARK_DEBUG at=start level_exists=true player_exists=true server_dim=minecraft:overworld server_paused=false ticks=77 stageFrames=33 server_frozen=true client_ready=true
[20:04:31] [Server thread/INFO] (metallum) METALLUM_BENCHMARK_DEBUG at=start level_exists=true player_exists=true server_dim=minecraft:overworld server_paused=false ticks=87 stageFrames=64 server_frozen=true client_ready=true
[20:04:32] [Server thread/INFO] (metallum) METALLUM_BENCHMARK_DEBUG at=start level_exists=true player_exists=true server_dim=minecraft:overworld server_paused=false ticks=96 stageFrames=95 server_frozen=true client_ready=true
[20:04:32] [Render thread/INFO] (metallum) METALLUM_BENCHMARK_DEBUG waiting_for_route mismatch client=null server=null stable_frames=43 target_stable_frames=120
[20:04:32] [Server thread/INFO] (metallum) METALLUM_BENCHMARK_DEBUG at=start level_exists=true player_exists=true server_dim=minecraft:overworld server_paused=false ticks=108 stageFrames=126 server_frozen=true client_ready=true
[20:04:33] [Render thread/INFO] (metallum) L6 local shadows: active=true, descriptors=117/snapshot=117, READY=21, STALE=9, APPROXIMATE=87, BUILDING=0, FAIL_CLOSED=0, cachedEdges=8:12/16:2/32:4/64:12, cacheCovered=33, coverageLimited=84, residents=30, pendingBuilds=7, pendingUploads=0 (86016 bytes), capacityBlocked=0, capacityWaitSkips=0, retryBackoff=0, uploads=0 (0 bytes), proxies=16/16, maxSteps=96, dynamic=0/0/0 candidates/selected/dropped, held=false, dispatches=0, rays=0, ready=0, fallback=0, coverageMiss=0, transitions=0->0, failures=0, pages=0 bytes
[20:04:33] [Render thread/INFO] (metallum) METALLUM_L6_DYNAMIC candidates=0 selected=0 dropped=0 held=false dispatches=0 rays=0 ready=0 fallback=0 coverage_miss=0 static_to_dynamic=0 dynamic_to_static=0 failures=0 pages_bytes=0
[20:04:33] [Server thread/INFO] (metallum) METALLUM_BENCHMARK_DEBUG at=start level_exists=true player_exists=true server_dim=minecraft:overworld server_paused=false ticks=122 stageFrames=157 server_frozen=true client_ready=true
[20:04:34] [Server thread/INFO] (metallum) METALLUM_BENCHMARK_DEBUG at=start level_exists=true player_exists=true server_dim=minecraft:overworld server_paused=false ticks=137 stageFrames=188 server_frozen=true client_ready=true
[20:04:34] [Render thread/INFO] (metallum) METALLUM_BENCHMARK_DEBUG waiting_for_route mismatch client=null server=null stable_frames=18 target_stable_frames=120
[20:04:34] [Server thread/INFO] (metallum) METALLUM_BENCHMARK_DEBUG at=start level_exists=true player_exists=true server_dim=minecraft:overworld server_paused=false ticks=152 stageFrames=219 server_frozen=true client_ready=true
[20:04:35] [Server thread/INFO] (metallum) METALLUM_BENCHMARK_DEBUG at=start level_exists=true player_exists=true server_dim=minecraft:overworld server_paused=false ticks=167 stageFrames=250 server_frozen=true client_ready=true
[20:04:36] [Server thread/INFO] (metallum) METALLUM_BENCHMARK_DEBUG at=start level_exists=true player_exists=true server_dim=minecraft:overworld server_paused=false ticks=182 stageFrames=281 server_frozen=true client_ready=true
[20:04:36] [Render thread/INFO] (metallum) METALLUM_BENCHMARK_DEBUG waiting_for_route mismatch client=null server=null stable_frames=12 target_stable_frames=120
[20:04:37] [Server thread/INFO] (metallum) METALLUM_BENCHMARK_DEBUG at=start level_exists=true player_exists=true server_dim=minecraft:overworld server_paused=false ticks=196 stageFrames=312 server_frozen=true client_ready=true
[20:04:37] [Server thread/INFO] (metallum) METALLUM_BENCHMARK_DEBUG at=start level_exists=true player_exists=true server_dim=minecraft:overworld server_paused=false ticks=211 stageFrames=343 server_frozen=true client_ready=true
[20:04:38] [Server thread/INFO] (metallum) METALLUM_BENCHMARK_DEBUG at=start level_exists=true player_exists=true server_dim=minecraft:overworld server_paused=false ticks=225 stageFrames=374 server_frozen=true client_ready=true
[20:04:39] [Render thread/INFO] (metallum) METALLUM_BENCHMARK_DEBUG waiting_for_route mismatch client=null server=null stable_frames=10 target_stable_frames=120
[20:04:39] [Server thread/INFO] (metallum) METALLUM_BENCHMARK_DEBUG at=start level_exists=true player_exists=true server_dim=minecraft:overworld server_paused=false ticks=239 stageFrames=405 server_frozen=true client_ready=true
[20:04:39] [Server thread/INFO] (metallum) METALLUM_BENCHMARK_DEBUG at=start level_exists=true player_exists=true server_dim=minecraft:overworld server_paused=false ticks=253 stageFrames=436 server_frozen=true client_ready=true
[20:04:40] [Render thread/INFO] (metallum) L6 local shadows: active=true, descriptors=565/snapshot=565, READY=38, STALE=0, APPROXIMATE=527, BUILDING=0, FAIL_CLOSED=0, cachedEdges=8:20/16:2/32:4/64:12, cacheCovered=38, coverageLimited=527, residents=38, pendingBuilds=0, pendingUploads=0 (0 bytes), capacityBlocked=0, capacityWaitSkips=0, retryBackoff=0, uploads=0 (0 bytes), proxies=16/16, maxSteps=96, dynamic=0/0/0 candidates/selected/dropped, held=false, dispatches=0, rays=0, ready=0, fallback=0, coverageMiss=0, transitions=0->0, failures=0, pages=0 bytes
[20:04:40] [Render thread/INFO] (metallum) METALLUM_L6_DYNAMIC candidates=0 selected=0 dropped=0 held=false dispatches=0 rays=0 ready=0 fallback=0 coverage_miss=0 static_to_dynamic=0 dynamic_to_static=0 failures=0 pages_bytes=0
[20:04:40] [Server thread/INFO] (metallum) METALLUM_BENCHMARK_DEBUG at=start level_exists=true player_exists=true server_dim=minecraft:overworld server_paused=false ticks=267 stageFrames=467 server_frozen=true client_ready=true
[20:04:41] [Server thread/INFO] (metallum) METALLUM_BENCHMARK_DEBUG at=start level_exists=true player_exists=true server_dim=minecraft:overworld server_paused=false ticks=281 stageFrames=498 server_frozen=true client_ready=true
[20:04:41] [Render thread/INFO] (metallum) METALLUM_BENCHMARK_DEBUG waiting_for_route mismatch client=null server=null stable_frames=110 target_stable_frames=120
[20:04:41] [Render thread/INFO] (metallum) METALLUM_BENCHMARK EVENT=ADVANCED_ADMISSION expected=advanced schema=5 defaults_used=false requested=advanced resolved=advanced l3=true l5=true l6=true status=PASS generation=6 shader_epoch=5 reason=none
[20:04:41] [Render thread/INFO] (metallum) METALLUM_BENCHMARK EVENT=ROUTE_READY route=gi-g0-overworld-v1 stable_frames=120 pose=[86.1241372798128,74.0,-95.57730763953901;155.397,13.2000065] max_fps=260 resolved_gui_scale=8 resource_packs=vanilla,fabric-api-base,fabric-block-getter-api-v2,fabric-lifecycle-events-v1,fabric-renderer-api-v1,fabric-rendering-fluids-v1,fabric-rendering-v1,fabric-resource-loader-v0,fabric-resource-loader-v1,fabric-transitive-access-wideners-v1,fabricloader,metallum,sodium
[20:04:41] [Render thread/INFO] (metallum) METALLUM_BENCHMARK EVENT=SEGMENT_START index=1 total=1 mode=OFF warmup=1800 measure=3000
[20:04:46] [Render thread/INFO] (metallum) L6 local shadows: active=true, descriptors=565/snapshot=565, READY=38, STALE=0, APPROXIMATE=527, BUILDING=0, FAIL_CLOSED=0, cachedEdges=8:20/16:2/32:4/64:12, cacheCovered=38, coverageLimited=527, residents=38, pendingBuilds=0, pendingUploads=0 (0 bytes), capacityBlocked=0, capacityWaitSkips=0, retryBackoff=0, uploads=0 (0 bytes), proxies=16/16, maxSteps=96, dynamic=0/0/0 candidates/selected/dropped, held=false, dispatches=0, rays=0, ready=0, fallback=0, coverageMiss=0, transitions=0->0, failures=0, pages=0 bytes
[20:04:46] [Render thread/INFO] (metallum) METALLUM_L6_DYNAMIC candidates=0 selected=0 dropped=0 held=false dispatches=0 rays=0 ready=0 fallback=0 coverage_miss=0 static_to_dynamic=0 dynamic_to_static=0 failures=0 pages_bytes=0
[20:04:53] [Render thread/INFO] (metallum) L6 local shadows: active=true, descriptors=565/snapshot=565, READY=38, STALE=0, APPROXIMATE=527, BUILDING=0, FAIL_CLOSED=0, cachedEdges=8:20/16:2/32:4/64:12, cacheCovered=38, coverageLimited=527, residents=38, pendingBuilds=0, pendingUploads=0 (0 bytes), capacityBlocked=0, capacityWaitSkips=0, retryBackoff=0, uploads=0 (0 bytes), proxies=16/16, maxSteps=96, dynamic=0/0/0 candidates/selected/dropped, held=false, dispatches=0, rays=0, ready=0, fallback=0, coverageMiss=0, transitions=0->0, failures=0, pages=0 bytes
[20:04:53] [Render thread/INFO] (metallum) METALLUM_L6_DYNAMIC candidates=0 selected=0 dropped=0 held=false dispatches=0 rays=0 ready=0 fallback=0 coverage_miss=0 static_to_dynamic=0 dynamic_to_static=0 failures=0 pages_bytes=0
[20:05:00] [Render thread/INFO] (metallum) L6 local shadows: active=true, descriptors=565/snapshot=565, READY=38, STALE=0, APPROXIMATE=527, BUILDING=0, FAIL_CLOSED=0, cachedEdges=8:20/16:2/32:4/64:12, cacheCovered=38, coverageLimited=527, residents=38, pendingBuilds=0, pendingUploads=0 (0 bytes), capacityBlocked=0, capacityWaitSkips=0, retryBackoff=0, uploads=0 (0 bytes), proxies=16/16, maxSteps=96, dynamic=0/0/0 candidates/selected/dropped, held=false, dispatches=0, rays=0, ready=0, fallback=0, coverageMiss=0, transitions=0->0, failures=0, pages=0 bytes
[20:05:00] [Render thread/INFO] (metallum) METALLUM_L6_DYNAMIC candidates=0 selected=0 dropped=0 held=false dispatches=0 rays=0 ready=0 fallback=0 coverage_miss=0 static_to_dynamic=0 dynamic_to_static=0 failures=0 pages_bytes=0
[20:05:06] [Render thread/INFO] (metallum) L6 local shadows: active=true, descriptors=565/snapshot=565, READY=38, STALE=0, APPROXIMATE=527, BUILDING=0, FAIL_CLOSED=0, cachedEdges=8:20/16:2/32:4/64:12, cacheCovered=38, coverageLimited=527, residents=38, pendingBuilds=0, pendingUploads=0 (0 bytes), capacityBlocked=0, capacityWaitSkips=0, retryBackoff=0, uploads=0 (0 bytes), proxies=16/16, maxSteps=96, dynamic=0/0/0 candidates/selected/dropped, held=false, dispatches=0, rays=0, ready=0, fallback=0, coverageMiss=0, transitions=0->0, failures=0, pages=0 bytes
[20:05:06] [Render thread/INFO] (metallum) METALLUM_L6_DYNAMIC candidates=0 selected=0 dropped=0 held=false dispatches=0 rays=0 ready=0 fallback=0 coverage_miss=0 static_to_dynamic=0 dynamic_to_static=0 failures=0 pages_bytes=0
[20:05:13] [Render thread/INFO] (metallum) L6 local shadows: active=true, descriptors=565/snapshot=565, READY=38, STALE=0, APPROXIMATE=527, BUILDING=0, FAIL_CLOSED=0, cachedEdges=8:20/16:2/32:4/64:12, cacheCovered=38, coverageLimited=527, residents=38, pendingBuilds=0, pendingUploads=0 (0 bytes), capacityBlocked=0, capacityWaitSkips=0, retryBackoff=0, uploads=0 (0 bytes), proxies=16/16, maxSteps=96, dynamic=0/0/0 candidates/selected/dropped, held=false, dispatches=0, rays=0, ready=0, fallback=0, coverageMiss=0, transitions=0->0, failures=0, pages=0 bytes
[20:05:13] [Render thread/INFO] (metallum) METALLUM_L6_DYNAMIC candidates=0 selected=0 dropped=0 held=false dispatches=0 rays=0 ready=0 fallback=0 coverage_miss=0 static_to_dynamic=0 dynamic_to_static=0 failures=0 pages_bytes=0
[20:05:20] [Render thread/INFO] (metallum) L6 local shadows: active=true, descriptors=565/snapshot=565, READY=38, STALE=0, APPROXIMATE=527, BUILDING=0, FAIL_CLOSED=0, cachedEdges=8:20/16:2/32:4/64:12, cacheCovered=38, coverageLimited=527, residents=38, pendingBuilds=0, pendingUploads=0 (0 bytes), capacityBlocked=0, capacityWaitSkips=0, retryBackoff=0, uploads=0 (0 bytes), proxies=16/16, maxSteps=96, dynamic=0/0/0 candidates/selected/dropped, held=false, dispatches=0, rays=0, ready=0, fallback=0, coverageMiss=0, transitions=0->0, failures=0, pages=0 bytes
[20:05:20] [Render thread/INFO] (metallum) METALLUM_L6_DYNAMIC candidates=0 selected=0 dropped=0 held=false dispatches=0 rays=0 ready=0 fallback=0 coverage_miss=0 static_to_dynamic=0 dynamic_to_static=0 failures=0 pages_bytes=0
[20:05:21] [Server thread/INFO] (metallum) METALLUM_BENCHMARK_DEBUG at=start level_exists=true player_exists=true server_dim=minecraft:overworld server_paused=false ticks=1087 stageFrames=509 server_frozen=true client_ready=true
[20:05:21] [Render thread/INFO] (metallum) METALLUM_BENCHMARK EVENT=ROUTE_CHECK event=MEASURE_START route=gi-g0-overworld-v1 status=ready
[20:05:21] [Render thread/INFO] (metallum) METALLUM_BENCHMARK EVENT=VERTEX_REFLECTION_ADMISSION enabled=false state=OFF ready=false generation=3/0 origin=[0,0,0] sections=0/0/0 expected=0 invalidation=null quality_face_aware=true quality_first_surface=true quality_confidence=true
[20:05:21] [Render thread/INFO] (metallum) METALLUM_BENCHMARK EVENT=MEASURE_START index=1 mode=OFF presented_frame=1800
[20:05:27] [Render thread/INFO] (metallum) L6 local shadows: active=true, descriptors=565/snapshot=565, READY=38, STALE=0, APPROXIMATE=527, BUILDING=0, FAIL_CLOSED=0, cachedEdges=8:20/16:2/32:4/64:12, cacheCovered=38, coverageLimited=527, residents=38, pendingBuilds=0, pendingUploads=0 (0 bytes), capacityBlocked=0, capacityWaitSkips=0, retryBackoff=0, uploads=0 (0 bytes), proxies=16/16, maxSteps=96, dynamic=0/0/0 candidates/selected/dropped, held=false, dispatches=0, rays=0, ready=0, fallback=0, coverageMiss=0, transitions=0->0, failures=0, pages=0 bytes
[20:05:27] [Render thread/INFO] (metallum) METALLUM_L6_DYNAMIC candidates=0 selected=0 dropped=0 held=false dispatches=0 rays=0 ready=0 fallback=0 coverage_miss=0 static_to_dynamic=0 dynamic_to_static=0 failures=0 pages_bytes=0
[20:05:33] [Render thread/INFO] (metallum) L6 local shadows: active=true, descriptors=565/snapshot=565, READY=38, STALE=0, APPROXIMATE=527, BUILDING=0, FAIL_CLOSED=0, cachedEdges=8:20/16:2/32:4/64:12, cacheCovered=38, coverageLimited=527, residents=38, pendingBuilds=0, pendingUploads=0 (0 bytes), capacityBlocked=0, capacityWaitSkips=0, retryBackoff=0, uploads=0 (0 bytes), proxies=16/16, maxSteps=96, dynamic=0/0/0 candidates/selected/dropped, held=false, dispatches=0, rays=0, ready=0, fallback=0, coverageMiss=0, transitions=0->0, failures=0, pages=0 bytes
[20:05:33] [Render thread/INFO] (metallum) METALLUM_L6_DYNAMIC candidates=0 selected=0 dropped=0 held=false dispatches=0 rays=0 ready=0 fallback=0 coverage_miss=0 static_to_dynamic=0 dynamic_to_static=0 failures=0 pages_bytes=0
[20:05:40] [Render thread/INFO] (metallum) L6 local shadows: active=true, descriptors=565/snapshot=565, READY=38, STALE=0, APPROXIMATE=527, BUILDING=0, FAIL_CLOSED=0, cachedEdges=8:20/16:2/32:4/64:12, cacheCovered=38, coverageLimited=527, residents=38, pendingBuilds=0, pendingUploads=0 (0 bytes), capacityBlocked=0, capacityWaitSkips=0, retryBackoff=0, uploads=0 (0 bytes), proxies=16/16, maxSteps=96, dynamic=0/0/0 candidates/selected/dropped, held=false, dispatches=0, rays=0, ready=0, fallback=0, coverageMiss=0, transitions=0->0, failures=0, pages=0 bytes
[20:05:40] [Render thread/INFO] (metallum) METALLUM_L6_DYNAMIC candidates=0 selected=0 dropped=0 held=false dispatches=0 rays=0 ready=0 fallback=0 coverage_miss=0 static_to_dynamic=0 dynamic_to_static=0 failures=0 pages_bytes=0
[20:05:47] [Render thread/INFO] (metallum) L6 local shadows: active=true, descriptors=565/snapshot=565, READY=38, STALE=0, APPROXIMATE=527, BUILDING=0, FAIL_CLOSED=0, cachedEdges=8:20/16:2/32:4/64:12, cacheCovered=38, coverageLimited=527, residents=38, pendingBuilds=0, pendingUploads=0 (0 bytes), capacityBlocked=0, capacityWaitSkips=0, retryBackoff=0, uploads=0 (0 bytes), proxies=16/16, maxSteps=96, dynamic=0/0/0 candidates/selected/dropped, held=false, dispatches=0, rays=0, ready=0, fallback=0, coverageMiss=0, transitions=0->0, failures=0, pages=0 bytes
[20:05:47] [Render thread/INFO] (metallum) METALLUM_L6_DYNAMIC candidates=0 selected=0 dropped=0 held=false dispatches=0 rays=0 ready=0 fallback=0 coverage_miss=0 static_to_dynamic=0 dynamic_to_static=0 failures=0 pages_bytes=0
[20:05:54] [Render thread/INFO] (metallum) L6 local shadows: active=true, descriptors=565/snapshot=565, READY=38, STALE=0, APPROXIMATE=527, BUILDING=0, FAIL_CLOSED=0, cachedEdges=8:20/16:2/32:4/64:12, cacheCovered=38, coverageLimited=527, residents=38, pendingBuilds=0, pendingUploads=0 (0 bytes), capacityBlocked=0, capacityWaitSkips=0, retryBackoff=0, uploads=0 (0 bytes), proxies=16/16, maxSteps=96, dynamic=0/0/0 candidates/selected/dropped, held=false, dispatches=0, rays=0, ready=0, fallback=0, coverageMiss=0, transitions=0->0, failures=0, pages=0 bytes
[20:05:54] [Render thread/INFO] (metallum) METALLUM_L6_DYNAMIC candidates=0 selected=0 dropped=0 held=false dispatches=0 rays=0 ready=0 fallback=0 coverage_miss=0 static_to_dynamic=0 dynamic_to_static=0 failures=0 pages_bytes=0
[20:06:00] [Render thread/INFO] (metallum) L6 local shadows: active=true, descriptors=565/snapshot=565, READY=38, STALE=0, APPROXIMATE=527, BUILDING=0, FAIL_CLOSED=0, cachedEdges=8:20/16:2/32:4/64:12, cacheCovered=38, coverageLimited=527, residents=38, pendingBuilds=0, pendingUploads=0 (0 bytes), capacityBlocked=0, capacityWaitSkips=0, retryBackoff=0, uploads=0 (0 bytes), proxies=16/16, maxSteps=96, dynamic=0/0/0 candidates/selected/dropped, held=false, dispatches=0, rays=0, ready=0, fallback=0, coverageMiss=0, transitions=0->0, failures=0, pages=0 bytes
[20:06:00] [Render thread/INFO] (metallum) METALLUM_L6_DYNAMIC candidates=0 selected=0 dropped=0 held=false dispatches=0 rays=0 ready=0 fallback=0 coverage_miss=0 static_to_dynamic=0 dynamic_to_static=0 failures=0 pages_bytes=0
[20:06:07] [Render thread/INFO] (metallum) L6 local shadows: active=true, descriptors=565/snapshot=565, READY=38, STALE=0, APPROXIMATE=527, BUILDING=0, FAIL_CLOSED=0, cachedEdges=8:20/16:2/32:4/64:12, cacheCovered=38, coverageLimited=527, residents=38, pendingBuilds=0, pendingUploads=0 (0 bytes), capacityBlocked=0, capacityWaitSkips=0, retryBackoff=0, uploads=0 (0 bytes), proxies=16/16, maxSteps=96, dynamic=0/0/0 candidates/selected/dropped, held=false, dispatches=0, rays=0, ready=0, fallback=0, coverageMiss=0, transitions=0->0, failures=0, pages=0 bytes
[20:06:07] [Render thread/INFO] (metallum) METALLUM_L6_DYNAMIC candidates=0 selected=0 dropped=0 held=false dispatches=0 rays=0 ready=0 fallback=0 coverage_miss=0 static_to_dynamic=0 dynamic_to_static=0 failures=0 pages_bytes=0
[20:06:14] [Render thread/INFO] (metallum) L6 local shadows: active=true, descriptors=565/snapshot=565, READY=38, STALE=0, APPROXIMATE=527, BUILDING=0, FAIL_CLOSED=0, cachedEdges=8:20/16:2/32:4/64:12, cacheCovered=38, coverageLimited=527, residents=38, pendingBuilds=0, pendingUploads=0 (0 bytes), capacityBlocked=0, capacityWaitSkips=0, retryBackoff=0, uploads=0 (0 bytes), proxies=16/16, maxSteps=96, dynamic=0/0/0 candidates/selected/dropped, held=false, dispatches=0, rays=0, ready=0, fallback=0, coverageMiss=0, transitions=0->0, failures=0, pages=0 bytes
[20:06:14] [Render thread/INFO] (metallum) METALLUM_L6_DYNAMIC candidates=0 selected=0 dropped=0 held=false dispatches=0 rays=0 ready=0 fallback=0 coverage_miss=0 static_to_dynamic=0 dynamic_to_static=0 failures=0 pages_bytes=0
[20:06:20] [Render thread/INFO] (metallum) L6 local shadows: active=true, descriptors=565/snapshot=565, READY=38, STALE=0, APPROXIMATE=527, BUILDING=0, FAIL_CLOSED=0, cachedEdges=8:20/16:2/32:4/64:12, cacheCovered=38, coverageLimited=527, residents=38, pendingBuilds=0, pendingUploads=0 (0 bytes), capacityBlocked=0, capacityWaitSkips=0, retryBackoff=0, uploads=0 (0 bytes), proxies=16/16, maxSteps=96, dynamic=0/0/0 candidates/selected/dropped, held=false, dispatches=0, rays=0, ready=0, fallback=0, coverageMiss=0, transitions=0->0, failures=0, pages=0 bytes
[20:06:20] [Render thread/INFO] (metallum) METALLUM_L6_DYNAMIC candidates=0 selected=0 dropped=0 held=false dispatches=0 rays=0 ready=0 fallback=0 coverage_miss=0 static_to_dynamic=0 dynamic_to_static=0 failures=0 pages_bytes=0
[20:06:27] [Render thread/INFO] (metallum) L6 local shadows: active=true, descriptors=565/snapshot=565, READY=38, STALE=0, APPROXIMATE=527, BUILDING=0, FAIL_CLOSED=0, cachedEdges=8:20/16:2/32:4/64:12, cacheCovered=38, coverageLimited=527, residents=38, pendingBuilds=0, pendingUploads=0 (0 bytes), capacityBlocked=0, capacityWaitSkips=0, retryBackoff=0, uploads=0 (0 bytes), proxies=16/16, maxSteps=96, dynamic=0/0/0 candidates/selected/dropped, held=false, dispatches=0, rays=0, ready=0, fallback=0, coverageMiss=0, transitions=0->0, failures=0, pages=0 bytes
[20:06:27] [Render thread/INFO] (metallum) METALLUM_L6_DYNAMIC candidates=0 selected=0 dropped=0 held=false dispatches=0 rays=0 ready=0 fallback=0 coverage_miss=0 static_to_dynamic=0 dynamic_to_static=0 failures=0 pages_bytes=0
[20:06:28] [Render thread/INFO] (metallum) METALLUM_BENCHMARK EVENT=MEASURE_END index=1 mode=OFF presented_frame=4800
[20:06:28] [Server thread/INFO] (metallum) METALLUM_BENCHMARK_DEBUG at=start level_exists=true player_exists=true server_dim=minecraft:overworld server_paused=false ticks=2429 stageFrames=509 server_frozen=true client_ready=true
[20:06:28] [Render thread/INFO] (metallum) METALLUM_BENCHMARK EVENT=ROUTE_CHECK event=MEASURE_END route=gi-g0-overworld-v1 status=ready
[20:06:28] [Render thread/INFO] (metallum) METALLUM_BENCHMARK EVENT=COMPLETE segments=1 measured_frames=3000 framebuffer=3024x1964
[20:06:28] [Server thread/INFO] (metallum) METALLUM_BENCHMARK EVENT=SURVIVAL_GUARD_RESTORED player=b07a402a-d8ea-354f-9398-aaf208a798b9 health=20.0
[20:06:28] [Render thread/INFO] (Minecraft) Stopping!
[20:06:28] [Server thread/INFO] (Minecraft) Stopping server
[20:06:28] [Server thread/INFO] (Minecraft) Saving players
[20:06:28] [Server thread/INFO] (Minecraft) MetallumBench lost connection: Disconnected
[20:06:28] [Server thread/INFO] (Minecraft) MetallumBench left the game
[20:06:28] [Server thread/INFO] (Minecraft) Stopping singleplayer server as player logged out
[20:06:28] [Server thread/INFO] (Minecraft) Saving worlds
[20:06:28] [Server thread/INFO] (Minecraft) Saving chunks for level 'ServerLevel[world]'/minecraft:overworld
[20:06:28] [Server thread/INFO] (Minecraft) Saving chunks for level 'ServerLevel[world]'/minecraft:the_end
[20:06:28] [Server thread/INFO] (Minecraft) Saving chunks for level 'ServerLevel[world]'/minecraft:the_nether
[20:06:28] [Server thread/INFO] (Minecraft) ThreadedAnvilChunkStorage (world): All chunks are saved
[20:06:28] [Server thread/INFO] (Minecraft) ThreadedAnvilChunkStorage (DIM1): All chunks are saved
[20:06:28] [Server thread/INFO] (Minecraft) ThreadedAnvilChunkStorage (DIM-1): All chunks are saved
[20:06:28] [Server thread/INFO] (Minecraft) ThreadedAnvilChunkStorage: All dimensions are saved
[20:06:28] [Render thread/INFO] (metallum) [GI_G2] accepted=738 stale=0 outside=0 capacityRejected=0 discarded=0 residentTags=738 activeCandidates=0 peakCandidates=64 peakCandidateBytes=1009152
[20:06:28] [Render thread/INFO] (ChunkBuilder) Stopping worker threads
