[17:43:31] [main/INFO] (FabricLoader/GameProvider) Loading Minecraft 26.2 with Fabric Loader 0.19.3
[17:43:31] [main/INFO] (FabricLoader/Mappings) Mappings not present!
[17:43:31] [main/INFO] (FabricLoader) Loading 15 mods:
	- fabricloader 0.19.3
	- java 25
	- metallum 0.0.21
	- minecraft 26.2
	- mixinextras 0.5.4
	- sodium 0.9.1+mc26.2
	   |-- fabric-api-base 2.0.4+ece063239c
	   |-- fabric-block-getter-api-v2 2.0.7+ec56b6019c
	   |-- fabric-lifecycle-events-v1 4.1.3+4575b05f9c
	   |-- fabric-renderer-api-v1 14.0.1+eec4cc519c
	   |-- fabric-rendering-fluids-v1 6.0.4+06488ac19c
	   |-- fabric-rendering-v1 25.1.6+46a6d00c9c
	   |-- fabric-resource-loader-v0 3.3.20+4fc5413f9c
	   |-- fabric-resource-loader-v1 2.0.13+9edec1269c
	   \-- fabric-transitive-access-wideners-v1 8.1.3+e098252d9c
[17:43:31] [main/INFO] (FabricLoader/Mixin) SpongePowered MIXIN Subsystem Version=0.8.7 Source=file:/Users/sergejgenerozov/.gradle/caches/modules-2/files-2.1/net.fabricmc/sponge-mixin/0.17.3+mixin.0.8.7/41c4a3984a80f4679e759fb9f495587acc5cdac7/sponge-mixin-0.17.3+mixin.0.8.7.jar Service=Knot/Fabric Env=CLIENT
[17:43:31] [main/INFO] (FabricLoader/Mixin) Compatibility level set to JAVA_25
[17:43:32] [main/INFO] (Sodium) Loaded configuration file for Sodium: 36 options available, 0 override(s) found
[17:43:32] [main/INFO] (metallum) [GI_G2] mixin gate requested=true exact_versions=true enabled=true
[17:43:32] [main/INFO] (Sodium-GraphicsAdapterProbe) Searching for graphics cards...
[17:43:32] [main/INFO] (FabricLoader/MixinExtras|Service) Initializing MixinExtras via com.llamalad7.mixinextras.service.MixinExtrasServiceImpl(version=0.5.4).
[17:43:33] [Datafixer Bootstrap #0/INFO] (Minecraft) 295 Datafixer optimizations took 232 milliseconds
[17:43:34] [main/WARN] (MacOperatingSystem) Unable to parse version 27.0 to a codename.
[17:43:37] [Render thread/INFO] (Minecraft) Environment: Environment[sessionHost=https://sessionserver.mojang.com, servicesHost=https://api.minecraftservices.com, profilesHost=https://api.mojang.com, name=PROD]
[17:43:37] [Render thread/INFO] (Minecraft) Setting user: MetallumBench
[17:43:38] [Render thread/INFO] (Minecraft) Backend library: LWJGL version 3.4.1-snapshot
[17:43:38] [Render thread/INFO] (metallum) Metal device: Apple M1 Pro
[17:43:39] [Download-2/ERROR] (Minecraft) Failed to fetch user properties
com.mojang.authlib.exceptions.InvalidCredentialsException: Status: 401
	at knot//com.mojang.authlib.exceptions.MinecraftClientHttpException.toAuthenticationException(MinecraftClientHttpException.java:70)
	at knot//com.mojang.authlib.yggdrasil.YggdrasilUserApiService.fetchProperties(YggdrasilUserApiService.java:173)
	at knot//net.minecraft.client.Minecraft.lambda$new$1(Minecraft.java:418)
	at java.base/java.util.concurrent.CompletableFuture$AsyncSupply.run(CompletableFuture.java:1789)
	at java.base/java.util.concurrent.ThreadPoolExecutor.runWorker(ThreadPoolExecutor.java:1090)
	at java.base/java.util.concurrent.ThreadPoolExecutor$Worker.run(ThreadPoolExecutor.java:614)
	at java.base/java.lang.Thread.run(Thread.java:1474)
Caused by: MinecraftClientHttpException[type=HTTP_ERROR, status=401, response=ErrorResponse[path=/player/attributes, error=null, errorMessage=null, details=null]]
	at knot//com.mojang.authlib.minecraft.client.MinecraftClient.buildHttpException(MinecraftClient.java:170)
	at knot//com.mojang.authlib.minecraft.client.MinecraftClient.readServiceResponse(MinecraftClient.java:147)
	at knot//com.mojang.authlib.minecraft.client.MinecraftClient.getWithEtag(MinecraftClient.java:81)
	at knot//com.mojang.authlib.minecraft.client.MinecraftClient.get(MinecraftClient.java:65)
	at knot//com.mojang.authlib.yggdrasil.YggdrasilUserApiService.fetchProperties(YggdrasilUserApiService.java:123)
	... 5 more
[17:43:39] [Render thread/INFO] (metallum) Semantic HDR shaders: enabled (configured mode SCENE, potential EDR headroom 16.0)
[17:43:39] [Render thread/INFO] (metallum) Configured HDR mode: SCENE, FP16 scene path: enabled
[17:43:39] [Render thread/INFO] (metallum) MetalFX spatial scaling support: available
[17:43:39] [Render thread/INFO] (metallum) MetalFX temporal scaling support: available
[17:43:39] [Render thread/INFO] (metallum) Temporal camera-motion diagnostics: disabled
[17:43:39] [Render thread/INFO] (metallum) Renderer generation request: contract=METALLUM, lighting=ADVANCED, preset=BALANCED, frameInterpolation=false (production executor Metal 3)
[17:43:39] [Render thread/INFO] (Minecraft) Using graphics backend Metal, using drivers: macOS 27.0
[17:43:39] [Render thread/INFO] (Minecraft) Using graphics device: Apple M1 Pro (Apple)
[17:43:39] [Render thread/INFO] (Minecraft) Using graphics device extensions: MTLDevice, CAMetalLayer
[17:43:39] [Render thread/INFO] (metallum) MainTarget scene contract: METALLUM_HDR_ACTUAL_RADIANCE, format: RGBA16_FLOAT
[17:43:40] [Render thread/INFO] (Minecraft) Reloading ResourceManager: vanilla, fabric-api-base, fabric-block-getter-api-v2, fabric-lifecycle-events-v1, fabric-renderer-api-v1, fabric-rendering-fluids-v1, fabric-rendering-v1, fabric-resource-loader-v0, fabric-resource-loader-v1, fabric-transitive-access-wideners-v1, fabricloader, metallum, sodium
[17:43:41] [Render thread/INFO] (metallum) Semantic HDR enhancement is active with current EDR headroom 1.2
[17:43:41] [Render thread/INFO] (metallum) Metal output: ENHANCED (current EDR headroom 1.2, potential 16.0)
[17:43:41] [Download-1/INFO] (Minecraft) Could not authorize you against Realms server: java.lang.RuntimeException: Failed to parse into SignedJWT: FabricMC
[17:43:41] [Render thread/WARN] (metallum) Renderer generation request resolved with fallback [MATERIAL_CONTRACT_UNAVAILABLE]: contract=LEGACY, lighting=VANILLA, output=HDR, upscale=NATIVE, interpolation=OFF
[17:43:41] [Render thread/INFO] (metallum) Seeded SDR GUI target is active (RGBA8_UNORM)
[17:43:41] [Download-1/ERROR] (Minecraft) Failed to fetch Realms feature flags
com.mojang.realmsclient.exception.RealmsServiceException: Realms authentication error with message 'java.lang.RuntimeException: Failed to parse into SignedJWT: FabricMC'
	at knot//com.mojang.realmsclient.client.RealmsClient.execute(RealmsClient.java:511)
	at knot//com.mojang.realmsclient.client.RealmsClient.fetchFeatureFlags(RealmsClient.java:161)
	at java.base/java.util.concurrent.CompletableFuture$AsyncSupply.run(CompletableFuture.java:1789)
	at java.base/java.util.concurrent.ThreadPoolExecutor.runWorker(ThreadPoolExecutor.java:1090)
	at java.base/java.util.concurrent.ThreadPoolExecutor$Worker.run(ThreadPoolExecutor.java:614)
	at java.base/java.lang.Thread.run(Thread.java:1474)
[17:43:41] [Worker-Main-5/INFO] (Minecraft) Found unifont_all_no_pua-17.0.01.hex, loading
[17:43:41] [Worker-Main-2/INFO] (Minecraft) Found unifont_pua-17.0.01.hex, loading
[17:43:42] [Worker-Main-8/INFO] (Minecraft) Found unifont_jp_patch-17.0.01.hex, loading
[17:43:51] [Render thread/INFO] (metallum) Linear scene shader preflight active: all required Minecraft 26.2 and Sodium scene shaders passed preflight
[17:43:51] [Render thread/INFO] (metallum) METALLUM material contract active: all Minecraft 26.2 and Sodium material roles passed source and PSO preflight
[17:43:51] [Render thread/INFO] (metallum) Advanced shader generation active: Minecraft 26.2 and Sodium 0.9.1 Advanced terrain/entity/end-portal sources passed preflight
[17:43:54] [Render thread/INFO] (Minecraft) OpenAL initialized on device Динамики MacBook Pro
[17:43:54] [Render thread/INFO] (Minecraft) Sound engine started
[17:43:54] [Render thread/INFO] (Minecraft) Created: 512x256x0 minecraft:textures/atlas/particles.png-atlas
[17:43:54] [Render thread/INFO] (Minecraft) Created: 128x128x0 minecraft:textures/atlas/decorated_pot.png-atlas
[17:43:54] [Render thread/INFO] (Minecraft) Created: 2048x1024x0 minecraft:textures/atlas/armor_trims.png-atlas
[17:43:54] [Render thread/INFO] (Minecraft) Created: 512x256x0 minecraft:textures/atlas/paintings.png-atlas
[17:43:54] [Render thread/INFO] (Minecraft) Created: 1024x512x0 minecraft:textures/atlas/shield_patterns.png-atlas
[17:43:54] [Render thread/INFO] (Minecraft) Created: 4096x2048x4 minecraft:textures/atlas/blocks.png-atlas
[17:43:55] [Render thread/INFO] (metallum) Loaded 1269 partial emissive terrain texture overlays
[17:43:55] [Render thread/INFO] (Minecraft) Created: 512x512x0 minecraft:textures/atlas/chest.png-atlas
[17:43:55] [Render thread/INFO] (Minecraft) Created: 256x128x0 minecraft:textures/atlas/celestials.png-atlas
[17:43:55] [Render thread/INFO] (Minecraft) Created: 1024x512x0 minecraft:textures/atlas/banner_patterns.png-atlas
[17:43:55] [Render thread/INFO] (Minecraft) Created: 1024x512x0 minecraft:textures/atlas/items.png-atlas
[17:43:55] [Render thread/INFO] (Minecraft) Created: 1024x1024x0 minecraft:textures/atlas/gui.png-atlas
[17:43:55] [Render thread/INFO] (Minecraft) Created: 128x64x0 minecraft:textures/atlas/map_decorations.png-atlas
[17:43:55] [Render thread/INFO] (Minecraft) Created: 512x512x0 minecraft:textures/atlas/shulker_boxes.png-atlas
[17:43:55] [Render thread/INFO] (metallum) Built face-aware water-reflection appearance for 30989 block states (0 fallbacks)
[17:43:55] [Render thread/INFO] (metallum) Renderer generation admitted: contract=METALLUM, lighting=ADVANCED, output=HDR, upscale=NATIVE, interpolation=OFF
[17:43:57] [Render thread/INFO] (Minecraft) Loaded 1585 recipes
[17:43:57] [Render thread/INFO] (Minecraft) Loaded 1688 advancements
[17:43:57] [Server thread/INFO] (Minecraft) Starting integrated minecraft server version 26.2
[17:43:57] [Server thread/INFO] (Minecraft) Generating keypair
[17:43:58] [Server thread/INFO] (Minecraft) Loading 0 persistent chunks...
[17:43:58] [Server thread/INFO] (Minecraft) Saving chunks for level 'ServerLevel[world]'/minecraft:overworld
[17:43:58] [Server thread/INFO] (Minecraft) Saving chunks for level 'ServerLevel[world]'/minecraft:the_end
[17:43:58] [Server thread/INFO] (Minecraft) Saving chunks for level 'ServerLevel[world]'/minecraft:the_nether
[17:43:58] [Server thread/INFO] (Minecraft) ThreadedAnvilChunkStorage (world): All chunks are saved
[17:43:58] [Server thread/INFO] (Minecraft) ThreadedAnvilChunkStorage (DIM1): All chunks are saved
[17:43:58] [Server thread/INFO] (Minecraft) ThreadedAnvilChunkStorage (DIM-1): All chunks are saved
[17:43:58] [Server thread/INFO] (Minecraft) ThreadedAnvilChunkStorage: All dimensions are saved
[17:43:59] [Server thread/INFO] (Minecraft) Loading 49 chunks for player spawn...
[17:43:59] [Server thread/INFO] (Minecraft) Preparing spawn area: 16%
[17:43:59] [Server thread/INFO] (Minecraft) Preparing spawn area: 16%
[17:43:59] [Server thread/INFO] (Minecraft) Preparing spawn area: 59%
[17:43:59] [Server thread/INFO] (Minecraft) Time elapsed: 1109 ms
[17:43:59] [Server thread/INFO] (Minecraft) MetallumBench[local:E:6e06ad4f] logged in with entity id 101 at (86.1241372798128, 74.0, -95.57730763953901)
[17:43:59] [Server thread/INFO] (Minecraft) MetallumBench joined the game
[17:43:59] [Server thread/INFO] (Minecraft) Changing view distance to 16, from 10
[17:43:59] [Server thread/INFO] (Minecraft) Changing simulation distance to 12, from 0
[17:43:59] [Render thread/INFO] (ChunkBuilder) Started 4 worker threads
[17:43:59] [Render thread/INFO] (metallum) [GI_G2] accepted-output semantic capture active for minecraft:overworld
[17:43:59] [Render thread/INFO] (metallum) METALLUM_BENCHMARK EVENT=ARMED scope=Built-in Retina Display target=3024x1964 warmup=1800 measure=3000 sequence=[OFF] route=hdrtest-torch-toggle-v1
[17:43:59] [Render thread/INFO] (Minecraft) Loaded 2 advancements
[17:43:59] [Render thread/INFO] (metallum) METALLUM_BENCHMARK EVENT=MONITOR handle=536415247104 name=Built-in Retina Display modes=[1920x1200@48, 1920x1200@50, 1920x1200@60, 1920x1200@120, 2048x1280@48, 2048x1280@50, 2048x1280@60, 2048x1280@120, 2048x1330@48, 2048x1330@50, 2048x1330@60, 2048x1330@120, 2294x1432@48, 2294x1432@50, 2294x1432@60, 2294x1432@120, 2294x1490@48, 2294x1490@50, 2294x1490@60, 2294x1490@120, 2560x1600@48, 2560x1600@50, 2560x1600@60, 2560x1600@120, 2704x1690@48, 2704x1690@50, 2704x1690@60, 2704x1690@120, 2704x1756@48, 2704x1756@50, 2704x1756@60, 2704x1756@120, 3024x1890@48, 3024x1890@50, 3024x1890@60, 3024x1890@120, 3024x1964@48, 3024x1964@50, 3024x1964@60, 3024x1964@120]
[17:43:59] [Render thread/INFO] (metallum) [GI_G2] accepted=0 stale=0 outside=0 capacityRejected=0 discarded=0 residentTags=0 activeCandidates=0 peakCandidates=0 peakCandidateBytes=0
[17:43:59] [Render thread/INFO] (ChunkBuilder) Stopping worker threads
[17:43:59] [Server thread/INFO] (metallum) METALLUM_BENCHMARK EVENT=SURVIVAL_GUARD_APPLIED player=b07a402a-d8ea-354f-9398-aaf208a798b9 original_health=20.0
[17:43:59] [Render thread/INFO] (ChunkBuilder) Started 4 worker threads
[17:43:59] [Render thread/INFO] (metallum) [GI_G2] accepted-output semantic capture active for minecraft:overworld
[17:44:00] [Render thread/INFO] (Minecraft) Resizing Dynamic Transforms UBO, capacity limit of 2 reached during a single frame. New capacity will be 4.
[17:44:00] [Render thread/INFO] (metallum) METALLUM_BENCHMARK EVENT=MOVE_WINDOW monitor=3024x1964@120 (24bit) workarea=0,33 1512x949
[17:44:00] [Render thread/INFO] (Minecraft) Resizing Dynamic Transforms UBO, capacity limit of 4 reached during a single frame. New capacity will be 8.
[17:44:00] [Render thread/INFO] (Minecraft) Resizing Dynamic Transforms UBO, capacity limit of 8 reached during a single frame. New capacity will be 16.
[17:44:00] [Chunk Render Task Executor #2/INFO] (metallum) Sodium semantic HDR emission tagging is active (strength 15, exact true)
[17:44:00] [Download-1/ERROR] (Minecraft) Failed to retrieve profile key pair
MinecraftClientHttpException[type=HTTP_ERROR, status=401, response=ErrorResponse[path=/player/certificates, error=null, errorMessage=null, details=null]]
	at knot//com.mojang.authlib.minecraft.client.MinecraftClient.buildHttpException(MinecraftClient.java:170)
	at knot//com.mojang.authlib.minecraft.client.MinecraftClient.readServiceResponse(MinecraftClient.java:147)
	at knot//com.mojang.authlib.minecraft.client.MinecraftClient.post(MinecraftClient.java:89)
	at knot//com.mojang.authlib.yggdrasil.YggdrasilUserApiService.getKeyPair(YggdrasilUserApiService.java:62)
	at knot//net.minecraft.client.multiplayer.AccountProfileKeyPairManager.fetchProfileKeyPair(AccountProfileKeyPairManager.java:144)
	at knot//net.minecraft.client.multiplayer.AccountProfileKeyPairManager.lambda$readOrFetchProfileKeyPair$0(AccountProfileKeyPairManager.java:75)
	at java.base/java.util.concurrent.CompletableFuture$AsyncSupply.run(CompletableFuture.java:1789)
	at java.base/java.util.concurrent.ThreadPoolExecutor.runWorker(ThreadPoolExecutor.java:1090)
	at java.base/java.util.concurrent.ThreadPoolExecutor$Worker.run(ThreadPoolExecutor.java:614)
	at java.base/java.lang.Thread.run(Thread.java:1474)
[17:44:01] [Render thread/INFO] (metallum) METALLUM_BENCHMARK EVENT=WINDOW_READY monitor=Built-in Retina Display video_mode=3024x1964@120 (24bit) framebuffer=3024x1964 window=3024x1964 screen=3024x1964
[17:44:01] [Server thread/INFO] (metallum) METALLUM_BENCHMARK_DEBUG at=start level_exists=true player_exists=true server_dim=minecraft:overworld server_paused=false ticks=36 stageFrames=1 server_frozen=true client_ready=true
[17:44:01] [Server thread/INFO] (metallum) METALLUM_BENCHMARK_DEBUG before_teleport player_dim=minecraft:overworld
[17:44:01] [Server thread/INFO] (metallum) METALLUM_BENCHMARK_DEBUG after_teleport player_dim=minecraft:overworld teleported=true
[17:44:02] [Render thread/INFO] (metallum) METALLUM_BENCHMARK EVENT=ROUTE_APPLY route=hdrtest-torch-toggle-v1 fixture=hdrtest-static-v1 player=MetallumBench/b07a402a-d8ea-354f-9398-aaf208a798b9 dimension=minecraft:overworld
[17:44:02] [Render thread/INFO] (metallum) METALLUM_BENCHMARK EVENT=SERVER_TICKS_FROZEN
[17:44:02] [Server thread/INFO] (metallum) METALLUM_BENCHMARK_DEBUG at=start level_exists=true player_exists=true server_dim=minecraft:overworld server_paused=false ticks=68 stageFrames=2 server_frozen=true client_ready=true
[17:44:03] [Render thread/INFO] (metallum) Native-resolution HDR fast path is active: fused HDR reconstruction and SDR UI seed, lightweight final composite
[17:44:04] [Server thread/INFO] (metallum) METALLUM_BENCHMARK_DEBUG at=start level_exists=true player_exists=true server_dim=minecraft:overworld server_paused=false ticks=95 stageFrames=33 server_frozen=true client_ready=true
[17:44:04] [Server thread/INFO] (metallum) METALLUM_BENCHMARK_DEBUG at=start level_exists=true player_exists=true server_dim=minecraft:overworld server_paused=false ticks=103 stageFrames=64 server_frozen=true client_ready=true
[17:44:05] [Server thread/INFO] (metallum) METALLUM_BENCHMARK_DEBUG at=start level_exists=true player_exists=true server_dim=minecraft:overworld server_paused=false ticks=114 stageFrames=95 server_frozen=true client_ready=true
[17:44:05] [Render thread/INFO] (metallum) METALLUM_BENCHMARK_DEBUG waiting_for_route mismatch client=null server=null stable_frames=37 target_stable_frames=120
[17:44:05] [Server thread/INFO] (metallum) METALLUM_BENCHMARK_DEBUG at=start level_exists=true player_exists=true server_dim=minecraft:overworld server_paused=false ticks=127 stageFrames=126 server_frozen=true client_ready=true
[17:44:05] [Render thread/INFO] (metallum) L6 local shadows: active=true, descriptors=33/snapshot=33, READY=24, STALE=0, APPROXIMATE=9, BUILDING=0, FAIL_CLOSED=0, cachedEdges=8:7/16:2/32:4/64:11, cacheCovered=33, coverageLimited=0, residents=24, pendingBuilds=6, pendingUploads=0 (847872 bytes), capacityBlocked=0, capacityWaitSkips=0, retryBackoff=0, uploads=0 (0 bytes), proxies=16/16, maxSteps=96, dynamic=0/0/0 candidates/selected/dropped, held=false, dispatches=0, rays=0, ready=0, fallback=0, coverageMiss=0, transitions=0->0, failures=0, pages=0 bytes
[17:44:05] [Render thread/INFO] (metallum) METALLUM_L6_DYNAMIC candidates=0 selected=0 dropped=0 held=false dispatches=0 rays=0 ready=0 fallback=0 coverage_miss=0 static_to_dynamic=0 dynamic_to_static=0 failures=0 pages_bytes=0
[17:44:06] [Server thread/INFO] (metallum) METALLUM_BENCHMARK_DEBUG at=start level_exists=true player_exists=true server_dim=minecraft:overworld server_paused=false ticks=142 stageFrames=157 server_frozen=true client_ready=true
[17:44:07] [Server thread/INFO] (metallum) METALLUM_BENCHMARK_DEBUG at=start level_exists=true player_exists=true server_dim=minecraft:overworld server_paused=false ticks=159 stageFrames=188 server_frozen=true client_ready=true
[17:44:07] [Render thread/INFO] (metallum) METALLUM_BENCHMARK_DEBUG waiting_for_route mismatch client=null server=null stable_frames=67 target_stable_frames=120
[17:44:08] [Server thread/INFO] (metallum) METALLUM_BENCHMARK_DEBUG at=start level_exists=true player_exists=true server_dim=minecraft:overworld server_paused=false ticks=174 stageFrames=219 server_frozen=true client_ready=true
[17:44:08] [Server thread/INFO] (metallum) METALLUM_BENCHMARK_DEBUG at=start level_exists=true player_exists=true server_dim=minecraft:overworld server_paused=false ticks=190 stageFrames=250 server_frozen=true client_ready=true
[17:44:09] [Render thread/INFO] (metallum) METALLUM_BENCHMARK EVENT=ADVANCED_ADMISSION expected=advanced schema=5 defaults_used=false requested=advanced resolved=advanced l3=true l5=true l6=true status=PASS generation=6 shader_epoch=5 reason=none
[17:44:09] [Render thread/INFO] (metallum) METALLUM_BENCHMARK EVENT=ROUTE_READY route=hdrtest-torch-toggle-v1 stable_frames=120 pose=[86.1241372798128,74.0,-95.57730763953901;155.397,13.2000065] max_fps=260 resolved_gui_scale=8 resource_packs=vanilla,fabric-api-base,fabric-block-getter-api-v2,fabric-lifecycle-events-v1,fabric-renderer-api-v1,fabric-rendering-fluids-v1,fabric-rendering-v1,fabric-resource-loader-v0,fabric-resource-loader-v1,fabric-transitive-access-wideners-v1,fabricloader,metallum,sodium
[17:44:09] [Render thread/INFO] (metallum) METALLUM_BENCHMARK EVENT=SEGMENT_START index=1 total=1 mode=OFF warmup=1800 measure=3000
[17:44:09] [Render thread/INFO] (metallum) METALLUM_BENCHMARK EVENT=GI_G6_ADMISSION requested=g6_live resolved=g6_live contract=6 state=READY device_generation=1 presented_frame=427 ready_mask=7 field_generation=249 source_tick=427 transport_dispatches=101 cascade_builds=18/45/38 invalidations=249 bindings=5411 zero_bindings=1990 field_bindings=3421 resident_bytes=3276800 staging_bytes=524896 java_packet_bytes=1573656 combined_accounted_bytes=24637728 cap_bytes=25165824 dynamic=true vertex_only=true fragment_texture3d=0 stale=0 rejected=0 status=PASS
[17:44:13] [Render thread/INFO] (metallum) L6 local shadows: active=true, descriptors=207/snapshot=207, READY=38, STALE=0, APPROXIMATE=169, BUILDING=0, FAIL_CLOSED=0, cachedEdges=8:20/16:2/32:4/64:12, cacheCovered=38, coverageLimited=169, residents=38, pendingBuilds=0, pendingUploads=0 (0 bytes), capacityBlocked=0, capacityWaitSkips=0, retryBackoff=0, uploads=0 (0 bytes), proxies=16/16, maxSteps=96, dynamic=0/0/0 candidates/selected/dropped, held=false, dispatches=0, rays=0, ready=0, fallback=0, coverageMiss=0, transitions=0->0, failures=0, pages=0 bytes
[17:44:13] [Render thread/INFO] (metallum) METALLUM_L6_DYNAMIC candidates=0 selected=0 dropped=0 held=false dispatches=0 rays=0 ready=0 fallback=0 coverage_miss=0 static_to_dynamic=0 dynamic_to_static=0 failures=0 pages_bytes=0
[17:44:21] [Render thread/INFO] (metallum) L6 local shadows: active=true, descriptors=565/snapshot=565, READY=38, STALE=0, APPROXIMATE=527, BUILDING=0, FAIL_CLOSED=0, cachedEdges=8:20/16:2/32:4/64:12, cacheCovered=38, coverageLimited=527, residents=38, pendingBuilds=0, pendingUploads=0 (0 bytes), capacityBlocked=0, capacityWaitSkips=0, retryBackoff=0, uploads=0 (0 bytes), proxies=16/16, maxSteps=96, dynamic=0/0/0 candidates/selected/dropped, held=false, dispatches=0, rays=0, ready=0, fallback=0, coverageMiss=0, transitions=0->0, failures=0, pages=0 bytes
[17:44:21] [Render thread/INFO] (metallum) METALLUM_L6_DYNAMIC candidates=0 selected=0 dropped=0 held=false dispatches=0 rays=0 ready=0 fallback=0 coverage_miss=0 static_to_dynamic=0 dynamic_to_static=0 failures=0 pages_bytes=0
[17:44:28] [Render thread/INFO] (metallum) L6 local shadows: active=true, descriptors=565/snapshot=565, READY=38, STALE=0, APPROXIMATE=527, BUILDING=0, FAIL_CLOSED=0, cachedEdges=8:20/16:2/32:4/64:12, cacheCovered=38, coverageLimited=527, residents=38, pendingBuilds=0, pendingUploads=0 (0 bytes), capacityBlocked=0, capacityWaitSkips=0, retryBackoff=0, uploads=0 (0 bytes), proxies=16/16, maxSteps=96, dynamic=0/0/0 candidates/selected/dropped, held=false, dispatches=0, rays=0, ready=0, fallback=0, coverageMiss=0, transitions=0->0, failures=0, pages=0 bytes
[17:44:28] [Render thread/INFO] (metallum) METALLUM_L6_DYNAMIC candidates=0 selected=0 dropped=0 held=false dispatches=0 rays=0 ready=0 fallback=0 coverage_miss=0 static_to_dynamic=0 dynamic_to_static=0 failures=0 pages_bytes=0
[17:44:36] [Render thread/INFO] (metallum) L6 local shadows: active=true, descriptors=565/snapshot=565, READY=38, STALE=0, APPROXIMATE=527, BUILDING=0, FAIL_CLOSED=0, cachedEdges=8:20/16:2/32:4/64:12, cacheCovered=38, coverageLimited=527, residents=38, pendingBuilds=0, pendingUploads=0 (0 bytes), capacityBlocked=0, capacityWaitSkips=0, retryBackoff=0, uploads=0 (0 bytes), proxies=16/16, maxSteps=96, dynamic=0/0/0 candidates/selected/dropped, held=false, dispatches=0, rays=0, ready=0, fallback=0, coverageMiss=0, transitions=0->0, failures=0, pages=0 bytes
[17:44:36] [Render thread/INFO] (metallum) METALLUM_L6_DYNAMIC candidates=0 selected=0 dropped=0 held=false dispatches=0 rays=0 ready=0 fallback=0 coverage_miss=0 static_to_dynamic=0 dynamic_to_static=0 failures=0 pages_bytes=0
[17:44:43] [Render thread/INFO] (metallum) L6 local shadows: active=true, descriptors=565/snapshot=565, READY=38, STALE=0, APPROXIMATE=527, BUILDING=0, FAIL_CLOSED=0, cachedEdges=8:20/16:2/32:4/64:12, cacheCovered=38, coverageLimited=527, residents=38, pendingBuilds=0, pendingUploads=0 (0 bytes), capacityBlocked=0, capacityWaitSkips=0, retryBackoff=0, uploads=0 (0 bytes), proxies=16/16, maxSteps=96, dynamic=0/0/0 candidates/selected/dropped, held=false, dispatches=0, rays=0, ready=0, fallback=0, coverageMiss=0, transitions=0->0, failures=0, pages=0 bytes
[17:44:43] [Render thread/INFO] (metallum) METALLUM_L6_DYNAMIC candidates=0 selected=0 dropped=0 held=false dispatches=0 rays=0 ready=0 fallback=0 coverage_miss=0 static_to_dynamic=0 dynamic_to_static=0 failures=0 pages_bytes=0
[17:44:51] [Render thread/INFO] (metallum) L6 local shadows: active=true, descriptors=565/snapshot=565, READY=38, STALE=0, APPROXIMATE=527, BUILDING=0, FAIL_CLOSED=0, cachedEdges=8:20/16:2/32:4/64:12, cacheCovered=38, coverageLimited=527, residents=38, pendingBuilds=0, pendingUploads=0 (0 bytes), capacityBlocked=0, capacityWaitSkips=0, retryBackoff=0, uploads=0 (0 bytes), proxies=16/16, maxSteps=96, dynamic=0/0/0 candidates/selected/dropped, held=false, dispatches=0, rays=0, ready=0, fallback=0, coverageMiss=0, transitions=0->0, failures=0, pages=0 bytes
[17:44:51] [Render thread/INFO] (metallum) METALLUM_L6_DYNAMIC candidates=0 selected=0 dropped=0 held=false dispatches=0 rays=0 ready=0 fallback=0 coverage_miss=0 static_to_dynamic=0 dynamic_to_static=0 failures=0 pages_bytes=0
[17:44:54] [Server thread/INFO] (metallum) METALLUM_BENCHMARK_DEBUG at=start level_exists=true player_exists=true server_dim=minecraft:overworld server_paused=false ticks=1100 stageFrames=252 server_frozen=true client_ready=true
[17:44:54] [Render thread/INFO] (metallum) METALLUM_BENCHMARK EVENT=ROUTE_CHECK event=MEASURE_START route=hdrtest-torch-toggle-v1 status=ready
[17:44:54] [Render thread/INFO] (metallum) METALLUM_BENCHMARK EVENT=VERTEX_REFLECTION_ADMISSION enabled=false state=OFF ready=false generation=3/0 origin=[0,0,0] sections=0/0/0 expected=0 invalidation=null quality_face_aware=true quality_first_surface=true quality_confidence=true
[17:44:54] [Render thread/INFO] (metallum) METALLUM_BENCHMARK EVENT=MEASURE_START index=1 mode=OFF presented_frame=1800
[17:44:59] [Render thread/INFO] (metallum) L6 local shadows: active=true, descriptors=565/snapshot=565, READY=38, STALE=0, APPROXIMATE=527, BUILDING=0, FAIL_CLOSED=0, cachedEdges=8:20/16:2/32:4/64:12, cacheCovered=38, coverageLimited=527, residents=38, pendingBuilds=0, pendingUploads=0 (0 bytes), capacityBlocked=0, capacityWaitSkips=0, retryBackoff=0, uploads=0 (0 bytes), proxies=16/16, maxSteps=96, dynamic=0/0/0 candidates/selected/dropped, held=false, dispatches=0, rays=0, ready=0, fallback=0, coverageMiss=0, transitions=0->0, failures=0, pages=0 bytes
[17:44:59] [Render thread/INFO] (metallum) METALLUM_L6_DYNAMIC candidates=0 selected=0 dropped=0 held=false dispatches=0 rays=0 ready=0 fallback=0 coverage_miss=0 static_to_dynamic=0 dynamic_to_static=0 failures=0 pages_bytes=0
[17:45:02] [Render thread/INFO] (metallum) METALLUM_BENCHMARK EVENT=TORCH_EPOCH_BEGIN route=hdrtest-torch-toggle-v1 position=80,75,-112 measured_frame=300 observation_frames=300
[17:45:02] [Render thread/INFO] (metallum) METALLUM_BENCHMARK EVENT=TORCH_EPOCH_APPLIED route=hdrtest-torch-toggle-v1 position=80,75,-112 measured_frame=301 requested_frame=300
[17:45:04] [Render thread/WARN] (metallum) F2 spatial composite was unavailable; using the seeded SDR GUI target
[17:45:04] [Render thread/INFO] (metallum) F2 screenshot source: full-resolution SDR GUI composite
[17:45:04] [Render thread/INFO] (metallum) METALLUM_BENCHMARK EVENT=SCREENSHOT_REQUESTED index=1 mode=OFF phase=TORCH_ON measured_frame=400
[17:45:05] [Render thread/INFO] (Minecraft) [System] [CHAT] Saved screenshot as 2026-08-31_17.45.04.png
[17:45:06] [Render thread/INFO] (metallum) METALLUM_BENCHMARK EVENT=TORCH_EPOCH_REMOVED route=hdrtest-torch-toggle-v1 position=80,75,-112 measured_frame=451 requested_frame=450
[17:45:06] [Render thread/INFO] (metallum) L6 local shadows: active=true, descriptors=565/snapshot=565, READY=38, STALE=0, APPROXIMATE=527, BUILDING=0, FAIL_CLOSED=0, cachedEdges=8:20/16:2/32:4/64:12, cacheCovered=38, coverageLimited=527, residents=38, pendingBuilds=0, pendingUploads=0 (0 bytes), capacityBlocked=0, capacityWaitSkips=0, retryBackoff=0, uploads=0 (0 bytes), proxies=16/16, maxSteps=96, dynamic=0/0/0 candidates/selected/dropped, held=false, dispatches=0, rays=0, ready=0, fallback=0, coverageMiss=0, transitions=0->0, failures=0, pages=0 bytes
[17:45:06] [Render thread/INFO] (metallum) METALLUM_L6_DYNAMIC candidates=0 selected=0 dropped=0 held=false dispatches=0 rays=0 ready=0 fallback=0 coverage_miss=0 static_to_dynamic=0 dynamic_to_static=0 failures=0 pages_bytes=0
[17:45:09] [Render thread/INFO] (metallum) METALLUM_BENCHMARK EVENT=TORCH_EPOCH_COUNTERS epoch=1 requests=34/8 light_requests=24 geometry_or_unknown_requests=10 unique_light_sections=8 unique_geometry_or_unknown_sections=4 light_only_sections=4 mixed_cause_sections=4 light_scope_mismatches=0 light_scope_failures=0 tasks=14/7 outputs=16/8 accepted_mesh_payload_bytes=1101760 queue=3/0 busy=4/0 pending_results=7/0 max_pending_age_ns=74405458 errors=0 overflow=0
[17:45:09] [Render thread/INFO] (metallum) METALLUM_BENCHMARK EVENT=TORCH_EPOCH_SIDECAR epoch=1 configured=false active=false accepted_geometry_payload_bytes=1101760 in_place_outputs=0 unique_in_place_sections=0 in_place_geometry_bytes=0 in_place_mesh_commands=0 full_upload_geometry_bytes=1101760 target_section_output=true target_section_in_place=false produced_bytes=0 uploaded_bytes=0 upload_commands=0 resize_copy_bytes=0 resize_copy_commands=0 telemetry_fallbacks=0 companions=0 live_geometry_bytes=0 live_sidecar_bytes=0 peak_sidecar_bytes=0 patched_pipelines=0 runtime_fallbacks=0
[17:45:09] [Render thread/INFO] (metallum) METALLUM_BENCHMARK EVENT=TORCH_EPOCH_LIGHT_PATCH epoch=1 configured=false active=false compact_outputs=0 unique_compact_sections=0 geometry_bytes_elided=0 geometry_mesh_commands_elided=0 submitted_geometry_bytes=1101760 native_dispatches=0 native_mesh_commands=0 local_fallbacks=0 runtime_fallbacks=0 target_section_compact=false shadow_capacity_bytes=33554432 shadow_live_bytes=0 shadow_peak_bytes=0 resident_shadows=0 shadow_evictions=0 shadow_rejected_captures=0
[17:45:09] [Render thread/INFO] (metallum) METALLUM_BENCHMARK EVENT=TORCH_EPOCH_RELIGHT_ORACLE epoch=1 configured=false active=false tasks=0 light_only_tasks=0 captured_plans=0 captured_quads=0 replay_attempts=0 replay_matches=0 mismatched_tasks=0 byte_mismatches=0 static_shadow_mismatches=0 static_shadow_rejections=0 rejected_tasks=0 scope_failures=0 stale_candidates=0 discarded_candidates=0 published_candidates=0 errors=0 skipped_full_remeshes=0 cache_capacity_bytes=33554432 cache_live_bytes=0 cache_peak_bytes=0 resident_plans=0 pinned_leases=0 cache_evictions=0 oversized_rejections=0 pinned_pressure_rejections=0
[17:45:09] [Render thread/INFO] (metallum) METALLUM_BENCHMARK EVENT=TORCH_EPOCH_RELIGHT_FAST epoch=1 configured=false active=false decisions=0 created_outputs=0 fallback_to_original=0 cancelled=0 original_calls=0 accepted_outputs=0 stale_or_disposed=0 compact_commits=0 full_upload_commits=0 forced_rebuilds=0 generation_mismatches=0 topology_fallbacks=0 replay_fallbacks=0 reconstruction_fallbacks=0 created_geometry_bytes=0 errors=0
[17:45:09] [Render thread/INFO] (metallum) METALLUM_BENCHMARK EVENT=TORCH_EPOCH_END route=hdrtest-torch-toggle-v1 position=80,75,-112 measured_frame=600 rebuild_requests=34 unique_requested_sections=8 meshing_tasks=14 unique_meshed_sections=7 mesh_outputs=16 unique_uploaded_sections=8 accepted_mesh_payload_bytes=1101760 in_place_outputs=0 unique_in_place_sections=0 in_place_geometry_bytes=0 full_upload_geometry_bytes=1101760 target_section_output=true target_section_in_place=false max_builder_queue_depth=3 final_builder_queue_depth=0 max_busy_workers=4 final_busy_workers=0 max_pending_results=7 final_pending_results=0 max_pending_age_ns=74405458 telemetry_errors=0 telemetry_overflow=0
[17:45:14] [Render thread/INFO] (metallum) L6 local shadows: active=true, descriptors=565/snapshot=565, READY=38, STALE=0, APPROXIMATE=527, BUILDING=0, FAIL_CLOSED=0, cachedEdges=8:20/16:2/32:4/64:12, cacheCovered=38, coverageLimited=527, residents=38, pendingBuilds=0, pendingUploads=0 (0 bytes), capacityBlocked=0, capacityWaitSkips=0, retryBackoff=0, uploads=0 (0 bytes), proxies=16/16, maxSteps=96, dynamic=0/0/0 candidates/selected/dropped, held=false, dispatches=0, rays=0, ready=0, fallback=0, coverageMiss=0, transitions=0->0, failures=0, pages=0 bytes
[17:45:14] [Render thread/INFO] (metallum) METALLUM_L6_DYNAMIC candidates=0 selected=0 dropped=0 held=false dispatches=0 rays=0 ready=0 fallback=0 coverage_miss=0 static_to_dynamic=0 dynamic_to_static=0 failures=0 pages_bytes=0
[17:45:21] [Render thread/INFO] (metallum) L6 local shadows: active=true, descriptors=565/snapshot=565, READY=38, STALE=0, APPROXIMATE=527, BUILDING=0, FAIL_CLOSED=0, cachedEdges=8:20/16:2/32:4/64:12, cacheCovered=38, coverageLimited=527, residents=38, pendingBuilds=0, pendingUploads=0 (0 bytes), capacityBlocked=0, capacityWaitSkips=0, retryBackoff=0, uploads=0 (0 bytes), proxies=16/16, maxSteps=96, dynamic=0/0/0 candidates/selected/dropped, held=false, dispatches=0, rays=0, ready=0, fallback=0, coverageMiss=0, transitions=0->0, failures=0, pages=0 bytes
[17:45:21] [Render thread/INFO] (metallum) METALLUM_L6_DYNAMIC candidates=0 selected=0 dropped=0 held=false dispatches=0 rays=0 ready=0 fallback=0 coverage_miss=0 static_to_dynamic=0 dynamic_to_static=0 failures=0 pages_bytes=0
[17:45:29] [Render thread/INFO] (metallum) L6 local shadows: active=true, descriptors=565/snapshot=565, READY=38, STALE=0, APPROXIMATE=527, BUILDING=0, FAIL_CLOSED=0, cachedEdges=8:20/16:2/32:4/64:12, cacheCovered=38, coverageLimited=527, residents=38, pendingBuilds=0, pendingUploads=0 (0 bytes), capacityBlocked=0, capacityWaitSkips=0, retryBackoff=0, uploads=0 (0 bytes), proxies=16/16, maxSteps=96, dynamic=0/0/0 candidates/selected/dropped, held=false, dispatches=0, rays=0, ready=0, fallback=0, coverageMiss=0, transitions=0->0, failures=0, pages=0 bytes
[17:45:29] [Render thread/INFO] (metallum) METALLUM_L6_DYNAMIC candidates=0 selected=0 dropped=0 held=false dispatches=0 rays=0 ready=0 fallback=0 coverage_miss=0 static_to_dynamic=0 dynamic_to_static=0 failures=0 pages_bytes=0
[17:45:36] [Render thread/INFO] (metallum) L6 local shadows: active=true, descriptors=565/snapshot=565, READY=38, STALE=0, APPROXIMATE=527, BUILDING=0, FAIL_CLOSED=0, cachedEdges=8:20/16:2/32:4/64:12, cacheCovered=38, coverageLimited=527, residents=38, pendingBuilds=0, pendingUploads=0 (0 bytes), capacityBlocked=0, capacityWaitSkips=0, retryBackoff=0, uploads=0 (0 bytes), proxies=16/16, maxSteps=96, dynamic=0/0/0 candidates/selected/dropped, held=false, dispatches=0, rays=0, ready=0, fallback=0, coverageMiss=0, transitions=0->0, failures=0, pages=0 bytes
[17:45:36] [Render thread/INFO] (metallum) METALLUM_L6_DYNAMIC candidates=0 selected=0 dropped=0 held=false dispatches=0 rays=0 ready=0 fallback=0 coverage_miss=0 static_to_dynamic=0 dynamic_to_static=0 failures=0 pages_bytes=0
[17:45:43] [Render thread/INFO] (metallum) L6 local shadows: active=true, descriptors=565/snapshot=565, READY=38, STALE=0, APPROXIMATE=527, BUILDING=0, FAIL_CLOSED=0, cachedEdges=8:20/16:2/32:4/64:12, cacheCovered=38, coverageLimited=527, residents=38, pendingBuilds=0, pendingUploads=0 (0 bytes), capacityBlocked=0, capacityWaitSkips=0, retryBackoff=0, uploads=0 (0 bytes), proxies=16/16, maxSteps=96, dynamic=0/0/0 candidates/selected/dropped, held=false, dispatches=0, rays=0, ready=0, fallback=0, coverageMiss=0, transitions=0->0, failures=0, pages=0 bytes
[17:45:43] [Render thread/INFO] (metallum) METALLUM_L6_DYNAMIC candidates=0 selected=0 dropped=0 held=false dispatches=0 rays=0 ready=0 fallback=0 coverage_miss=0 static_to_dynamic=0 dynamic_to_static=0 failures=0 pages_bytes=0
[17:45:51] [Render thread/INFO] (metallum) L6 local shadows: active=true, descriptors=565/snapshot=565, READY=38, STALE=0, APPROXIMATE=527, BUILDING=0, FAIL_CLOSED=0, cachedEdges=8:20/16:2/32:4/64:12, cacheCovered=38, coverageLimited=527, residents=38, pendingBuilds=0, pendingUploads=0 (0 bytes), capacityBlocked=0, capacityWaitSkips=0, retryBackoff=0, uploads=0 (0 bytes), proxies=16/16, maxSteps=96, dynamic=0/0/0 candidates/selected/dropped, held=false, dispatches=0, rays=0, ready=0, fallback=0, coverageMiss=0, transitions=0->0, failures=0, pages=0 bytes
[17:45:51] [Render thread/INFO] (metallum) METALLUM_L6_DYNAMIC candidates=0 selected=0 dropped=0 held=false dispatches=0 rays=0 ready=0 fallback=0 coverage_miss=0 static_to_dynamic=0 dynamic_to_static=0 failures=0 pages_bytes=0
[17:45:58] [Render thread/INFO] (metallum) L6 local shadows: active=true, descriptors=565/snapshot=565, READY=38, STALE=0, APPROXIMATE=527, BUILDING=0, FAIL_CLOSED=0, cachedEdges=8:20/16:2/32:4/64:12, cacheCovered=38, coverageLimited=527, residents=38, pendingBuilds=0, pendingUploads=0 (0 bytes), capacityBlocked=0, capacityWaitSkips=0, retryBackoff=0, uploads=0 (0 bytes), proxies=16/16, maxSteps=96, dynamic=0/0/0 candidates/selected/dropped, held=false, dispatches=0, rays=0, ready=0, fallback=0, coverageMiss=0, transitions=0->0, failures=0, pages=0 bytes
[17:45:58] [Render thread/INFO] (metallum) METALLUM_L6_DYNAMIC candidates=0 selected=0 dropped=0 held=false dispatches=0 rays=0 ready=0 fallback=0 coverage_miss=0 static_to_dynamic=0 dynamic_to_static=0 failures=0 pages_bytes=0
[17:46:06] [Render thread/INFO] (metallum) L6 local shadows: active=true, descriptors=565/snapshot=565, READY=38, STALE=0, APPROXIMATE=527, BUILDING=0, FAIL_CLOSED=0, cachedEdges=8:20/16:2/32:4/64:12, cacheCovered=38, coverageLimited=527, residents=38, pendingBuilds=0, pendingUploads=0 (0 bytes), capacityBlocked=0, capacityWaitSkips=0, retryBackoff=0, uploads=0 (0 bytes), proxies=16/16, maxSteps=96, dynamic=0/0/0 candidates/selected/dropped, held=false, dispatches=0, rays=0, ready=0, fallback=0, coverageMiss=0, transitions=0->0, failures=0, pages=0 bytes
[17:46:06] [Render thread/INFO] (metallum) METALLUM_L6_DYNAMIC candidates=0 selected=0 dropped=0 held=false dispatches=0 rays=0 ready=0 fallback=0 coverage_miss=0 static_to_dynamic=0 dynamic_to_static=0 failures=0 pages_bytes=0
[17:46:09] [Render thread/INFO] (metallum) METALLUM_BENCHMARK EVENT=MEASURE_END index=1 mode=OFF presented_frame=4800
[17:46:09] [Server thread/INFO] (metallum) METALLUM_BENCHMARK_DEBUG at=start level_exists=true player_exists=true server_dim=minecraft:overworld server_paused=false ticks=2596 stageFrames=252 server_frozen=true client_ready=true
[17:46:09] [Render thread/INFO] (metallum) METALLUM_BENCHMARK EVENT=ROUTE_CHECK event=MEASURE_END route=hdrtest-torch-toggle-v1 status=ready
[17:46:09] [Render thread/INFO] (metallum) METALLUM_BENCHMARK EVENT=GI_G6_FINAL state=READY device_generation=1 admission_emitted=true admission_device_generation=1 ready_mask=7 build_in_flight=false field_generation=763 source_tick=2676 stale=0 rejected=0 latest_terrain_device_generation=1 latest_terrain_submit=5222 latest_bind_status=1 latest_carrier_safe=true latest_frame_compatible=true latest_ready_mask=7 latest_exact_mask_nonzero=true latest_field_generation=763 latest_source_tick=2676 combined_accounted_bytes=24637728 cap_bytes=25165824 block_samples=83 block_p95_submits=1 block_p99_submits=1 block_sla=true static_samples=260 static_p95_submits=1 static_p99_submits=2 static_sla=true scroll_samples=0 scroll_p95_submits=-1 scroll_p99_submits=-1 scroll_sla=false reset_samples=2 reset_p95_submits=17 reset_p99_submits=17 reset_sla=true queue_queued=5682 queue_completed=1879 queue_discarded=3803 queue_pending=0 queue_in_flight=0 queue_algebra=true measurement_start_bytes=24637728 accounted_delta=0 readback_bytes=0 status=PASS contract=6
[17:46:09] [Render thread/INFO] (metallum) METALLUM_BENCHMARK EVENT=COMPLETE segments=1 measured_frames=3000 framebuffer=3024x1964
[17:46:09] [Server thread/INFO] (metallum) METALLUM_BENCHMARK EVENT=SURVIVAL_GUARD_RESTORED player=b07a402a-d8ea-354f-9398-aaf208a798b9 health=20.0
[17:46:09] [Render thread/INFO] (Minecraft) Stopping!
[17:46:09] [Server thread/INFO] (Minecraft) Stopping server
[17:46:09] [Server thread/INFO] (Minecraft) Saving players
[17:46:09] [Server thread/INFO] (Minecraft) MetallumBench lost connection: Disconnected
[17:46:09] [Server thread/INFO] (Minecraft) MetallumBench left the game
[17:46:09] [Server thread/INFO] (Minecraft) Stopping singleplayer server as player logged out
[17:46:09] [Server thread/INFO] (Minecraft) Saving worlds
[17:46:09] [Server thread/INFO] (Minecraft) Saving chunks for level 'ServerLevel[world]'/minecraft:overworld
[17:46:09] [Server thread/INFO] (Minecraft) Saving chunks for level 'ServerLevel[world]'/minecraft:the_end
[17:46:09] [Server thread/INFO] (Minecraft) Saving chunks for level 'ServerLevel[world]'/minecraft:the_nether
[17:46:09] [Server thread/INFO] (Minecraft) ThreadedAnvilChunkStorage (world): All chunks are saved
[17:46:09] [Server thread/INFO] (Minecraft) ThreadedAnvilChunkStorage (DIM1): All chunks are saved
[17:46:09] [Server thread/INFO] (Minecraft) ThreadedAnvilChunkStorage (DIM-1): All chunks are saved
[17:46:09] [Server thread/INFO] (Minecraft) ThreadedAnvilChunkStorage: All dimensions are saved
[17:46:09] [Render thread/INFO] (metallum) [GI_G2] accepted=795 stale=0 outside=0 capacityRejected=0 discarded=0 residentTags=780 activeCandidates=0 peakCandidates=20 peakCandidateBytes=315360
[17:46:09] [Render thread/INFO] (ChunkBuilder) Stopping worker threads
