[17:36:13] [main/INFO] (FabricLoader/GameProvider) Loading Minecraft 26.2 with Fabric Loader 0.19.3
[17:36:13] [main/INFO] (FabricLoader/Mappings) Mappings not present!
[17:36:13] [main/INFO] (FabricLoader) Loading 15 mods:
	- fabricloader 0.19.3
	- java 25
	- metallum 0.0.21
	- minecraft 26.2
	- mixinextras 0.5.4
	- sodium 0.9.1+mc26.2
	   |-- fabric-api-base 2.0.4+ece063239c
	   |-- fabric-block-getter-api-v2 2.0.7+ec56b6019c
	   |-- fabric-lifecycle-events-v1 4.1.3+4575b05f9c
	   |-- fabric-renderer-api-v1 14.0.1+eec4cc519c
	   |-- fabric-rendering-fluids-v1 6.0.4+06488ac19c
	   |-- fabric-rendering-v1 25.1.6+46a6d00c9c
	   |-- fabric-resource-loader-v0 3.3.20+4fc5413f9c
	   |-- fabric-resource-loader-v1 2.0.13+9edec1269c
	   \-- fabric-transitive-access-wideners-v1 8.1.3+e098252d9c
[17:36:13] [main/INFO] (FabricLoader/Mixin) SpongePowered MIXIN Subsystem Version=0.8.7 Source=file:/Users/sergejgenerozov/.gradle/caches/modules-2/files-2.1/net.fabricmc/sponge-mixin/0.17.3+mixin.0.8.7/41c4a3984a80f4679e759fb9f495587acc5cdac7/sponge-mixin-0.17.3+mixin.0.8.7.jar Service=Knot/Fabric Env=CLIENT
[17:36:13] [main/INFO] (FabricLoader/Mixin) Compatibility level set to JAVA_25
[17:36:14] [main/INFO] (Sodium) Loaded configuration file for Sodium: 36 options available, 0 override(s) found
[17:36:14] [main/INFO] (metallum) [GI_G2] mixin gate requested=true exact_versions=true enabled=true
[17:36:14] [main/INFO] (Sodium-GraphicsAdapterProbe) Searching for graphics cards...
[17:36:14] [main/INFO] (FabricLoader/MixinExtras|Service) Initializing MixinExtras via com.llamalad7.mixinextras.service.MixinExtrasServiceImpl(version=0.5.4).
[17:36:15] [Datafixer Bootstrap #0/INFO] (Minecraft) 295 Datafixer optimizations took 288 milliseconds
[17:36:17] [main/WARN] (MacOperatingSystem) Unable to parse version 27.0 to a codename.
[17:36:20] [Render thread/INFO] (Minecraft) Environment: Environment[sessionHost=https://sessionserver.mojang.com, servicesHost=https://api.minecraftservices.com, profilesHost=https://api.mojang.com, name=PROD]
[17:36:20] [Render thread/INFO] (Minecraft) Setting user: MetallumBench
[17:36:20] [Render thread/INFO] (Minecraft) Backend library: LWJGL version 3.4.1-snapshot
[17:36:21] [Render thread/INFO] (metallum) Metal device: Apple M1 Pro
[17:36:21] [Render thread/INFO] (metallum) Semantic HDR shaders: enabled (configured mode SCENE, potential EDR headroom 16.0)
[17:36:21] [Render thread/INFO] (metallum) Configured HDR mode: SCENE, FP16 scene path: enabled
[17:36:21] [Render thread/INFO] (metallum) MetalFX spatial scaling support: available
[17:36:21] [Render thread/INFO] (metallum) MetalFX temporal scaling support: available
[17:36:21] [Render thread/INFO] (metallum) Temporal camera-motion diagnostics: disabled
[17:36:21] [Render thread/INFO] (metallum) Renderer generation request: contract=METALLUM, lighting=ADVANCED, preset=BALANCED, frameInterpolation=false (production executor Metal 3)
[17:36:21] [Render thread/INFO] (Minecraft) Using graphics backend Metal, using drivers: macOS 27.0
[17:36:21] [Render thread/INFO] (Minecraft) Using graphics device: Apple M1 Pro (Apple)
[17:36:21] [Render thread/INFO] (Minecraft) Using graphics device extensions: CAMetalLayer, MTLDevice
[17:36:21] [Download-2/ERROR] (Minecraft) Failed to fetch user properties
com.mojang.authlib.exceptions.AuthenticationUnavailableException
	at knot//com.mojang.authlib.exceptions.MinecraftClientException.toAuthenticationException(MinecraftClientException.java:29)
	at knot//com.mojang.authlib.yggdrasil.YggdrasilUserApiService.fetchProperties(YggdrasilUserApiService.java:177)
	at knot//net.minecraft.client.Minecraft.lambda$new$1(Minecraft.java:418)
	at java.base/java.util.concurrent.CompletableFuture$AsyncSupply.run(CompletableFuture.java:1789)
	at java.base/java.util.concurrent.ThreadPoolExecutor.runWorker(ThreadPoolExecutor.java:1090)
	at java.base/java.util.concurrent.ThreadPoolExecutor$Worker.run(ThreadPoolExecutor.java:614)
	at java.base/java.lang.Thread.run(Thread.java:1474)
[17:36:22] [Render thread/INFO] (metallum) MainTarget scene contract: METALLUM_HDR_ACTUAL_RADIANCE, format: RGBA16_FLOAT
[17:36:23] [Render thread/INFO] (Minecraft) Reloading ResourceManager: vanilla, fabric-api-base, fabric-block-getter-api-v2, fabric-lifecycle-events-v1, fabric-renderer-api-v1, fabric-rendering-fluids-v1, fabric-rendering-v1, fabric-resource-loader-v0, fabric-resource-loader-v1, fabric-transitive-access-wideners-v1, fabricloader, metallum, sodium
[17:36:23] [Download-2/INFO] (Minecraft) Could not authorize you against Realms server: java.lang.RuntimeException: Failed to parse into SignedJWT: FabricMC
[17:36:23] [Download-2/ERROR] (Minecraft) Failed to fetch Realms feature flags
com.mojang.realmsclient.exception.RealmsServiceException: Realms authentication error with message 'java.lang.RuntimeException: Failed to parse into SignedJWT: FabricMC'
	at knot//com.mojang.realmsclient.client.RealmsClient.execute(RealmsClient.java:511)
	at knot//com.mojang.realmsclient.client.RealmsClient.fetchFeatureFlags(RealmsClient.java:161)
	at java.base/java.util.concurrent.CompletableFuture$AsyncSupply.run(CompletableFuture.java:1789)
	at java.base/java.util.concurrent.ThreadPoolExecutor.runWorker(ThreadPoolExecutor.java:1090)
	at java.base/java.util.concurrent.ThreadPoolExecutor$Worker.run(ThreadPoolExecutor.java:614)
	at java.base/java.lang.Thread.run(Thread.java:1474)
[17:36:24] [Render thread/INFO] (metallum) Semantic HDR enhancement is active with current EDR headroom 1.2000002
[17:36:24] [Render thread/INFO] (metallum) Metal output: ENHANCED (current EDR headroom 1.2000002, potential 16.0)
[17:36:24] [Render thread/WARN] (metallum) Renderer generation request resolved with fallback [MATERIAL_CONTRACT_UNAVAILABLE]: contract=LEGACY, lighting=VANILLA, output=HDR, upscale=NATIVE, interpolation=OFF
[17:36:24] [Render thread/INFO] (metallum) Seeded SDR GUI target is active (RGBA8_UNORM)
[17:36:24] [Worker-Main-2/INFO] (Minecraft) Found unifont_pua-17.0.01.hex, loading
[17:36:24] [Worker-Main-6/INFO] (Minecraft) Found unifont_all_no_pua-17.0.01.hex, loading
[17:36:25] [Worker-Main-6/INFO] (Minecraft) Found unifont_jp_patch-17.0.01.hex, loading
[17:36:34] [Render thread/INFO] (metallum) Linear scene shader preflight active: all required Minecraft 26.2 and Sodium scene shaders passed preflight
[17:36:34] [Render thread/INFO] (metallum) METALLUM material contract active: all Minecraft 26.2 and Sodium material roles passed source and PSO preflight
[17:36:34] [Render thread/INFO] (metallum) Advanced shader generation active: Minecraft 26.2 and Sodium 0.9.1 Advanced terrain/entity/end-portal sources passed preflight
[17:36:37] [Render thread/INFO] (Minecraft) OpenAL initialized on device Динамики MacBook Pro
[17:36:37] [Render thread/INFO] (Minecraft) Sound engine started
[17:36:37] [Render thread/INFO] (Minecraft) Created: 512x256x0 minecraft:textures/atlas/particles.png-atlas
[17:36:37] [Render thread/INFO] (Minecraft) Created: 128x128x0 minecraft:textures/atlas/decorated_pot.png-atlas
[17:36:37] [Render thread/INFO] (Minecraft) Created: 2048x1024x0 minecraft:textures/atlas/armor_trims.png-atlas
[17:36:37] [Render thread/INFO] (Minecraft) Created: 512x256x0 minecraft:textures/atlas/paintings.png-atlas
[17:36:37] [Render thread/INFO] (Minecraft) Created: 1024x512x0 minecraft:textures/atlas/shield_patterns.png-atlas
[17:36:37] [Render thread/INFO] (Minecraft) Created: 4096x2048x4 minecraft:textures/atlas/blocks.png-atlas
[17:36:37] [Render thread/INFO] (metallum) Loaded 1269 partial emissive terrain texture overlays
[17:36:37] [Render thread/INFO] (Minecraft) Created: 512x512x0 minecraft:textures/atlas/chest.png-atlas
[17:36:37] [Render thread/INFO] (Minecraft) Created: 256x128x0 minecraft:textures/atlas/celestials.png-atlas
[17:36:37] [Render thread/INFO] (Minecraft) Created: 1024x512x0 minecraft:textures/atlas/banner_patterns.png-atlas
[17:36:37] [Render thread/INFO] (Minecraft) Created: 1024x512x0 minecraft:textures/atlas/items.png-atlas
[17:36:37] [Render thread/INFO] (Minecraft) Created: 1024x1024x0 minecraft:textures/atlas/gui.png-atlas
[17:36:37] [Render thread/INFO] (Minecraft) Created: 128x64x0 minecraft:textures/atlas/map_decorations.png-atlas
[17:36:37] [Render thread/INFO] (Minecraft) Created: 512x512x0 minecraft:textures/atlas/shulker_boxes.png-atlas
[17:36:38] [Render thread/INFO] (metallum) Built face-aware water-reflection appearance for 30989 block states (0 fallbacks)
[17:36:38] [Render thread/INFO] (metallum) Renderer generation admitted: contract=METALLUM, lighting=ADVANCED, output=HDR, upscale=NATIVE, interpolation=OFF
[17:36:39] [Render thread/INFO] (Minecraft) Loaded 1585 recipes
[17:36:39] [Render thread/INFO] (Minecraft) Loaded 1688 advancements
[17:36:39] [Server thread/INFO] (Minecraft) Starting integrated minecraft server version 26.2
[17:36:39] [Server thread/INFO] (Minecraft) Generating keypair
[17:36:40] [Server thread/INFO] (Minecraft) Loading 0 persistent chunks...
[17:36:40] [Server thread/INFO] (Minecraft) Preparing spawn area: 16%
[17:36:40] [Server thread/INFO] (Minecraft) Saving chunks for level 'ServerLevel[world]'/minecraft:overworld
[17:36:40] [Server thread/INFO] (Minecraft) Saving chunks for level 'ServerLevel[world]'/minecraft:the_end
[17:36:40] [Server thread/INFO] (Minecraft) Saving chunks for level 'ServerLevel[world]'/minecraft:the_nether
[17:36:40] [Server thread/INFO] (Minecraft) ThreadedAnvilChunkStorage (world): All chunks are saved
[17:36:40] [Server thread/INFO] (Minecraft) ThreadedAnvilChunkStorage (DIM1): All chunks are saved
[17:36:40] [Server thread/INFO] (Minecraft) ThreadedAnvilChunkStorage (DIM-1): All chunks are saved
[17:36:40] [Server thread/INFO] (Minecraft) ThreadedAnvilChunkStorage: All dimensions are saved
[17:36:41] [Server thread/INFO] (Minecraft) Loading 49 chunks for player spawn...
[17:36:41] [Server thread/INFO] (Minecraft) Preparing spawn area: 16%
[17:36:41] [Server thread/INFO] (Minecraft) Preparing spawn area: 16%
[17:36:41] [Server thread/INFO] (Minecraft) Time elapsed: 1446 ms
[17:36:41] [Server thread/INFO] (Minecraft) MetallumBench[local:E:b3828ce6] logged in with entity id 101 at (86.1241372798128, 74.0, -95.57730763953901)
[17:36:41] [Server thread/INFO] (Minecraft) MetallumBench joined the game
[17:36:41] [Server thread/INFO] (Minecraft) Changing view distance to 16, from 10
[17:36:41] [Server thread/INFO] (Minecraft) Changing simulation distance to 12, from 0
[17:36:42] [Render thread/INFO] (ChunkBuilder) Started 4 worker threads
[17:36:42] [Render thread/INFO] (metallum) [GI_G2] accepted-output semantic capture active for minecraft:overworld
[17:36:42] [Render thread/INFO] (metallum) METALLUM_BENCHMARK EVENT=ARMED scope=Built-in Retina Display target=3024x1964 warmup=1800 measure=3600 sequence=[OFF] route=hdrtest-gi-g6-matrix-v1
[17:36:42] [Render thread/INFO] (Minecraft) Loaded 2 advancements
[17:36:42] [Render thread/INFO] (metallum) METALLUM_BENCHMARK EVENT=MONITOR handle=524330474624 name=Built-in Retina Display modes=[1920x1200@48, 1920x1200@50, 1920x1200@60, 1920x1200@120, 2048x1280@48, 2048x1280@50, 2048x1280@60, 2048x1280@120, 2048x1330@48, 2048x1330@50, 2048x1330@60, 2048x1330@120, 2294x1432@48, 2294x1432@50, 2294x1432@60, 2294x1432@120, 2294x1490@48, 2294x1490@50, 2294x1490@60, 2294x1490@120, 2560x1600@48, 2560x1600@50, 2560x1600@60, 2560x1600@120, 2704x1690@48, 2704x1690@50, 2704x1690@60, 2704x1690@120, 2704x1756@48, 2704x1756@50, 2704x1756@60, 2704x1756@120, 3024x1890@48, 3024x1890@50, 3024x1890@60, 3024x1890@120, 3024x1964@48, 3024x1964@50, 3024x1964@60, 3024x1964@120]
[17:36:42] [Server thread/INFO] (metallum) METALLUM_BENCHMARK EVENT=SURVIVAL_GUARD_APPLIED player=b07a402a-d8ea-354f-9398-aaf208a798b9 original_health=20.0
[17:36:42] [Render thread/INFO] (metallum) [GI_G2] accepted=0 stale=0 outside=0 capacityRejected=0 discarded=0 residentTags=0 activeCandidates=0 peakCandidates=0 peakCandidateBytes=0
[17:36:42] [Render thread/INFO] (ChunkBuilder) Stopping worker threads
[17:36:42] [Render thread/INFO] (ChunkBuilder) Started 4 worker threads
[17:36:42] [Render thread/INFO] (metallum) [GI_G2] accepted-output semantic capture active for minecraft:overworld
[17:36:42] [Render thread/INFO] (Minecraft) Resizing Dynamic Transforms UBO, capacity limit of 2 reached during a single frame. New capacity will be 4.
[17:36:42] [Render thread/INFO] (metallum) METALLUM_BENCHMARK EVENT=MOVE_WINDOW monitor=3024x1964@120 (24bit) workarea=0,33 1512x949
[17:36:42] [Render thread/INFO] (Minecraft) Resizing Dynamic Transforms UBO, capacity limit of 4 reached during a single frame. New capacity will be 8.
[17:36:42] [Render thread/INFO] (Minecraft) Resizing Dynamic Transforms UBO, capacity limit of 8 reached during a single frame. New capacity will be 16.
[17:36:42] [Chunk Render Task Executor #2/INFO] (metallum) Sodium semantic HDR emission tagging is active (strength 15, exact true)
[17:36:43] [Download-2/ERROR] (Minecraft) Failed to retrieve profile key pair
MinecraftClientHttpException[type=HTTP_ERROR, status=401, response=ErrorResponse[path=/player/certificates, error=null, errorMessage=null, details=null]]
	at knot//com.mojang.authlib.minecraft.client.MinecraftClient.buildHttpException(MinecraftClient.java:170)
	at knot//com.mojang.authlib.minecraft.client.MinecraftClient.readServiceResponse(MinecraftClient.java:147)
	at knot//com.mojang.authlib.minecraft.client.MinecraftClient.post(MinecraftClient.java:89)
	at knot//com.mojang.authlib.yggdrasil.YggdrasilUserApiService.getKeyPair(YggdrasilUserApiService.java:62)
	at knot//net.minecraft.client.multiplayer.AccountProfileKeyPairManager.fetchProfileKeyPair(AccountProfileKeyPairManager.java:144)
	at knot//net.minecraft.client.multiplayer.AccountProfileKeyPairManager.lambda$readOrFetchProfileKeyPair$0(AccountProfileKeyPairManager.java:75)
	at java.base/java.util.concurrent.CompletableFuture$AsyncSupply.run(CompletableFuture.java:1789)
	at java.base/java.util.concurrent.ThreadPoolExecutor.runWorker(ThreadPoolExecutor.java:1090)
	at java.base/java.util.concurrent.ThreadPoolExecutor$Worker.run(ThreadPoolExecutor.java:614)
	at java.base/java.lang.Thread.run(Thread.java:1474)
[17:36:43] [Render thread/INFO] (metallum) METALLUM_BENCHMARK EVENT=WINDOW_READY monitor=Built-in Retina Display video_mode=3024x1964@120 (24bit) framebuffer=3024x1964 window=3024x1964 screen=3024x1964
[17:36:43] [Server thread/INFO] (metallum) METALLUM_BENCHMARK_DEBUG at=start level_exists=true player_exists=true server_dim=minecraft:overworld server_paused=false ticks=41 stageFrames=1 server_frozen=true client_ready=true
[17:36:45] [Server thread/INFO] (metallum) METALLUM_BENCHMARK EVENT=GI_G6_MATRIX_NETHER_PREPARE route=hdrtest-gi-g6-matrix-v1 target=0,96,0 chunk=0,0 full=true forced=true status=PASS
[17:36:45] [Server thread/INFO] (metallum) METALLUM_BENCHMARK_DEBUG before_teleport player_dim=minecraft:overworld
[17:36:45] [Server thread/INFO] (metallum) METALLUM_BENCHMARK_DEBUG after_teleport player_dim=minecraft:overworld teleported=true
[17:36:45] [Render thread/INFO] (metallum) METALLUM_BENCHMARK EVENT=ROUTE_APPLY route=hdrtest-gi-g6-matrix-v1 fixture=hdrtest-static-v1 player=MetallumBench/b07a402a-d8ea-354f-9398-aaf208a798b9 dimension=minecraft:overworld
[17:36:45] [Render thread/INFO] (metallum) METALLUM_BENCHMARK EVENT=SERVER_TICKS_FROZEN
[17:36:45] [Render thread/INFO] (metallum) METALLUM_BENCHMARK EVENT=GI_G6_MATRIX_READY route=hdrtest-gi-g6-matrix-v1 held=minecraft:torch entity=minecraft:torch entity_id=1999999900 status=PASS
[17:36:45] [Server thread/INFO] (metallum) METALLUM_BENCHMARK_DEBUG at=start level_exists=true player_exists=true server_dim=minecraft:overworld server_paused=false ticks=74 stageFrames=3 server_frozen=true client_ready=true
[17:36:46] [Render thread/INFO] (metallum) Native-resolution HDR fast path is active: fused HDR reconstruction and SDR UI seed, lightweight final composite
[17:36:46] [Render thread/INFO] (metallum) METALLUM_BENCHMARK EVENT=WINDOW_FOCUS_REQUEST frame=30 glfw_focused=false
[17:36:47] [Server thread/INFO] (metallum) METALLUM_BENCHMARK_DEBUG at=start level_exists=true player_exists=true server_dim=minecraft:overworld server_paused=false ticks=105 stageFrames=34 server_frozen=true client_ready=true
[17:36:47] [Server thread/INFO] (metallum) METALLUM_BENCHMARK_DEBUG at=start level_exists=true player_exists=true server_dim=minecraft:overworld server_paused=false ticks=122 stageFrames=65 server_frozen=true client_ready=true
[17:36:48] [Server thread/INFO] (metallum) METALLUM_BENCHMARK_DEBUG at=start level_exists=true player_exists=true server_dim=minecraft:overworld server_paused=false ticks=142 stageFrames=96 server_frozen=true client_ready=true
[17:36:49] [Render thread/INFO] (metallum) METALLUM_BENCHMARK_DEBUG waiting_for_route mismatch client=null server=null stable_frames=44 target_stable_frames=120
[17:36:49] [Render thread/INFO] (metallum) L6 local shadows: active=true, descriptors=34/snapshot=34, READY=28, STALE=0, APPROXIMATE=6, BUILDING=0, FAIL_CLOSED=0, cachedEdges=8:10/16:2/32:5/64:11, cacheCovered=34, coverageLimited=0, residents=27, pendingBuilds=2, pendingUploads=0 (1572864 bytes), capacityBlocked=0, capacityWaitSkips=0, retryBackoff=4, uploads=3 (36864 bytes), proxies=16/16, maxSteps=96, dynamic=1/1/0 candidates/selected/dropped, held=true, dispatches=1, rays=6144, ready=1, fallback=0, coverageMiss=0, transitions=0->0, failures=0, pages=196608 bytes
[17:36:49] [Render thread/INFO] (metallum) METALLUM_L6_DYNAMIC candidates=1 selected=1 dropped=0 held=true dispatches=1 rays=6144 ready=1 fallback=0 coverage_miss=0 static_to_dynamic=0 dynamic_to_static=0 failures=0 pages_bytes=196608
[17:36:49] [Server thread/INFO] (metallum) METALLUM_BENCHMARK_DEBUG at=start level_exists=true player_exists=true server_dim=minecraft:overworld server_paused=false ticks=160 stageFrames=127 server_frozen=true client_ready=true
[17:36:50] [Server thread/INFO] (metallum) METALLUM_BENCHMARK_DEBUG at=start level_exists=true player_exists=true server_dim=minecraft:overworld server_paused=false ticks=180 stageFrames=158 server_frozen=true client_ready=true
[17:36:51] [Render thread/INFO] (metallum) METALLUM_BENCHMARK EVENT=ADVANCED_ADMISSION expected=advanced schema=5 defaults_used=false requested=advanced resolved=advanced l3=true l5=true l6=true status=PASS generation=6 shader_epoch=5 reason=none
[17:36:51] [Render thread/INFO] (metallum) METALLUM_BENCHMARK EVENT=ROUTE_READY route=hdrtest-gi-g6-matrix-v1 stable_frames=120 pose=[86.1241372798128,74.0,-95.57730763953901;155.397,13.2000065] max_fps=260 resolved_gui_scale=8 resource_packs=vanilla,fabric-api-base,fabric-block-getter-api-v2,fabric-lifecycle-events-v1,fabric-renderer-api-v1,fabric-rendering-fluids-v1,fabric-rendering-v1,fabric-resource-loader-v0,fabric-resource-loader-v1,fabric-transitive-access-wideners-v1,fabricloader,metallum,sodium
[17:36:51] [Render thread/INFO] (metallum) METALLUM_BENCHMARK EVENT=SEGMENT_START index=1 total=1 mode=OFF warmup=1800 measure=3600
[17:36:52] [Render thread/INFO] (metallum) METALLUM_BENCHMARK EVENT=GI_G6_ADMISSION requested=g6_live resolved=g6_live contract=6 state=READY device_generation=1 presented_frame=393 ready_mask=3 field_generation=191 source_tick=392 transport_dispatches=80 cascade_builds=18/41/21 invalidations=191 bindings=3838 zero_bindings=1701 field_bindings=2137 resident_bytes=3276800 staging_bytes=524896 java_packet_bytes=1573656 combined_accounted_bytes=24637728 cap_bytes=25165824 dynamic=true vertex_only=true fragment_texture3d=0 stale=0 rejected=0 status=PASS
[17:36:59] [Render thread/INFO] (metallum) L6 local shadows: active=true, descriptors=283/snapshot=283, READY=40, STALE=0, APPROXIMATE=243, BUILDING=0, FAIL_CLOSED=0, cachedEdges=8:20/16:2/32:5/64:13, cacheCovered=40, coverageLimited=243, residents=39, pendingBuilds=0, pendingUploads=0 (0 bytes), capacityBlocked=0, capacityWaitSkips=0, retryBackoff=0, uploads=0 (0 bytes), proxies=16/16, maxSteps=96, dynamic=1/1/0 candidates/selected/dropped, held=true, dispatches=1, rays=6144, ready=1, fallback=0, coverageMiss=0, transitions=0->0, failures=0, pages=196608 bytes
[17:36:59] [Render thread/INFO] (metallum) METALLUM_L6_DYNAMIC candidates=1 selected=1 dropped=0 held=true dispatches=1 rays=6144 ready=1 fallback=0 coverage_miss=0 static_to_dynamic=0 dynamic_to_static=0 failures=0 pages_bytes=196608
[17:37:09] [Render thread/INFO] (metallum) L6 local shadows: active=true, descriptors=567/snapshot=567, READY=40, STALE=0, APPROXIMATE=527, BUILDING=0, FAIL_CLOSED=0, cachedEdges=8:20/16:2/32:5/64:13, cacheCovered=40, coverageLimited=527, residents=39, pendingBuilds=0, pendingUploads=0 (0 bytes), capacityBlocked=0, capacityWaitSkips=0, retryBackoff=0, uploads=0 (0 bytes), proxies=16/16, maxSteps=96, dynamic=1/1/0 candidates/selected/dropped, held=true, dispatches=1, rays=6144, ready=1, fallback=0, coverageMiss=0, transitions=0->0, failures=0, pages=196608 bytes
[17:37:09] [Render thread/INFO] (metallum) METALLUM_L6_DYNAMIC candidates=1 selected=1 dropped=0 held=true dispatches=1 rays=6144 ready=1 fallback=0 coverage_miss=0 static_to_dynamic=0 dynamic_to_static=0 failures=0 pages_bytes=196608
[17:37:18] [Render thread/INFO] (metallum) L6 local shadows: active=true, descriptors=567/snapshot=567, READY=40, STALE=0, APPROXIMATE=527, BUILDING=0, FAIL_CLOSED=0, cachedEdges=8:20/16:2/32:5/64:13, cacheCovered=40, coverageLimited=527, residents=39, pendingBuilds=0, pendingUploads=0 (0 bytes), capacityBlocked=0, capacityWaitSkips=0, retryBackoff=0, uploads=0 (0 bytes), proxies=16/16, maxSteps=96, dynamic=1/1/0 candidates/selected/dropped, held=true, dispatches=1, rays=6144, ready=1, fallback=0, coverageMiss=0, transitions=0->0, failures=0, pages=196608 bytes
[17:37:18] [Render thread/INFO] (metallum) METALLUM_L6_DYNAMIC candidates=1 selected=1 dropped=0 held=true dispatches=1 rays=6144 ready=1 fallback=0 coverage_miss=0 static_to_dynamic=0 dynamic_to_static=0 failures=0 pages_bytes=196608
[17:37:28] [Render thread/INFO] (metallum) L6 local shadows: active=true, descriptors=567/snapshot=567, READY=40, STALE=0, APPROXIMATE=527, BUILDING=0, FAIL_CLOSED=0, cachedEdges=8:20/16:2/32:5/64:13, cacheCovered=40, coverageLimited=527, residents=39, pendingBuilds=0, pendingUploads=0 (0 bytes), capacityBlocked=0, capacityWaitSkips=0, retryBackoff=0, uploads=0 (0 bytes), proxies=16/16, maxSteps=96, dynamic=1/1/0 candidates/selected/dropped, held=true, dispatches=1, rays=6144, ready=1, fallback=0, coverageMiss=0, transitions=0->0, failures=0, pages=196608 bytes
[17:37:28] [Render thread/INFO] (metallum) METALLUM_L6_DYNAMIC candidates=1 selected=1 dropped=0 held=true dispatches=1 rays=6144 ready=1 fallback=0 coverage_miss=0 static_to_dynamic=0 dynamic_to_static=0 failures=0 pages_bytes=196608
[17:37:37] [Render thread/INFO] (metallum) L6 local shadows: active=true, descriptors=567/snapshot=567, READY=40, STALE=0, APPROXIMATE=527, BUILDING=0, FAIL_CLOSED=0, cachedEdges=8:20/16:2/32:5/64:13, cacheCovered=40, coverageLimited=527, residents=39, pendingBuilds=0, pendingUploads=0 (0 bytes), capacityBlocked=0, capacityWaitSkips=0, retryBackoff=0, uploads=0 (0 bytes), proxies=16/16, maxSteps=96, dynamic=1/1/0 candidates/selected/dropped, held=true, dispatches=1, rays=6144, ready=1, fallback=0, coverageMiss=0, transitions=0->0, failures=0, pages=196608 bytes
[17:37:37] [Render thread/INFO] (metallum) METALLUM_L6_DYNAMIC candidates=1 selected=1 dropped=0 held=true dispatches=1 rays=6144 ready=1 fallback=0 coverage_miss=0 static_to_dynamic=0 dynamic_to_static=0 failures=0 pages_bytes=196608
[17:37:47] [Render thread/INFO] (metallum) L6 local shadows: active=true, descriptors=567/snapshot=567, READY=40, STALE=0, APPROXIMATE=527, BUILDING=0, FAIL_CLOSED=0, cachedEdges=8:20/16:2/32:5/64:13, cacheCovered=40, coverageLimited=527, residents=39, pendingBuilds=0, pendingUploads=0 (0 bytes), capacityBlocked=0, capacityWaitSkips=0, retryBackoff=0, uploads=0 (0 bytes), proxies=16/16, maxSteps=96, dynamic=1/1/0 candidates/selected/dropped, held=true, dispatches=1, rays=6144, ready=1, fallback=0, coverageMiss=0, transitions=0->0, failures=0, pages=196608 bytes
[17:37:47] [Render thread/INFO] (metallum) METALLUM_L6_DYNAMIC candidates=1 selected=1 dropped=0 held=true dispatches=1 rays=6144 ready=1 fallback=0 coverage_miss=0 static_to_dynamic=0 dynamic_to_static=0 failures=0 pages_bytes=196608
[17:37:49] [Server thread/INFO] (metallum) METALLUM_BENCHMARK_DEBUG at=start level_exists=true player_exists=true server_dim=minecraft:overworld server_paused=false ticks=1352 stageFrames=175 server_frozen=true client_ready=true
[17:37:49] [Render thread/INFO] (metallum) METALLUM_BENCHMARK EVENT=ROUTE_CHECK event=MEASURE_START route=hdrtest-gi-g6-matrix-v1 status=ready
[17:37:49] [Render thread/INFO] (metallum) METALLUM_BENCHMARK EVENT=VERTEX_REFLECTION_ADMISSION enabled=false state=OFF ready=false generation=3/0 origin=[0,0,0] sections=0/0/0 expected=0 invalidation=null quality_face_aware=true quality_first_surface=true quality_confidence=true
[17:37:49] [Render thread/INFO] (metallum) METALLUM_BENCHMARK EVENT=MEASURE_START index=1 mode=OFF presented_frame=1800
[17:37:50] [Render thread/INFO] (metallum) METALLUM_BENCHMARK EVENT=GI_G6_MATRIX_EVENT route=hdrtest-gi-g6-matrix-v1 action=ORBIT_BEGIN measured_frame=30 field_generation=598 block_samples=52 static_source_samples=208 scroll_samples=0 full_reset_samples=2 status=PASS
[17:37:56] [Render thread/INFO] (metallum) L6 local shadows: active=true, descriptors=860/snapshot=860, READY=54, STALE=0, APPROXIMATE=806, BUILDING=0, FAIL_CLOSED=0, cachedEdges=8:37/16:2/32:2/64:13, cacheCovered=54, coverageLimited=806, residents=53, pendingBuilds=0, pendingUploads=0 (0 bytes), capacityBlocked=0, capacityWaitSkips=0, retryBackoff=0, uploads=0 (0 bytes), proxies=16/16, maxSteps=96, dynamic=1/1/0 candidates/selected/dropped, held=true, dispatches=1, rays=6144, ready=1, fallback=0, coverageMiss=0, transitions=0->0, failures=0, pages=196608 bytes
[17:37:56] [Render thread/INFO] (metallum) METALLUM_L6_DYNAMIC candidates=1 selected=1 dropped=0 held=true dispatches=1 rays=6144 ready=1 fallback=0 coverage_miss=0 static_to_dynamic=0 dynamic_to_static=0 failures=0 pages_bytes=196608
[17:37:57] [Render thread/INFO] (metallum) METALLUM_BENCHMARK EVENT=GI_G6_MATRIX_EVENT route=hdrtest-gi-g6-matrix-v1 action=ORBIT_END measured_frame=270 baseline_generation=598 field_generation=598 block_samples=52 static_source_samples=208 scroll_samples=0 full_reset_samples=2 status=PASS
[17:37:58] [Render thread/INFO] (metallum) METALLUM_BENCHMARK EVENT=GI_G6_MATRIX_EVENT route=hdrtest-gi-g6-matrix-v1 action=LAVA_APPLIED requested_frame=300 measured_frame=302 status=PASS
[17:37:59] [Render thread/INFO] (metallum) METALLUM_BENCHMARK EVENT=GI_G6_MATRIX_RECOVERY route=hdrtest-gi-g6-matrix-v1 action=LAVA_APPLY requested_frame=300 measured_frame=340 baseline_generation=598 field_generation=602 latency_class=STATIC_SOURCE sample_before=208 sample_after=209 ready_mask=7 build_in_flight=false status=PASS
[17:38:02] [Render thread/INFO] (metallum) METALLUM_BENCHMARK EVENT=GI_G6_MATRIX_EVENT route=hdrtest-gi-g6-matrix-v1 action=LAVA_REMOVED requested_frame=420 measured_frame=422 status=PASS
[17:38:03] [Render thread/INFO] (metallum) METALLUM_BENCHMARK EVENT=GI_G6_MATRIX_RECOVERY route=hdrtest-gi-g6-matrix-v1 action=LAVA_REMOVE requested_frame=420 measured_frame=460 baseline_generation=602 field_generation=605 latency_class=STATIC_SOURCE sample_before=209 sample_after=210 ready_mask=7 build_in_flight=false status=PASS
[17:38:04] [Render thread/INFO] (metallum) METALLUM_BENCHMARK EVENT=GI_G6_MATRIX_EVENT route=hdrtest-gi-g6-matrix-v1 action=CHUNK_RELOAD requested_frame=490 measured_frame=490 status=PASS
[17:38:04] [Render thread/INFO] (metallum) [GI_G2] accepted=817 stale=0 outside=0 capacityRejected=0 discarded=0 residentTags=802 activeCandidates=0 peakCandidates=19 peakCandidateBytes=299592
[17:38:04] [Render thread/INFO] (ChunkBuilder) Stopping worker threads
[17:38:04] [Render thread/INFO] (ChunkBuilder) Started 4 worker threads
[17:38:04] [Render thread/INFO] (metallum) [GI_G2] accepted-output semantic capture active for minecraft:overworld
[17:38:05] [Render thread/INFO] (metallum) L6 local shadows: active=true, descriptors=29/snapshot=29, READY=0, STALE=0, APPROXIMATE=29, BUILDING=0, FAIL_CLOSED=0, cachedEdges=8:0/16:0/32:0/64:0, cacheCovered=29, coverageLimited=0, residents=1, pendingBuilds=7, pendingUploads=0 (5505024 bytes), capacityBlocked=0, capacityWaitSkips=0, retryBackoff=0, uploads=0 (0 bytes), proxies=16/16, maxSteps=96, dynamic=1/1/0 candidates/selected/dropped, held=true, dispatches=0, rays=0, ready=0, fallback=1, coverageMiss=1, transitions=0->0, failures=0, pages=0 bytes
[17:38:05] [Render thread/INFO] (metallum) METALLUM_L6_DYNAMIC candidates=1 selected=1 dropped=0 held=true dispatches=0 rays=0 ready=0 fallback=1 coverage_miss=1 static_to_dynamic=0 dynamic_to_static=0 failures=0 pages_bytes=0
[17:38:07] [Render thread/INFO] (metallum) METALLUM_BENCHMARK EVENT=GI_G6_MATRIX_RECOVERY route=hdrtest-gi-g6-matrix-v1 action=CHUNK_RELOAD requested_frame=490 measured_frame=630 terrain_submit_before=2659 terrain_submit_after=2799 terrain_device_before=1 terrain_device_after=1 current_device=1 terrain_field_before=605 terrain_field_after=747 current_field=747 terrain_source_before=2593 terrain_source_after=2799 current_source=2799 bind_status=1 carrier_safe=true frame_compatible=true exact_mask_nonzero=true ready_mask=7 build_in_flight=false status=PASS
[17:38:12] [Render thread/INFO] (Minecraft) Reloading ResourceManager: vanilla, fabric-api-base, fabric-block-getter-api-v2, fabric-lifecycle-events-v1, fabric-renderer-api-v1, fabric-rendering-fluids-v1, fabric-rendering-v1, fabric-resource-loader-v0, fabric-resource-loader-v1, fabric-transitive-access-wideners-v1, fabricloader, metallum, sodium
[17:38:12] [Server thread/INFO] (Minecraft) Saving and pausing game...
[17:38:12] [Server thread/INFO] (Minecraft) Saving chunks for level 'ServerLevel[world]'/minecraft:overworld
[17:38:12] [Server thread/INFO] (Minecraft) Saving chunks for level 'ServerLevel[world]'/minecraft:the_end
[17:38:12] [Server thread/INFO] (Minecraft) Saving chunks for level 'ServerLevel[world]'/minecraft:the_nether
[17:38:12] [Worker-Main-16/INFO] (Minecraft) Found unifont_all_no_pua-17.0.01.hex, loading
[17:38:12] [Worker-Main-17/INFO] (Minecraft) Found unifont_pua-17.0.01.hex, loading
[17:38:12] [Worker-Main-18/INFO] (Minecraft) Found unifont_jp_patch-17.0.01.hex, loading
[17:38:21] [Render thread/INFO] (metallum) Linear scene shader preflight active: all required Minecraft 26.2 and Sodium scene shaders passed preflight
[17:38:21] [Render thread/INFO] (metallum) METALLUM material contract active: all Minecraft 26.2 and Sodium material roles passed source and PSO preflight
[17:38:21] [Render thread/INFO] (metallum) Advanced shader generation active: Minecraft 26.2 and Sodium 0.9.1 Advanced terrain/entity/end-portal sources passed preflight
[17:38:22] [Render thread/INFO] (Minecraft) OpenAL initialized on device Динамики MacBook Pro
[17:38:22] [Render thread/INFO] (Minecraft) Sound engine started
[17:38:22] [Render thread/INFO] (Minecraft) Created: 512x256x0 minecraft:textures/atlas/particles.png-atlas
[17:38:22] [Render thread/INFO] (Minecraft) Created: 128x128x0 minecraft:textures/atlas/decorated_pot.png-atlas
[17:38:22] [Render thread/INFO] (Minecraft) Created: 2048x1024x0 minecraft:textures/atlas/armor_trims.png-atlas
[17:38:22] [Render thread/INFO] (Minecraft) Created: 512x256x0 minecraft:textures/atlas/paintings.png-atlas
[17:38:22] [Render thread/INFO] (Minecraft) Created: 1024x512x0 minecraft:textures/atlas/shield_patterns.png-atlas
[17:38:22] [Render thread/INFO] (Minecraft) Created: 4096x2048x4 minecraft:textures/atlas/blocks.png-atlas
[17:38:22] [Render thread/INFO] (metallum) Loaded 1269 partial emissive terrain texture overlays
[17:38:22] [Render thread/INFO] (Minecraft) Created: 512x512x0 minecraft:textures/atlas/chest.png-atlas
[17:38:22] [Render thread/INFO] (Minecraft) Created: 256x128x0 minecraft:textures/atlas/celestials.png-atlas
[17:38:22] [Render thread/INFO] (Minecraft) Created: 1024x512x0 minecraft:textures/atlas/banner_patterns.png-atlas
[17:38:22] [Render thread/INFO] (Minecraft) Created: 1024x512x0 minecraft:textures/atlas/items.png-atlas
[17:38:22] [Render thread/INFO] (Minecraft) Created: 1024x1024x0 minecraft:textures/atlas/gui.png-atlas
[17:38:22] [Render thread/INFO] (Minecraft) Created: 128x64x0 minecraft:textures/atlas/map_decorations.png-atlas
[17:38:22] [Render thread/INFO] (Minecraft) Created: 512x512x0 minecraft:textures/atlas/shulker_boxes.png-atlas
[17:38:22] [Render thread/INFO] (metallum) Built face-aware water-reflection appearance for 30989 block states (0 fallbacks)
[17:38:24] [Render thread/INFO] (metallum) [GI_G2] accepted=1555 stale=0 outside=0 capacityRejected=0 discarded=0 residentTags=0 activeCandidates=0 peakCandidates=22 peakCandidateBytes=346896
[17:38:24] [Render thread/INFO] (ChunkBuilder) Stopping worker threads
[17:38:24] [Render thread/INFO] (ChunkBuilder) Started 4 worker threads
[17:38:24] [Render thread/INFO] (metallum) [GI_G2] accepted-output semantic capture active for minecraft:overworld
[17:38:24] [Render thread/INFO] (metallum) METALLUM_BENCHMARK EVENT=GI_G6_MATRIX_EVENT route=hdrtest-gi-g6-matrix-v1 action=RESOURCE_RELOAD requested_frame=760 measured_frame=786 status=PASS
[17:38:25] [Render thread/INFO] (metallum) L6 local shadows: active=true, descriptors=29/snapshot=29, READY=0, STALE=0, APPROXIMATE=29, BUILDING=0, FAIL_CLOSED=0, cachedEdges=8:0/16:0/32:0/64:0, cacheCovered=29, coverageLimited=0, residents=1, pendingBuilds=7, pendingUploads=0 (5505024 bytes), capacityBlocked=0, capacityWaitSkips=0, retryBackoff=0, uploads=0 (0 bytes), proxies=16/16, maxSteps=96, dynamic=1/1/0 candidates/selected/dropped, held=true, dispatches=0, rays=0, ready=0, fallback=1, coverageMiss=1, transitions=0->0, failures=0, pages=0 bytes
[17:38:25] [Render thread/INFO] (metallum) METALLUM_L6_DYNAMIC candidates=1 selected=1 dropped=0 held=true dispatches=0 rays=0 ready=0 fallback=1 coverage_miss=1 static_to_dynamic=0 dynamic_to_static=0 failures=0 pages_bytes=0
[17:38:27] [Render thread/INFO] (metallum) METALLUM_BENCHMARK EVENT=GI_G6_MATRIX_RECOVERY route=hdrtest-gi-g6-matrix-v1 action=RESOURCE_RELOAD requested_frame=760 measured_frame=930 baseline_generation=797 field_generation=945 latency_class=FULL_RESET sample_before=3 sample_after=4 terrain_submit_before=2929 terrain_submit_after=3100 terrain_device_before=1 terrain_device_after=1 current_device=1 terrain_field_before=797 terrain_field_after=945 current_field=945 terrain_source_before=2824 terrain_source_after=3100 current_source=3100 bind_status=1 carrier_safe=true frame_compatible=true exact_mask_nonzero=true ready_mask=7 build_in_flight=false status=PASS
[17:38:31] [Render thread/INFO] (metallum) METALLUM_BENCHMARK EVENT=GI_G6_MATRIX_EVENT route=hdrtest-gi-g6-matrix-v1 action=DAY requested_frame=1030 measured_frame=1032 status=PASS
[17:38:33] [Render thread/INFO] (metallum) METALLUM_BENCHMARK EVENT=GI_G6_MATRIX_RECOVERY route=hdrtest-gi-g6-matrix-v1 action=DAY requested_frame=1030 measured_frame=1110 baseline_generation=991 field_generation=993 latency_class=FULL_RESET sample_before=4 sample_after=5 ready_mask=7 build_in_flight=false status=PASS
[17:38:34] [Render thread/INFO] (metallum) L6 local shadows: active=true, descriptors=567/snapshot=567, READY=40, STALE=0, APPROXIMATE=527, BUILDING=0, FAIL_CLOSED=0, cachedEdges=8:20/16:2/32:5/64:13, cacheCovered=40, coverageLimited=527, residents=39, pendingBuilds=0, pendingUploads=0 (0 bytes), capacityBlocked=0, capacityWaitSkips=0, retryBackoff=0, uploads=0 (0 bytes), proxies=16/16, maxSteps=96, dynamic=1/1/0 candidates/selected/dropped, held=true, dispatches=1, rays=6144, ready=1, fallback=0, coverageMiss=0, transitions=0->0, failures=0, pages=196608 bytes
[17:38:34] [Render thread/INFO] (metallum) METALLUM_L6_DYNAMIC candidates=1 selected=1 dropped=0 held=true dispatches=1 rays=6144 ready=1 fallback=0 coverage_miss=0 static_to_dynamic=0 dynamic_to_static=0 failures=0 pages_bytes=196608
[17:38:37] [Render thread/INFO] (metallum) METALLUM_BENCHMARK EVENT=GI_G6_MATRIX_EVENT route=hdrtest-gi-g6-matrix-v1 action=NIGHT requested_frame=1230 measured_frame=1232 status=PASS
[17:38:40] [Render thread/INFO] (metallum) METALLUM_BENCHMARK EVENT=GI_G6_MATRIX_RECOVERY route=hdrtest-gi-g6-matrix-v1 action=NIGHT requested_frame=1230 measured_frame=1310 baseline_generation=993 field_generation=995 latency_class=FULL_RESET sample_before=5 sample_after=6 ready_mask=7 build_in_flight=false status=PASS
[17:38:43] [Render thread/INFO] (metallum) L6 local shadows: active=true, descriptors=567/snapshot=567, READY=40, STALE=0, APPROXIMATE=527, BUILDING=0, FAIL_CLOSED=0, cachedEdges=8:20/16:2/32:5/64:13, cacheCovered=40, coverageLimited=527, residents=39, pendingBuilds=0, pendingUploads=0 (0 bytes), capacityBlocked=0, capacityWaitSkips=0, retryBackoff=0, uploads=0 (0 bytes), proxies=16/16, maxSteps=96, dynamic=1/1/0 candidates/selected/dropped, held=true, dispatches=1, rays=6144, ready=1, fallback=0, coverageMiss=0, transitions=0->0, failures=0, pages=196608 bytes
[17:38:43] [Render thread/INFO] (metallum) METALLUM_L6_DYNAMIC candidates=1 selected=1 dropped=0 held=true dispatches=1 rays=6144 ready=1 fallback=0 coverage_miss=0 static_to_dynamic=0 dynamic_to_static=0 failures=0 pages_bytes=196608
[17:38:43] [Render thread/INFO] (metallum) METALLUM_BENCHMARK EVENT=GI_G6_MATRIX_EVENT route=hdrtest-gi-g6-matrix-v1 action=RAIN requested_frame=1430 measured_frame=1432 status=PASS
[17:38:46] [Render thread/INFO] (metallum) METALLUM_BENCHMARK EVENT=GI_G6_MATRIX_RECOVERY route=hdrtest-gi-g6-matrix-v1 action=RAIN requested_frame=1430 measured_frame=1510 baseline_generation=995 field_generation=997 latency_class=FULL_RESET sample_before=6 sample_after=7 ready_mask=7 build_in_flight=false status=PASS
[17:38:50] [Render thread/INFO] (metallum) METALLUM_BENCHMARK EVENT=GI_G6_MATRIX_EVENT route=hdrtest-gi-g6-matrix-v1 action=CLEAR requested_frame=1630 measured_frame=1631 status=PASS
[17:38:52] [Render thread/INFO] (metallum) METALLUM_BENCHMARK EVENT=GI_G6_MATRIX_RECOVERY route=hdrtest-gi-g6-matrix-v1 action=CLEAR requested_frame=1630 measured_frame=1710 baseline_generation=997 field_generation=999 latency_class=FULL_RESET sample_before=7 sample_after=8 ready_mask=7 build_in_flight=false status=PASS
[17:38:53] [Render thread/INFO] (metallum) L6 local shadows: active=true, descriptors=567/snapshot=567, READY=40, STALE=0, APPROXIMATE=527, BUILDING=0, FAIL_CLOSED=0, cachedEdges=8:20/16:2/32:5/64:13, cacheCovered=40, coverageLimited=527, residents=39, pendingBuilds=0, pendingUploads=0 (0 bytes), capacityBlocked=0, capacityWaitSkips=0, retryBackoff=0, uploads=0 (0 bytes), proxies=16/16, maxSteps=96, dynamic=1/1/0 candidates/selected/dropped, held=true, dispatches=1, rays=6144, ready=1, fallback=0, coverageMiss=0, transitions=0->0, failures=0, pages=196608 bytes
[17:38:53] [Render thread/INFO] (metallum) METALLUM_L6_DYNAMIC candidates=1 selected=1 dropped=0 held=true dispatches=1 rays=6144 ready=1 fallback=0 coverage_miss=0 static_to_dynamic=0 dynamic_to_static=0 failures=0 pages_bytes=196608
[17:38:56] [Render thread/INFO] (metallum) METALLUM_BENCHMARK EVENT=GI_G6_MATRIX_EVENT route=hdrtest-gi-g6-matrix-v1 action=STREAM_STEP requested_frame=1830 measured_frame=1832 index=0 offset=8 y_offset=1 status=PASS
[17:38:57] [Render thread/INFO] (metallum) METALLUM_BENCHMARK EVENT=GI_G6_MATRIX_RECOVERY route=hdrtest-gi-g6-matrix-v1 action=STREAM_STEP_0 requested_frame=1830 measured_frame=1870 baseline_generation=999 field_generation=1004 latency_class=SCROLL sample_before=0 sample_after=1 ready_mask=1 build_in_flight=true status=PASS
[17:38:57] [Render thread/INFO] (metallum) METALLUM_BENCHMARK EVENT=GI_G6_MATRIX_EVENT route=hdrtest-gi-g6-matrix-v1 action=STREAM_STEP requested_frame=1870 measured_frame=1872 index=1 offset=16 y_offset=0 status=PASS
[17:38:58] [Render thread/INFO] (metallum) METALLUM_BENCHMARK EVENT=GI_G6_MATRIX_RECOVERY route=hdrtest-gi-g6-matrix-v1 action=STREAM_STEP_1 requested_frame=1870 measured_frame=1910 baseline_generation=1004 field_generation=1028 latency_class=SCROLL sample_before=1 sample_after=2 ready_mask=1 build_in_flight=true status=PASS
[17:38:59] [Render thread/INFO] (metallum) METALLUM_BENCHMARK EVENT=GI_G6_MATRIX_EVENT route=hdrtest-gi-g6-matrix-v1 action=STREAM_STEP requested_frame=1910 measured_frame=1912 index=2 offset=24 y_offset=-1 status=PASS
[17:39:00] [Render thread/INFO] (metallum) METALLUM_BENCHMARK EVENT=GI_G6_MATRIX_RECOVERY route=hdrtest-gi-g6-matrix-v1 action=STREAM_STEP_2 requested_frame=1910 measured_frame=1950 baseline_generation=1028 field_generation=1035 latency_class=SCROLL sample_before=2 sample_after=3 ready_mask=1 build_in_flight=true status=PASS
[17:39:00] [Render thread/INFO] (metallum) METALLUM_BENCHMARK EVENT=GI_G6_MATRIX_EVENT route=hdrtest-gi-g6-matrix-v1 action=STREAM_STEP requested_frame=1950 measured_frame=1952 index=3 offset=32 y_offset=-1 status=PASS
[17:39:01] [Render thread/INFO] (metallum) METALLUM_BENCHMARK EVENT=GI_G6_MATRIX_RECOVERY route=hdrtest-gi-g6-matrix-v1 action=STREAM_STEP_3 requested_frame=1950 measured_frame=1980 baseline_generation=1035 field_generation=1044 latency_class=SCROLL sample_before=3 sample_after=4 ready_mask=1 build_in_flight=true status=PASS
[17:39:01] [Render thread/INFO] (metallum) METALLUM_BENCHMARK EVENT=GI_G6_MATRIX_EVENT route=hdrtest-gi-g6-matrix-v1 action=STREAM_STEP requested_frame=1990 measured_frame=1992 index=4 offset=24 y_offset=-1 status=PASS
[17:39:02] [Render thread/INFO] (metallum) METALLUM_BENCHMARK EVENT=GI_G6_MATRIX_RECOVERY route=hdrtest-gi-g6-matrix-v1 action=STREAM_STEP_4 requested_frame=1990 measured_frame=2020 baseline_generation=1044 field_generation=1052 latency_class=SCROLL sample_before=4 sample_after=5 ready_mask=1 build_in_flight=true status=PASS
[17:39:02] [Render thread/INFO] (metallum) L6 local shadows: active=true, descriptors=536/snapshot=536, READY=63, STALE=0, APPROXIMATE=473, BUILDING=0, FAIL_CLOSED=0, cachedEdges=8:24/16:20/32:9/64:10, cacheCovered=63, coverageLimited=473, residents=62, pendingBuilds=0, pendingUploads=0 (0 bytes), capacityBlocked=0, capacityWaitSkips=0, retryBackoff=0, uploads=0 (0 bytes), proxies=16/16, maxSteps=96, dynamic=1/1/0 candidates/selected/dropped, held=true, dispatches=1, rays=6144, ready=1, fallback=0, coverageMiss=0, transitions=0->0, failures=0, pages=196608 bytes
[17:39:02] [Render thread/INFO] (metallum) METALLUM_L6_DYNAMIC candidates=1 selected=1 dropped=0 held=true dispatches=1 rays=6144 ready=1 fallback=0 coverage_miss=0 static_to_dynamic=0 dynamic_to_static=0 failures=0 pages_bytes=196608
[17:39:02] [Render thread/INFO] (metallum) METALLUM_BENCHMARK EVENT=GI_G6_MATRIX_EVENT route=hdrtest-gi-g6-matrix-v1 action=STREAM_STEP requested_frame=2030 measured_frame=2032 index=5 offset=16 y_offset=0 status=PASS
[17:39:03] [Render thread/INFO] (metallum) METALLUM_BENCHMARK EVENT=GI_G6_MATRIX_RECOVERY route=hdrtest-gi-g6-matrix-v1 action=STREAM_STEP_5 requested_frame=2030 measured_frame=2070 baseline_generation=1052 field_generation=1056 latency_class=SCROLL sample_before=5 sample_after=6 ready_mask=1 build_in_flight=true status=PASS
[17:39:03] [Render thread/INFO] (metallum) METALLUM_BENCHMARK EVENT=GI_G6_MATRIX_EVENT route=hdrtest-gi-g6-matrix-v1 action=STREAM_STEP requested_frame=2070 measured_frame=2072 index=6 offset=8 y_offset=1 status=PASS
[17:39:04] [Render thread/WARN] (metallum) [GI_G6] receiver-visible STATIC_SOURCE SLA breach: submits=17 first=4253 ready=4270 field=1067 source_tick=4254 exact_near=ffffffffffffffff ready_mask=1 active_class=STATIC_SOURCE reset_kind=SOURCE full_reset_root=false authoritative=true queue_pending=0 queue_in_flight=0 next_cascade=1
[17:39:04] [Render thread/INFO] (metallum) METALLUM_BENCHMARK EVENT=GI_G6_MATRIX_RECOVERY route=hdrtest-gi-g6-matrix-v1 action=STREAM_STEP_6 requested_frame=2070 measured_frame=2100 baseline_generation=1056 field_generation=1067 latency_class=SCROLL sample_before=6 sample_after=7 ready_mask=1 build_in_flight=true status=PASS
[17:39:05] [Render thread/INFO] (metallum) METALLUM_BENCHMARK EVENT=GI_G6_MATRIX_EVENT route=hdrtest-gi-g6-matrix-v1 action=STREAM_STEP requested_frame=2110 measured_frame=2112 index=7 offset=0 y_offset=0 status=PASS
[17:39:06] [Render thread/INFO] (metallum) METALLUM_BENCHMARK EVENT=GI_G6_MATRIX_RECOVERY route=hdrtest-gi-g6-matrix-v1 action=STREAM_STEP_7 requested_frame=2110 measured_frame=2150 baseline_generation=1067 field_generation=1074 latency_class=SCROLL sample_before=7 sample_after=8 ready_mask=1 build_in_flight=true status=PASS
[17:39:07] [Render thread/INFO] (metallum) METALLUM_BENCHMARK EVENT=GI_G6_MATRIX_EVENT route=hdrtest-gi-g6-matrix-v1 action=TELEPORT_OUT requested_frame=2170 measured_frame=2172 status=PASS
[17:39:10] [Render thread/INFO] (metallum) L6 local shadows: active=true, descriptors=1348/snapshot=1348, READY=3, STALE=1, APPROXIMATE=1344, BUILDING=0, FAIL_CLOSED=0, cachedEdges=8:0/16:1/32:3/64:0, cacheCovered=329, coverageLimited=1019, residents=3, pendingBuilds=6, pendingUploads=0 (1179648 bytes), capacityBlocked=0, capacityWaitSkips=0, retryBackoff=1, uploads=0 (0 bytes), proxies=16/16, maxSteps=96, dynamic=1/1/0 candidates/selected/dropped, held=true, dispatches=1, rays=6144, ready=1, fallback=0, coverageMiss=0, transitions=0->0, failures=0, pages=196608 bytes
[17:39:10] [Render thread/INFO] (metallum) METALLUM_L6_DYNAMIC candidates=1 selected=1 dropped=0 held=true dispatches=1 rays=6144 ready=1 fallback=0 coverage_miss=0 static_to_dynamic=0 dynamic_to_static=0 failures=0 pages_bytes=196608
[17:39:12] [Render thread/INFO] (metallum) METALLUM_BENCHMARK EVENT=GI_G6_MATRIX_RECOVERY route=hdrtest-gi-g6-matrix-v1 action=TELEPORT_OUT requested_frame=2170 measured_frame=2380 baseline_generation=1074 field_generation=1297 latency_class=FULL_RESET sample_before=8 sample_after=9 ready_mask=7 build_in_flight=false status=PASS
[17:39:14] [Render thread/INFO] (metallum) METALLUM_BENCHMARK EVENT=GI_G6_MATRIX_EVENT route=hdrtest-gi-g6-matrix-v1 action=TELEPORT_RETURN requested_frame=2430 measured_frame=2432 status=PASS
[17:39:17] [Render thread/INFO] (metallum) METALLUM_BENCHMARK EVENT=GI_G6_MATRIX_RECOVERY route=hdrtest-gi-g6-matrix-v1 action=TELEPORT_RETURN requested_frame=2430 measured_frame=2560 baseline_generation=1347 field_generation=1470 latency_class=FULL_RESET sample_before=9 sample_after=10 ready_mask=7 build_in_flight=false status=PASS
[17:39:19] [Server thread/INFO] (Minecraft) MetallumBench has made the advancement [We Need to Go Deeper]
[17:39:19] [Render thread/INFO] (metallum) [GI_G2] accepted=4018 stale=112 outside=0 capacityRejected=0 discarded=0 residentTags=605 activeCandidates=0 peakCandidates=22 peakCandidateBytes=346896
[17:39:19] [Render thread/INFO] (ChunkBuilder) Stopping worker threads
[17:39:19] [Render thread/INFO] (ChunkBuilder) Started 4 worker threads
[17:39:19] [Render thread/INFO] (metallum) [GI_G2] accepted-output semantic capture active for minecraft:the_nether
[17:39:19] [Render thread/INFO] (Minecraft) [System] [CHAT] MetallumBench has made the advancement [We Need to Go Deeper]
[17:39:19] [Render thread/INFO] (metallum) [GI_G2] accepted=4018 stale=112 outside=0 capacityRejected=0 discarded=0 residentTags=0 activeCandidates=0 peakCandidates=22 peakCandidateBytes=346896
[17:39:19] [Render thread/INFO] (ChunkBuilder) Stopping worker threads
[17:39:19] [Render thread/INFO] (ChunkBuilder) Started 4 worker threads
[17:39:19] [Render thread/INFO] (metallum) [GI_G2] accepted-output semantic capture active for minecraft:the_nether
[17:39:19] [Render thread/INFO] (metallum) METALLUM_BENCHMARK EVENT=GI_G6_MATRIX_EVENT route=hdrtest-gi-g6-matrix-v1 action=NETHER_ENTER requested_frame=2620 measured_frame=2623 status=PASS
[17:39:19] [Render thread/INFO] (metallum) L6 local shadows: active=true, descriptors=0/snapshot=0, READY=0, STALE=0, APPROXIMATE=0, BUILDING=0, FAIL_CLOSED=0, cachedEdges=8:0/16:0/32:0/64:0, cacheCovered=0, coverageLimited=0, residents=0, pendingBuilds=0, pendingUploads=0 (0 bytes), capacityBlocked=0, capacityWaitSkips=0, retryBackoff=0, uploads=0 (0 bytes), proxies=2/16, maxSteps=96, dynamic=0/0/0 candidates/selected/dropped, held=false, dispatches=0, rays=0, ready=0, fallback=0, coverageMiss=0, transitions=0->0, failures=0, pages=0 bytes
[17:39:19] [Render thread/INFO] (metallum) METALLUM_L6_DYNAMIC candidates=0 selected=0 dropped=0 held=false dispatches=0 rays=0 ready=0 fallback=0 coverage_miss=0 static_to_dynamic=0 dynamic_to_static=0 failures=0 pages_bytes=0
[17:39:20] [Render thread/INFO] (Minecraft) Loaded 29 advancements
[17:39:20] [Render thread/INFO] (Minecraft) Loaded 29 advancements
[17:39:23] [Render thread/INFO] (metallum) L6 local shadows: active=true, descriptors=2048/snapshot=2048, READY=180, STALE=40, APPROXIMATE=1828, BUILDING=0, FAIL_CLOSED=0, cachedEdges=8:0/16:0/32:193/64:27, cacheCovered=2048, coverageLimited=0, residents=220, pendingBuilds=6, pendingUploads=1 (1376256 bytes), capacityBlocked=0, capacityWaitSkips=0, retryBackoff=0, uploads=8 (1572864 bytes), proxies=16/16, maxSteps=96, dynamic=0/0/0 candidates/selected/dropped, held=false, dispatches=0, rays=0, ready=0, fallback=0, coverageMiss=0, transitions=0->0, failures=0, pages=0 bytes
[17:39:23] [Render thread/INFO] (metallum) METALLUM_L6_DYNAMIC candidates=0 selected=0 dropped=0 held=false dispatches=0 rays=0 ready=0 fallback=0 coverage_miss=0 static_to_dynamic=0 dynamic_to_static=0 failures=0 pages_bytes=0
[17:39:28] [Render thread/INFO] (metallum) METALLUM_BENCHMARK EVENT=GI_G6_MATRIX_RECOVERY route=hdrtest-gi-g6-matrix-v1 action=NETHER_ENTER requested_frame=2620 measured_frame=3080 baseline_generation=1496 field_generation=1829 latency_class=FULL_RESET sample_before=10 sample_after=11 ready_mask=7 build_in_flight=false status=PASS
[17:39:29] [Render thread/INFO] (metallum) [GI_G2] accepted=5456 stale=112 outside=0 capacityRejected=0 discarded=0 residentTags=1418 activeCandidates=0 peakCandidates=22 peakCandidateBytes=346896
[17:39:29] [Render thread/INFO] (ChunkBuilder) Stopping worker threads
[17:39:29] [Render thread/INFO] (ChunkBuilder) Started 4 worker threads
[17:39:29] [Render thread/INFO] (metallum) [GI_G2] accepted-output semantic capture active for minecraft:overworld
[17:39:29] [Render thread/INFO] (metallum) [GI_G2] accepted=5456 stale=112 outside=0 capacityRejected=0 discarded=0 residentTags=0 activeCandidates=0 peakCandidates=22 peakCandidateBytes=346896
[17:39:29] [Render thread/INFO] (ChunkBuilder) Stopping worker threads
[17:39:29] [Render thread/INFO] (ChunkBuilder) Started 4 worker threads
[17:39:29] [Render thread/INFO] (metallum) [GI_G2] accepted-output semantic capture active for minecraft:overworld
[17:39:29] [Render thread/INFO] (metallum) METALLUM_BENCHMARK EVENT=GI_G6_MATRIX_EVENT route=hdrtest-gi-g6-matrix-v1 action=OVERWORLD_RETURN requested_frame=3090 measured_frame=3093 status=PASS
[17:39:32] [Render thread/INFO] (metallum) L6 local shadows: active=true, descriptors=306/snapshot=306, READY=33, STALE=3, APPROXIMATE=270, BUILDING=0, FAIL_CLOSED=0, cachedEdges=8:18/16:2/32:5/64:11, cacheCovered=40, coverageLimited=266, residents=35, pendingBuilds=3, pendingUploads=0 (1585152 bytes), capacityBlocked=0, capacityWaitSkips=64, retryBackoff=2, uploads=2 (24576 bytes), proxies=16/16, maxSteps=96, dynamic=1/1/0 candidates/selected/dropped, held=true, dispatches=1, rays=6144, ready=1, fallback=0, coverageMiss=0, transitions=0->0, failures=0, pages=196608 bytes
[17:39:32] [Render thread/INFO] (metallum) METALLUM_L6_DYNAMIC candidates=1 selected=1 dropped=0 held=true dispatches=1 rays=6144 ready=1 fallback=0 coverage_miss=0 static_to_dynamic=0 dynamic_to_static=0 failures=0 pages_bytes=196608
[17:39:33] [Render thread/INFO] (metallum) METALLUM_BENCHMARK EVENT=GI_G6_MATRIX_RECOVERY route=hdrtest-gi-g6-matrix-v1 action=NETHER_RETURN requested_frame=3090 measured_frame=3240 baseline_generation=1849 field_generation=2003 latency_class=FULL_RESET sample_before=11 sample_after=12 ready_mask=7 build_in_flight=false status=PASS
[17:39:43] [Render thread/INFO] (metallum) L6 local shadows: active=true, descriptors=567/snapshot=567, READY=40, STALE=0, APPROXIMATE=527, BUILDING=0, FAIL_CLOSED=0, cachedEdges=8:20/16:2/32:5/64:13, cacheCovered=40, coverageLimited=527, residents=39, pendingBuilds=0, pendingUploads=0 (0 bytes), capacityBlocked=0, capacityWaitSkips=64, retryBackoff=0, uploads=0 (0 bytes), proxies=16/16, maxSteps=96, dynamic=1/1/0 candidates/selected/dropped, held=true, dispatches=1, rays=6144, ready=1, fallback=0, coverageMiss=0, transitions=0->0, failures=0, pages=196608 bytes
[17:39:43] [Render thread/INFO] (metallum) METALLUM_L6_DYNAMIC candidates=1 selected=1 dropped=0 held=true dispatches=1 rays=6144 ready=1 fallback=0 coverage_miss=0 static_to_dynamic=0 dynamic_to_static=0 failures=0 pages_bytes=196608
[17:39:45] [Render thread/INFO] (metallum) METALLUM_BENCHMARK EVENT=MEASURE_END index=1 mode=OFF presented_frame=5400
[17:39:45] [Server thread/INFO] (metallum) METALLUM_BENCHMARK_DEBUG at=start level_exists=true player_exists=true server_dim=minecraft:overworld server_paused=false ticks=3399 stageFrames=175 server_frozen=true client_ready=true
[17:39:45] [Render thread/INFO] (metallum) METALLUM_BENCHMARK EVENT=ROUTE_CHECK event=MEASURE_END route=hdrtest-gi-g6-matrix-v1 status=ready
[17:39:45] [Render thread/INFO] (metallum) METALLUM_BENCHMARK EVENT=GI_G6_MATRIX_FINAL route=hdrtest-gi-g6-matrix-v1 receipts=511 orbit_field_stable=true queue_converged=true accounted_delta=0 status=PASS contract=6
[17:39:45] [Render thread/INFO] (metallum) METALLUM_BENCHMARK EVENT=GI_G6_FINAL state=READY device_generation=1 admission_emitted=true admission_device_generation=1 ready_mask=7 build_in_flight=false field_generation=2051 source_tick=5434 stale=0 rejected=0 latest_terrain_device_generation=1 latest_terrain_submit=5771 latest_bind_status=1 latest_carrier_safe=true latest_frame_compatible=true latest_ready_mask=7 latest_exact_mask_nonzero=true latest_field_generation=2051 latest_source_tick=5434 combined_accounted_bytes=24637728 cap_bytes=25165824 block_samples=78 block_p95_submits=1 block_p99_submits=1 block_sla=true static_samples=661 static_p95_submits=1 static_p99_submits=2 static_sla=true scroll_samples=8 scroll_p95_submits=12 scroll_p99_submits=12 scroll_sla=true reset_samples=12 reset_p95_submits=20 reset_p99_submits=20 reset_sla=true queue_queued=24604 queue_completed=6859 queue_discarded=17745 queue_pending=0 queue_in_flight=0 queue_algebra=true measurement_start_bytes=24637728 accounted_delta=0 readback_bytes=0 status=PASS contract=6
[17:39:45] [Render thread/INFO] (metallum) METALLUM_BENCHMARK EVENT=COMPLETE segments=1 measured_frames=3600 framebuffer=3024x1964
[17:39:45] [Server thread/INFO] (metallum) METALLUM_BENCHMARK EVENT=SURVIVAL_GUARD_RESTORED player=b07a402a-d8ea-354f-9398-aaf208a798b9 health=20.0
[17:39:45] [Render thread/INFO] (Minecraft) Stopping!
[17:39:45] [Server thread/INFO] (Minecraft) Stopping server
[17:39:45] [Server thread/INFO] (Minecraft) Saving players
[17:39:45] [Server thread/INFO] (Minecraft) MetallumBench lost connection: Disconnected
[17:39:45] [Server thread/INFO] (Minecraft) MetallumBench left the game
[17:39:45] [Server thread/INFO] (Minecraft) Stopping singleplayer server as player logged out
[17:39:45] [Server thread/INFO] (Minecraft) Saving worlds
[17:39:45] [Server thread/INFO] (Minecraft) Saving chunks for level 'ServerLevel[world]'/minecraft:overworld
[17:39:46] [Server thread/INFO] (Minecraft) Saving chunks for level 'ServerLevel[world]'/minecraft:the_end
[17:39:46] [Server thread/INFO] (Minecraft) Saving chunks for level 'ServerLevel[world]'/minecraft:the_nether
[17:39:46] [Server thread/INFO] (Minecraft) ThreadedAnvilChunkStorage (world): All chunks are saved
[17:39:46] [Server thread/INFO] (Minecraft) ThreadedAnvilChunkStorage (DIM1): All chunks are saved
[17:39:46] [Server thread/INFO] (Minecraft) ThreadedAnvilChunkStorage (DIM-1): All chunks are saved
[17:39:46] [Server thread/INFO] (Minecraft) ThreadedAnvilChunkStorage: All dimensions are saved
[17:39:46] [Render thread/INFO] (metallum) [GI_G2] accepted=6236 stale=112 outside=0 capacityRejected=0 discarded=0 residentTags=780 activeCandidates=0 peakCandidates=22 peakCandidateBytes=346896
[17:39:46] [Render thread/INFO] (ChunkBuilder) Stopping worker threads
