Picked up JAVA_TOOL_OPTIONS: 
To honour the JVM settings for this build a single-use Daemon process will be forked. For more on this, please refer to https://docs.gradle.org/9.4.1/userguide/gradle_daemon.html#sec:disabling_the_daemon in the Gradle documentation.
Daemon will be stopped at the end of the build 

> Configure project :
Fabric Loom: 1.16.3

> Task :compileJava UP-TO-DATE
> Task :buildMacNative UP-TO-DATE
> Task :compileClearMetal UP-TO-DATE
> Task :compileClusterBuildMetal UP-TO-DATE
> Task :compileDynamicVoxelShadowMetal UP-TO-DATE
> Task :compileEntityMotionMetal UP-TO-DATE
> Task :compileGiFieldMetal UP-TO-DATE
> Task :compileGiTransportMetal UP-TO-DATE
> Task :compileHdrEffectsMetal UP-TO-DATE
> Task :compilePresentMetal UP-TO-DATE
> Task :compileRadianceClipmapMetal UP-TO-DATE
> Task :compileSodiumLightPatchMetal UP-TO-DATE
> Task :compileTemporalDiagnosticsMetal UP-TO-DATE
> Task :compileVoxelOccupancyMetal UP-TO-DATE
> Task :linkMacBuiltinMetallib UP-TO-DATE
> Task :processResources UP-TO-DATE
> Task :classes UP-TO-DATE
> Task :generateLog4jConfig UP-TO-DATE
> Task :generateDLIConfig UP-TO-DATE
> Task :configureLaunch UP-TO-DATE
> Task :downloadAssets UP-TO-DATE
> Task :configureClientLaunch UP-TO-DATE

> Task :runClient
Picked up JAVA_TOOL_OPTIONS: 
[17:40:23] [main/INFO] (FabricLoader/GameProvider) Loading Minecraft 26.2 with Fabric Loader 0.19.3
[17:40:23] [main/INFO] (FabricLoader/Mappings) Mappings not present!
[17:40:23] [main/INFO] (FabricLoader) Loading 15 mods:
	- fabricloader 0.19.3
	- java 25
	- metallum 0.0.21
	- minecraft 26.2
	- mixinextras 0.5.4
	- sodium 0.9.1+mc26.2
	   |-- fabric-api-base 2.0.4+ece063239c
	   |-- fabric-block-getter-api-v2 2.0.7+ec56b6019c
	   |-- fabric-lifecycle-events-v1 4.1.3+4575b05f9c
	   |-- fabric-renderer-api-v1 14.0.1+eec4cc519c
	   |-- fabric-rendering-fluids-v1 6.0.4+06488ac19c
	   |-- fabric-rendering-v1 25.1.6+46a6d00c9c
	   |-- fabric-resource-loader-v0 3.3.20+4fc5413f9c
	   |-- fabric-resource-loader-v1 2.0.13+9edec1269c
	   \-- fabric-transitive-access-wideners-v1 8.1.3+e098252d9c
[17:40:23] [main/INFO] (FabricLoader/Mixin) SpongePowered MIXIN Subsystem Version=0.8.7 Source=file:/Users/sergejgenerozov/.gradle/caches/modules-2/files-2.1/net.fabricmc/sponge-mixin/0.17.3+mixin.0.8.7/41c4a3984a80f4679e759fb9f495587acc5cdac7/sponge-mixin-0.17.3+mixin.0.8.7.jar Service=Knot/Fabric Env=CLIENT
[17:40:23] [main/INFO] (FabricLoader/Mixin) Compatibility level set to JAVA_17
[17:40:23] [main/INFO] (FabricLoader/Mixin) Compatibility level set to JAVA_25
[17:40:23] [main/INFO] (Sodium) Loaded configuration file for Sodium: 36 options available, 0 override(s) found
[17:40:23] [main/INFO] (metallum) [GI_G2] mixin gate requested=true exact_versions=true enabled=true
[17:40:24] [main/INFO] (Sodium-GraphicsAdapterProbe) Searching for graphics cards...
[17:40:24] [main/INFO] (FabricLoader/MixinExtras|Service) Initializing MixinExtras via com.llamalad7.mixinextras.service.MixinExtrasServiceImpl(version=0.5.4).
[17:40:25] [Datafixer Bootstrap #0/INFO] (Minecraft) 295 Datafixer optimizations took 224 milliseconds
[17:40:26] [main/WARN] (MacOperatingSystem) Unable to parse version 27.0 to a codename.
[17:40:29] [Render thread/INFO] (Minecraft) Environment: Environment[sessionHost=https://sessionserver.mojang.com, servicesHost=https://api.minecraftservices.com, profilesHost=https://api.mojang.com, name=PROD]
[17:40:29] [Render thread/INFO] (Minecraft) Setting user: MetallumBench
[17:40:29] [Render thread/INFO] (Minecraft) Backend library: LWJGL version 3.4.1-snapshot
[17:40:30] [Render thread/INFO] (metallum) Metal device: Apple M1 Pro
2026-08-31 17:40:31.149 java[48556:2625013] [metallum] Precompiled Metal library ready in 0.223 ms (34 functions)
2026-08-31 17:40:31.150 java[48556:2625013] [metallum] Built-in Metal pipeline warmup: mode PRECOMPILED, library 0.223 ms, pipelines 0.643 ms, PSOs 5, cache 5 hit / 5 miss, source compiles 0 (0.000 ms), failures 0
[17:40:31] [Render thread/INFO] (metallum) Semantic HDR shaders: enabled (configured mode SCENE, potential EDR headroom 16.0)
[17:40:31] [Render thread/INFO] (metallum) Configured HDR mode: SCENE, FP16 scene path: enabled
[17:40:31] [Render thread/INFO] (metallum) MetalFX spatial scaling support: available
[17:40:31] [Render thread/INFO] (metallum) MetalFX temporal scaling support: available
[17:40:31] [Render thread/INFO] (metallum) Temporal camera-motion diagnostics: disabled
[17:40:31] [Render thread/INFO] (metallum) Renderer generation request: contract=METALLUM, lighting=ADVANCED, preset=BALANCED, frameInterpolation=false (production executor Metal 3)
[17:40:31] [Render thread/INFO] (Minecraft) Using graphics backend Metal, using drivers: macOS 27.0
[17:40:31] [Render thread/INFO] (Minecraft) Using graphics device: Apple M1 Pro (Apple)
[17:40:31] [Render thread/INFO] (Minecraft) Using graphics device extensions: CAMetalLayer, MTLDevice
[17:40:31] [Yggdrasil Key Fetcher/ERROR] (Minecraft) Failed to request yggdrasil public key

com.mojang.authlib.exceptions.MinecraftClientException: Failed to read from https://api.minecraftservices.com/publickeys due to Remote host terminated the handshake
	at knot//com.mojang.authlib.minecraft.client.MinecraftClient.readServiceResponse(MinecraftClient.java:151)
	at knot//com.mojang.authlib.minecraft.client.MinecraftClient.getWithEtag(MinecraftClient.java:81)
	at knot//com.mojang.authlib.minecraft.client.MinecraftClient.get(MinecraftClient.java:65)
	at knot//com.mojang.authlib.yggdrasil.YggdrasilServicesKeyInfo.fetch(YggdrasilServicesKeyInfo.java:114)
	at knot//com.mojang.authlib.yggdrasil.YggdrasilServicesKeyInfo$1.run(YggdrasilServicesKeyInfo.java:89)
	at java.base/java.util.concurrent.Executors$RunnableAdapter.call(Executors.java:545)
	at java.base/java.util.concurrent.FutureTask.run(FutureTask.java:328)
	at java.base/java.util.concurrent.ScheduledThreadPoolExecutor$ScheduledFutureTask.run(ScheduledThreadPoolExecutor.java:309)
	at java.base/java.util.concurrent.ThreadPoolExecutor.runWorker(ThreadPoolExecutor.java:1090)
	at java.base/java.util.concurrent.ThreadPoolExecutor$Worker.run(ThreadPoolExecutor.java:614)
	at java.base/java.lang.Thread.run(Thread.java:1474)
Caused by: javax.net.ssl.SSLHandshakeException: Remote host terminated the handshake
	at java.base/sun.security.ssl.SSLSocketImpl.handleEOF(SSLSocketImpl.java:1716)
	at java.base/sun.security.ssl.SSLSocketImpl.decode(SSLSocketImpl.java:1514)
	at java.base/sun.security.ssl.SSLSocketImpl.readHandshakeRecord(SSLSocketImpl.java:1421)
	at java.base/sun.security.ssl.SSLSocketImpl.startHandshake(SSLSocketImpl.java:455)
	at java.base/sun.security.ssl.SSLSocketImpl.startHandshake(SSLSocketImpl.java:426)
	at java.base/sun.net.www.protocol.https.HttpsClient.afterConnect(HttpsClient.java:483)
	at java.base/sun.net.www.protocol.https.AbstractDelegateHttpsURLConnection.connect(AbstractDelegateHttpsURLConnection.java:187)
	at java.base/sun.net.www.protocol.http.HttpURLConnection.getInputStream0(HttpURLConnection.java:1377)
	at java.base/sun.net.www.protocol.http.HttpURLConnection.getInputStream(HttpURLConnection.java:1302)
	at java.base/java.net.HttpURLConnection.getResponseCode(HttpURLConnection.java:493)
	at java.base/sun.net.www.protocol.https.HttpsURLConnectionImpl.getResponseCode(HttpsURLConnectionImpl.java:307)
	at knot//com.mojang.authlib.minecraft.client.MinecraftClient.readServiceResponse(MinecraftClient.java:130)
	... 10 more
Caused by: java.io.EOFException: SSL peer shut down incorrectly
	at java.base/sun.security.ssl.SSLSocketInputRecord.read(SSLSocketInputRecord.java:494)
	at java.base/sun.security.ssl.SSLSocketInputRecord.readHeader(SSLSocketInputRecord.java:483)
	at java.base/sun.security.ssl.SSLSocketInputRecord.decode(SSLSocketInputRecord.java:160)
	at java.base/sun.security.ssl.SSLTransport.decode(SSLTransport.java:111)
	at java.base/sun.security.ssl.SSLSocketImpl.decode(SSLSocketImpl.java:1506)
	... 20 more
[17:40:32] [Render thread/INFO] (metallum) MainTarget scene contract: METALLUM_HDR_ACTUAL_RADIANCE, format: RGBA16_FLOAT
[17:40:32] [Render thread/INFO] (Minecraft) Reloading ResourceManager: vanilla, fabric-api-base, fabric-block-getter-api-v2, fabric-lifecycle-events-v1, fabric-renderer-api-v1, fabric-rendering-fluids-v1, fabric-rendering-v1, fabric-resource-loader-v0, fabric-resource-loader-v1, fabric-transitive-access-wideners-v1, fabricloader, metallum, sodium
[17:40:33] [Download-2/INFO] (Minecraft) Could not authorize you against Realms server: java.lang.RuntimeException: Failed to parse into SignedJWT: FabricMC
[17:40:33] [Render thread/INFO] (metallum) Semantic HDR enhancement is active with current EDR headroom 1.2000002
[17:40:33] [Render thread/INFO] (metallum) Metal output: ENHANCED (current EDR headroom 1.2000002, potential 16.0)
[17:40:33] [Render thread/WARN] (metallum) Renderer generation request resolved with fallback [MATERIAL_CONTRACT_UNAVAILABLE]: contract=LEGACY, lighting=VANILLA, output=HDR, upscale=NATIVE, interpolation=OFF
[17:40:33] [Render thread/INFO] (metallum) Seeded SDR GUI target is active (RGBA8_UNORM)
[17:40:33] [Worker-Main-4/INFO] (Minecraft) Found unifont_pua-17.0.01.hex, loading
[17:40:33] [Worker-Main-2/INFO] (Minecraft) Found unifont_all_no_pua-17.0.01.hex, loading
[17:40:33] [Worker-Main-7/INFO] (Minecraft) Found unifont_jp_patch-17.0.01.hex, loading
[17:40:43] [Render thread/INFO] (metallum) Linear scene shader preflight active: all required Minecraft 26.2 and Sodium scene shaders passed preflight
[17:40:43] [Render thread/INFO] (metallum) METALLUM material contract active: all Minecraft 26.2 and Sodium material roles passed source and PSO preflight
[17:40:43] [Render thread/INFO] (metallum) Advanced shader generation active: Minecraft 26.2 and Sodium 0.9.1 Advanced terrain/entity/end-portal sources passed preflight
[17:40:46] [Render thread/INFO] (Minecraft) OpenAL initialized on device Динамики MacBook Pro
[17:40:46] [Render thread/INFO] (Minecraft) Sound engine started
[17:40:46] [Render thread/INFO] (Minecraft) Created: 512x256x0 minecraft:textures/atlas/particles.png-atlas
[17:40:46] [Render thread/INFO] (Minecraft) Created: 128x128x0 minecraft:textures/atlas/decorated_pot.png-atlas
[17:40:46] [Render thread/INFO] (Minecraft) Created: 2048x1024x0 minecraft:textures/atlas/armor_trims.png-atlas
[17:40:46] [Render thread/INFO] (Minecraft) Created: 512x256x0 minecraft:textures/atlas/paintings.png-atlas
[17:40:46] [Render thread/INFO] (Minecraft) Created: 1024x512x0 minecraft:textures/atlas/shield_patterns.png-atlas
[17:40:46] [Render thread/INFO] (Minecraft) Created: 4096x2048x4 minecraft:textures/atlas/blocks.png-atlas
[17:40:46] [Render thread/INFO] (metallum) Loaded 1269 partial emissive terrain texture overlays
[17:40:46] [Render thread/INFO] (Minecraft) Created: 512x512x0 minecraft:textures/atlas/chest.png-atlas
[17:40:46] [Render thread/INFO] (Minecraft) Created: 256x128x0 minecraft:textures/atlas/celestials.png-atlas
[17:40:46] [Render thread/INFO] (Minecraft) Created: 1024x512x0 minecraft:textures/atlas/banner_patterns.png-atlas
[17:40:47] [Render thread/INFO] (Minecraft) Created: 1024x512x0 minecraft:textures/atlas/items.png-atlas
[17:40:47] [Render thread/INFO] (Minecraft) Created: 1024x1024x0 minecraft:textures/atlas/gui.png-atlas
[17:40:47] [Render thread/INFO] (Minecraft) Created: 128x64x0 minecraft:textures/atlas/map_decorations.png-atlas
[17:40:47] [Render thread/INFO] (Minecraft) Created: 512x512x0 minecraft:textures/atlas/shulker_boxes.png-atlas
[17:40:47] [Render thread/INFO] (metallum) Built face-aware water-reflection appearance for 30989 block states (0 fallbacks)
[17:40:47] [Render thread/INFO] (metallum) Renderer generation admitted: contract=METALLUM, lighting=ADVANCED, output=HDR, upscale=NATIVE, interpolation=OFF
[17:40:49] [Render thread/INFO] (Minecraft) Loaded 1585 recipes
[17:40:49] [Render thread/INFO] (Minecraft) Loaded 1688 advancements
[17:40:49] [Server thread/INFO] (Minecraft) Starting integrated minecraft server version 26.2
[17:40:49] [Server thread/INFO] (Minecraft) Generating keypair
[17:40:49] [Server thread/INFO] (Minecraft) Loading 0 persistent chunks...
[17:40:49] [Server thread/INFO] (Minecraft) Saving chunks for level 'ServerLevel[world]'/minecraft:overworld
[17:40:49] [Server thread/INFO] (Minecraft) Saving chunks for level 'ServerLevel[world]'/minecraft:the_end
[17:40:49] [Server thread/INFO] (Minecraft) Saving chunks for level 'ServerLevel[world]'/minecraft:the_nether
[17:40:49] [Server thread/INFO] (Minecraft) ThreadedAnvilChunkStorage (world): All chunks are saved
[17:40:49] [Server thread/INFO] (Minecraft) ThreadedAnvilChunkStorage (DIM1): All chunks are saved
[17:40:49] [Server thread/INFO] (Minecraft) ThreadedAnvilChunkStorage (DIM-1): All chunks are saved
[17:40:49] [Server thread/INFO] (Minecraft) ThreadedAnvilChunkStorage: All dimensions are saved
[17:40:50] [Server thread/INFO] (Minecraft) Loading 49 chunks for player spawn...
[17:40:50] [Server thread/INFO] (Minecraft) Preparing spawn area: 16%
[17:40:50] [Server thread/INFO] (Minecraft) Preparing spawn area: 16%
[17:40:50] [Server thread/INFO] (Minecraft) Time elapsed: 981 ms
[17:40:50] [Server thread/INFO] (Minecraft) MetallumBench[local:E:35d0a0e3] logged in with entity id 101 at (86.1241372798128, 74.0, -95.57730763953901)
[17:40:50] [Server thread/INFO] (Minecraft) MetallumBench joined the game
[17:40:50] [Server thread/INFO] (Minecraft) Changing view distance to 16, from 10
[17:40:50] [Server thread/INFO] (Minecraft) Changing simulation distance to 12, from 0
[17:40:51] [Render thread/INFO] (ChunkBuilder) Started 4 worker threads
[17:40:51] [Render thread/INFO] (metallum) [GI_G2] accepted-output semantic capture active for minecraft:overworld
[17:40:51] [Render thread/INFO] (metallum) METALLUM_BENCHMARK EVENT=ARMED scope=Built-in Retina Display target=3024x1964 warmup=1800 measure=3000 sequence=[OFF] route=hdrtest-torch-toggle-v1
[17:40:51] [Render thread/WARN] (Minecraft) Ignoring chat session from MetallumBench due to missing Services public key
[17:40:51] [Render thread/INFO] (Minecraft) Loaded 2 advancements
[17:40:51] [Server thread/INFO] (metallum) METALLUM_BENCHMARK EVENT=SURVIVAL_GUARD_APPLIED player=b07a402a-d8ea-354f-9398-aaf208a798b9 original_health=20.0
[17:40:51] [Render thread/INFO] (metallum) METALLUM_BENCHMARK EVENT=MONITOR handle=507037391232 name=Built-in Retina Display modes=[1920x1200@48, 1920x1200@50, 1920x1200@60, 1920x1200@120, 2048x1280@48, 2048x1280@50, 2048x1280@60, 2048x1280@120, 2048x1330@48, 2048x1330@50, 2048x1330@60, 2048x1330@120, 2294x1432@48, 2294x1432@50, 2294x1432@60, 2294x1432@120, 2294x1490@48, 2294x1490@50, 2294x1490@60, 2294x1490@120, 2560x1600@48, 2560x1600@50, 2560x1600@60, 2560x1600@120, 2704x1690@48, 2704x1690@50, 2704x1690@60, 2704x1690@120, 2704x1756@48, 2704x1756@50, 2704x1756@60, 2704x1756@120, 3024x1890@48, 3024x1890@50, 3024x1890@60, 3024x1890@120, 3024x1964@48, 3024x1964@50, 3024x1964@60, 3024x1964@120]
[17:40:51] [Render thread/INFO] (metallum) [GI_G2] accepted=0 stale=0 outside=0 capacityRejected=0 discarded=0 residentTags=0 activeCandidates=0 peakCandidates=0 peakCandidateBytes=0
[17:40:51] [Render thread/INFO] (ChunkBuilder) Stopping worker threads
[17:40:51] [Render thread/INFO] (ChunkBuilder) Started 4 worker threads
[17:40:51] [Render thread/INFO] (metallum) [GI_G2] accepted-output semantic capture active for minecraft:overworld
[17:40:51] [Render thread/INFO] (Minecraft) Resizing Dynamic Transforms UBO, capacity limit of 2 reached during a single frame. New capacity will be 4.
[17:40:51] [Render thread/INFO] (metallum) METALLUM_BENCHMARK EVENT=MOVE_WINDOW monitor=3024x1964@120 (24bit) workarea=0,33 1512x949
[17:40:51] [Render thread/INFO] (Minecraft) Resizing Dynamic Transforms UBO, capacity limit of 4 reached during a single frame. New capacity will be 8.
[17:40:51] [Render thread/INFO] (Minecraft) Resizing Dynamic Transforms UBO, capacity limit of 8 reached during a single frame. New capacity will be 16.
[17:40:52] [Download-2/ERROR] (Minecraft) Failed to retrieve profile key pair

MinecraftClientHttpException[type=HTTP_ERROR, status=401, response=ErrorResponse[path=/player/certificates, error=null, errorMessage=null, details=null]]
	at knot//com.mojang.authlib.minecraft.client.MinecraftClient.buildHttpException(MinecraftClient.java:170)
	at knot//com.mojang.authlib.minecraft.client.MinecraftClient.readServiceResponse(MinecraftClient.java:147)
	at knot//com.mojang.authlib.minecraft.client.MinecraftClient.post(MinecraftClient.java:89)
	at knot//com.mojang.authlib.yggdrasil.YggdrasilUserApiService.getKeyPair(YggdrasilUserApiService.java:62)
	at knot//net.minecraft.client.multiplayer.AccountProfileKeyPairManager.fetchProfileKeyPair(AccountProfileKeyPairManager.java:144)
	at knot//net.minecraft.client.multiplayer.AccountProfileKeyPairManager.lambda$readOrFetchProfileKeyPair$0(AccountProfileKeyPairManager.java:75)
	at java.base/java.util.concurrent.CompletableFuture$AsyncSupply.run(CompletableFuture.java:1789)
	at java.base/java.util.concurrent.ThreadPoolExecutor.runWorker(ThreadPoolExecutor.java:1090)
	at java.base/java.util.concurrent.ThreadPoolExecutor$Worker.run(ThreadPoolExecutor.java:614)
	at java.base/java.lang.Thread.run(Thread.java:1474)
[17:40:52] [Render thread/INFO] (metallum) METALLUM_BENCHMARK EVENT=WINDOW_READY monitor=Built-in Retina Display video_mode=3024x1964@120 (24bit) framebuffer=3024x1964 window=3024x1964 screen=3024x1964
[17:40:52] [Server thread/INFO] (metallum) METALLUM_BENCHMARK_DEBUG at=start level_exists=true player_exists=true server_dim=minecraft:overworld server_paused=false ticks=26 stageFrames=1 server_frozen=true client_ready=true
[17:40:52] [Server thread/INFO] (metallum) METALLUM_BENCHMARK_DEBUG before_teleport player_dim=minecraft:overworld
[17:40:52] [Server thread/INFO] (metallum) METALLUM_BENCHMARK_DEBUG after_teleport player_dim=minecraft:overworld teleported=true
[17:40:52] [Render thread/INFO] (metallum) METALLUM_BENCHMARK EVENT=ROUTE_APPLY route=hdrtest-torch-toggle-v1 fixture=hdrtest-static-v1 player=MetallumBench/b07a402a-d8ea-354f-9398-aaf208a798b9 dimension=minecraft:overworld
[17:40:52] [Render thread/INFO] (metallum) METALLUM_BENCHMARK EVENT=SERVER_TICKS_FROZEN
[17:40:52] [Server thread/INFO] (metallum) METALLUM_BENCHMARK_DEBUG at=start level_exists=true player_exists=true server_dim=minecraft:overworld server_paused=false ticks=32 stageFrames=5 server_frozen=true client_ready=true
[17:40:52] [Chunk Render Task Executor #2/INFO] (metallum) Sodium semantic HDR emission tagging is active (strength 15, exact true)
[17:40:55] [Render thread/INFO] (metallum) Native-resolution HDR fast path is active: fused HDR reconstruction and SDR UI seed, lightweight final composite
[17:40:55] [Server thread/INFO] (metallum) METALLUM_BENCHMARK_DEBUG at=start level_exists=true player_exists=true server_dim=minecraft:overworld server_paused=false ticks=97 stageFrames=36 server_frozen=true client_ready=true
[17:40:56] [Server thread/INFO] (metallum) METALLUM_BENCHMARK_DEBUG at=start level_exists=true player_exists=true server_dim=minecraft:overworld server_paused=false ticks=108 stageFrames=67 server_frozen=true client_ready=true
[17:40:56] [Server thread/INFO] (metallum) METALLUM_BENCHMARK_DEBUG at=start level_exists=true player_exists=true server_dim=minecraft:overworld server_paused=false ticks=117 stageFrames=98 server_frozen=true client_ready=true
[17:40:56] [Render thread/INFO] (metallum) METALLUM_BENCHMARK_DEBUG waiting_for_route mismatch client=null server=null stable_frames=19 target_stable_frames=120
[17:40:57] [Server thread/INFO] (metallum) METALLUM_BENCHMARK_DEBUG at=start level_exists=true player_exists=true server_dim=minecraft:overworld server_paused=false ticks=132 stageFrames=129 server_frozen=true client_ready=true
[17:40:57] [Render thread/INFO] (metallum) L6 local shadows: active=true, descriptors=25/snapshot=25, READY=18, STALE=0, APPROXIMATE=7, BUILDING=0, FAIL_CLOSED=0, cachedEdges=8:0/16:2/32:4/64:12, cacheCovered=25, coverageLimited=0, residents=18, pendingBuilds=1, pendingUploads=0 (12288 bytes), capacityBlocked=0, capacityWaitSkips=0, retryBackoff=6, uploads=0 (0 bytes), proxies=16/16, maxSteps=96, dynamic=0/0/0 candidates/selected/dropped, held=false, dispatches=0, rays=0, ready=0, fallback=0, coverageMiss=0, transitions=0->0, failures=0, pages=0 bytes
[17:40:57] [Render thread/INFO] (metallum) METALLUM_L6_DYNAMIC candidates=0 selected=0 dropped=0 held=false dispatches=0 rays=0 ready=0 fallback=0 coverage_miss=0 static_to_dynamic=0 dynamic_to_static=0 failures=0 pages_bytes=0
2026-08-31 17:40:57.850 java[48556:2625467] [metallum] GPU timing (startup segment -1, 300 presented frames, 12.3 FPS): presenting command buffer 11.117 ms avg / 5.916 p50 / 37.813 p95 / 40.787 p99 / 92.876 max
  present pacing: 82.189 ms p95 / 812.475 ms p99, 0.2 FPS 1% low / 0.1 FPS 0.1% low
  per-stage counters: disabled (set METALLUM_GPU_TIMING_DETAIL=1 to enable intrusive detail)
  nextDrawable wait (CPU): 0.456 ms/frame avg, 29.621 ms max interval (300 waits)
  in-flight semaphore wait (CPU): 2.810 ms/frame avg, 23.082 ms max interval (3944 waits)
  command completion wait (CPU): n/a
[17:40:58] [Server thread/INFO] (metallum) METALLUM_BENCHMARK_DEBUG at=start level_exists=true player_exists=true server_dim=minecraft:overworld server_paused=false ticks=146 stageFrames=160 server_frozen=true client_ready=true
[17:40:58] [Server thread/INFO] (metallum) METALLUM_BENCHMARK_DEBUG at=start level_exists=true player_exists=true server_dim=minecraft:overworld server_paused=false ticks=162 stageFrames=191 server_frozen=true client_ready=true
[17:40:59] [Render thread/INFO] (metallum) METALLUM_BENCHMARK_DEBUG waiting_for_route mismatch client=null server=null stable_frames=71 target_stable_frames=120
[17:40:59] [Server thread/INFO] (metallum) METALLUM_BENCHMARK_DEBUG at=start level_exists=true player_exists=true server_dim=minecraft:overworld server_paused=false ticks=177 stageFrames=222 server_frozen=true client_ready=true
[17:41:00] [Render thread/INFO] (metallum) METALLUM_BENCHMARK EVENT=ADVANCED_ADMISSION expected=advanced schema=5 defaults_used=false requested=advanced resolved=advanced l3=true l5=true l6=true status=PASS generation=6 shader_epoch=5 reason=none
[17:41:00] [Render thread/INFO] (metallum) METALLUM_BENCHMARK EVENT=ROUTE_READY route=hdrtest-torch-toggle-v1 stable_frames=120 pose=[86.1241372798128,74.0,-95.57730763953901;155.397,13.2000065] max_fps=260 resolved_gui_scale=8 resource_packs=vanilla,fabric-api-base,fabric-block-getter-api-v2,fabric-lifecycle-events-v1,fabric-renderer-api-v1,fabric-rendering-fluids-v1,fabric-rendering-v1,fabric-resource-loader-v0,fabric-resource-loader-v1,fabric-transitive-access-wideners-v1,fabricloader,metallum,sodium
[17:41:00] [Render thread/INFO] (metallum) METALLUM_BENCHMARK EVENT=SEGMENT_START index=1 total=1 mode=OFF warmup=1800 measure=3000
[17:41:00] [Render thread/INFO] (metallum) METALLUM_BENCHMARK EVENT=GI_G6_ADMISSION requested=g6_live resolved=g6_live contract=6 state=READY device_generation=1 presented_frame=409 ready_mask=7 field_generation=297 source_tick=409 transport_dispatches=66 cascade_builds=20/15/31 invalidations=297 bindings=3774 zero_bindings=792 field_bindings=2982 resident_bytes=3276800 staging_bytes=524896 java_packet_bytes=1573656 combined_accounted_bytes=24637728 cap_bytes=25165824 dynamic=true vertex_only=true fragment_texture3d=0 stale=0 rejected=0 status=PASS
[17:41:05] [Render thread/INFO] (metallum) L6 local shadows: active=true, descriptors=167/snapshot=167, READY=35, STALE=0, APPROXIMATE=132, BUILDING=0, FAIL_CLOSED=0, cachedEdges=8:17/16:2/32:4/64:12, cacheCovered=35, coverageLimited=132, residents=35, pendingBuilds=0, pendingUploads=0 (0 bytes), capacityBlocked=0, capacityWaitSkips=0, retryBackoff=0, uploads=0 (0 bytes), proxies=16/16, maxSteps=96, dynamic=0/0/0 candidates/selected/dropped, held=false, dispatches=0, rays=0, ready=0, fallback=0, coverageMiss=0, transitions=0->0, failures=0, pages=0 bytes
[17:41:05] [Render thread/INFO] (metallum) METALLUM_L6_DYNAMIC candidates=0 selected=0 dropped=0 held=false dispatches=0 rays=0 ready=0 fallback=0 coverage_miss=0 static_to_dynamic=0 dynamic_to_static=0 failures=0 pages_bytes=0
2026-08-31 17:41:07.928 java[48556:2625467] [metallum] GPU timing (warmup segment 0, 300 presented frames, 39.5 FPS): presenting command buffer 27.526 ms avg / 27.508 p50 / 29.753 p95 / 30.471 p99 / 30.990 max
  present pacing: 29.036 ms p95 / 32.495 ms p99, 29.7 FPS 1% low / 29.1 FPS 0.1% low
  per-stage counters: disabled (set METALLUM_GPU_TIMING_DETAIL=1 to enable intrusive detail)
  nextDrawable wait (CPU): 0.295 ms/frame avg, 8.756 ms max interval (300 waits)
  in-flight semaphore wait (CPU): 18.811 ms/frame avg, 22.778 ms max interval (6610 waits)
  command completion wait (CPU): n/a
[17:41:12] [Render thread/INFO] (metallum) L6 local shadows: active=true, descriptors=318/snapshot=318, READY=38, STALE=0, APPROXIMATE=280, BUILDING=0, FAIL_CLOSED=0, cachedEdges=8:20/16:2/32:4/64:12, cacheCovered=38, coverageLimited=280, residents=38, pendingBuilds=0, pendingUploads=0 (0 bytes), capacityBlocked=0, capacityWaitSkips=0, retryBackoff=0, uploads=0 (0 bytes), proxies=16/16, maxSteps=96, dynamic=0/0/0 candidates/selected/dropped, held=false, dispatches=0, rays=0, ready=0, fallback=0, coverageMiss=0, transitions=0->0, failures=0, pages=0 bytes
[17:41:12] [Render thread/INFO] (metallum) METALLUM_L6_DYNAMIC candidates=0 selected=0 dropped=0 held=false dispatches=0 rays=0 ready=0 fallback=0 coverage_miss=0 static_to_dynamic=0 dynamic_to_static=0 failures=0 pages_bytes=0
2026-08-31 17:41:15.597 java[48556:2625496] [metallum] GPU timing (warmup segment 0, 300 presented frames, 39.1 FPS): presenting command buffer 28.625 ms avg / 27.743 p50 / 31.627 p95 / 46.482 p99 / 47.099 max
  present pacing: 29.514 ms p95 / 32.241 ms p99, 29.2 FPS 1% low / 28.2 FPS 0.1% low
  per-stage counters: disabled (set METALLUM_GPU_TIMING_DETAIL=1 to enable intrusive detail)
  nextDrawable wait (CPU): 0.280 ms/frame avg, 8.011 ms max interval (300 waits)
  in-flight semaphore wait (CPU): 18.490 ms/frame avg, 24.188 ms max interval (7505 waits)
  command completion wait (CPU): n/a
[17:41:20] [Render thread/INFO] (metallum) L6 local shadows: active=true, descriptors=565/snapshot=565, READY=38, STALE=0, APPROXIMATE=527, BUILDING=0, FAIL_CLOSED=0, cachedEdges=8:20/16:2/32:4/64:12, cacheCovered=38, coverageLimited=527, residents=38, pendingBuilds=0, pendingUploads=0 (0 bytes), capacityBlocked=0, capacityWaitSkips=0, retryBackoff=0, uploads=0 (0 bytes), proxies=16/16, maxSteps=96, dynamic=0/0/0 candidates/selected/dropped, held=false, dispatches=0, rays=0, ready=0, fallback=0, coverageMiss=0, transitions=0->0, failures=0, pages=0 bytes
[17:41:20] [Render thread/INFO] (metallum) METALLUM_L6_DYNAMIC candidates=0 selected=0 dropped=0 held=false dispatches=0 rays=0 ready=0 fallback=0 coverage_miss=0 static_to_dynamic=0 dynamic_to_static=0 failures=0 pages_bytes=0
2026-08-31 17:41:22.998 java[48556:2626206] [metallum] GPU timing (warmup segment 0, 300 presented frames, 40.6 FPS): presenting command buffer 26.888 ms avg / 26.675 p50 / 28.507 p95 / 29.261 p99 / 31.629 max
  present pacing: 26.877 ms p95 / 29.749 ms p99, 31.4 FPS 1% low / 30.2 FPS 0.1% low
  per-stage counters: disabled (set METALLUM_GPU_TIMING_DETAIL=1 to enable intrusive detail)
  nextDrawable wait (CPU): 0.286 ms/frame avg, 9.449 ms max interval (300 waits)
  in-flight semaphore wait (CPU): 19.230 ms/frame avg, 24.333 ms max interval (5868 waits)
  command completion wait (CPU): n/a
[17:41:27] [Render thread/INFO] (metallum) L6 local shadows: active=true, descriptors=565/snapshot=565, READY=38, STALE=0, APPROXIMATE=527, BUILDING=0, FAIL_CLOSED=0, cachedEdges=8:20/16:2/32:4/64:12, cacheCovered=38, coverageLimited=527, residents=38, pendingBuilds=0, pendingUploads=0 (0 bytes), capacityBlocked=0, capacityWaitSkips=0, retryBackoff=0, uploads=0 (0 bytes), proxies=16/16, maxSteps=96, dynamic=0/0/0 candidates/selected/dropped, held=false, dispatches=0, rays=0, ready=0, fallback=0, coverageMiss=0, transitions=0->0, failures=0, pages=0 bytes
[17:41:27] [Render thread/INFO] (metallum) METALLUM_L6_DYNAMIC candidates=0 selected=0 dropped=0 held=false dispatches=0 rays=0 ready=0 fallback=0 coverage_miss=0 static_to_dynamic=0 dynamic_to_static=0 failures=0 pages_bytes=0
2026-08-31 17:41:30.395 java[48556:2625467] [metallum] GPU timing (warmup segment 0, 300 presented frames, 40.6 FPS): presenting command buffer 26.896 ms avg / 26.684 p50 / 28.438 p95 / 29.318 p99 / 31.833 max
  present pacing: 26.169 ms p95 / 29.087 ms p99, 28.9 FPS 1% low / 24.9 FPS 0.1% low
  per-stage counters: disabled (set METALLUM_GPU_TIMING_DETAIL=1 to enable intrusive detail)
  nextDrawable wait (CPU): 0.249 ms/frame avg, 7.517 ms max interval (300 waits)
  in-flight semaphore wait (CPU): 19.616 ms/frame avg, 24.828 ms max interval (5700 waits)
  command completion wait (CPU): n/a
[17:41:35] [Render thread/INFO] (metallum) L6 local shadows: active=true, descriptors=565/snapshot=565, READY=38, STALE=0, APPROXIMATE=527, BUILDING=0, FAIL_CLOSED=0, cachedEdges=8:20/16:2/32:4/64:12, cacheCovered=38, coverageLimited=527, residents=38, pendingBuilds=0, pendingUploads=0 (0 bytes), capacityBlocked=0, capacityWaitSkips=0, retryBackoff=0, uploads=0 (0 bytes), proxies=16/16, maxSteps=96, dynamic=0/0/0 candidates/selected/dropped, held=false, dispatches=0, rays=0, ready=0, fallback=0, coverageMiss=0, transitions=0->0, failures=0, pages=0 bytes
[17:41:35] [Render thread/INFO] (metallum) METALLUM_L6_DYNAMIC candidates=0 selected=0 dropped=0 held=false dispatches=0 rays=0 ready=0 fallback=0 coverage_miss=0 static_to_dynamic=0 dynamic_to_static=0 failures=0 pages_bytes=0
2026-08-31 17:41:37.796 java[48556:2626206] [metallum] GPU timing (warmup segment 0, 300 presented frames, 40.5 FPS): presenting command buffer 26.898 ms avg / 26.702 p50 / 28.386 p95 / 28.966 p99 / 31.642 max
  present pacing: 26.669 ms p95 / 28.541 ms p99, 33.5 FPS 1% low / 31.5 FPS 0.1% low
  per-stage counters: disabled (set METALLUM_GPU_TIMING_DETAIL=1 to enable intrusive detail)
  nextDrawable wait (CPU): 0.317 ms/frame avg, 7.125 ms max interval (300 waits)
  in-flight semaphore wait (CPU): 19.700 ms/frame avg, 23.907 ms max interval (5700 waits)
  command completion wait (CPU): n/a
[17:41:42] [Render thread/INFO] (metallum) L6 local shadows: active=true, descriptors=565/snapshot=565, READY=38, STALE=0, APPROXIMATE=527, BUILDING=0, FAIL_CLOSED=0, cachedEdges=8:20/16:2/32:4/64:12, cacheCovered=38, coverageLimited=527, residents=38, pendingBuilds=0, pendingUploads=0 (0 bytes), capacityBlocked=0, capacityWaitSkips=0, retryBackoff=0, uploads=0 (0 bytes), proxies=16/16, maxSteps=96, dynamic=0/0/0 candidates/selected/dropped, held=false, dispatches=0, rays=0, ready=0, fallback=0, coverageMiss=0, transitions=0->0, failures=0, pages=0 bytes
[17:41:42] [Render thread/INFO] (metallum) METALLUM_L6_DYNAMIC candidates=0 selected=0 dropped=0 held=false dispatches=0 rays=0 ready=0 fallback=0 coverage_miss=0 static_to_dynamic=0 dynamic_to_static=0 failures=0 pages_bytes=0
[17:41:45] [Server thread/INFO] (metallum) METALLUM_BENCHMARK_DEBUG at=start level_exists=true player_exists=true server_dim=minecraft:overworld server_paused=false ticks=1088 stageFrames=248 server_frozen=true client_ready=true
[17:41:45] [Render thread/INFO] (metallum) METALLUM_BENCHMARK EVENT=ROUTE_CHECK event=MEASURE_START route=hdrtest-torch-toggle-v1 status=ready
[17:41:45] [Render thread/INFO] (metallum) METALLUM_BENCHMARK EVENT=VERTEX_REFLECTION_ADMISSION enabled=false state=OFF ready=false generation=3/0 origin=[0,0,0] sections=0/0/0 expected=0 invalidation=null quality_face_aware=true quality_first_surface=true quality_confidence=true
[17:41:45] [Render thread/INFO] (metallum) METALLUM_BENCHMARK EVENT=MEASURE_START index=1 mode=OFF presented_frame=1800
2026-08-31 17:41:45.220 java[48556:2625496] [metallum] GPU timing (warmup segment 0, 300 presented frames, 40.4 FPS): presenting command buffer 26.963 ms avg / 26.717 p50 / 28.602 p95 / 29.608 p99 / 32.088 max
  present pacing: 27.211 ms p95 / 32.071 ms p99, 30.8 FPS 1% low / 30.1 FPS 0.1% low
  per-stage counters: disabled (set METALLUM_GPU_TIMING_DETAIL=1 to enable intrusive detail)
  nextDrawable wait (CPU): 0.503 ms/frame avg, 8.977 ms max interval (300 waits)
  in-flight semaphore wait (CPU): 19.436 ms/frame avg, 23.410 ms max interval (5700 waits)
  command completion wait (CPU): n/a
[17:41:49] [Render thread/INFO] (metallum) L6 local shadows: active=true, descriptors=565/snapshot=565, READY=38, STALE=0, APPROXIMATE=527, BUILDING=0, FAIL_CLOSED=0, cachedEdges=8:20/16:2/32:4/64:12, cacheCovered=38, coverageLimited=527, residents=38, pendingBuilds=0, pendingUploads=0 (0 bytes), capacityBlocked=0, capacityWaitSkips=0, retryBackoff=0, uploads=0 (0 bytes), proxies=16/16, maxSteps=96, dynamic=0/0/0 candidates/selected/dropped, held=false, dispatches=0, rays=0, ready=0, fallback=0, coverageMiss=0, transitions=0->0, failures=0, pages=0 bytes
[17:41:49] [Render thread/INFO] (metallum) METALLUM_L6_DYNAMIC candidates=0 selected=0 dropped=0 held=false dispatches=0 rays=0 ready=0 fallback=0 coverage_miss=0 static_to_dynamic=0 dynamic_to_static=0 failures=0 pages_bytes=0
[17:41:52] [Render thread/INFO] (metallum) METALLUM_BENCHMARK EVENT=TORCH_EPOCH_BEGIN route=hdrtest-torch-toggle-v1 position=80,75,-112 measured_frame=300 observation_frames=300
[17:41:52] [Render thread/INFO] (metallum) METALLUM_BENCHMARK EVENT=TORCH_EPOCH_APPLIED route=hdrtest-torch-toggle-v1 position=80,75,-112 measured_frame=301 requested_frame=300
2026-08-31 17:41:52.642 java[48556:2625467] [metallum] GPU timing (measure segment 0, 300 presented frames, 40.6 FPS): presenting command buffer 26.884 ms avg / 26.655 p50 / 28.542 p95 / 29.286 p99 / 29.837 max
  present pacing: 27.104 ms p95 / 32.364 ms p99, 30.2 FPS 1% low / 29.7 FPS 0.1% low
  per-stage counters: disabled (set METALLUM_GPU_TIMING_DETAIL=1 to enable intrusive detail)
  nextDrawable wait (CPU): 0.380 ms/frame avg, 7.604 ms max interval (300 waits)
  in-flight semaphore wait (CPU): 19.639 ms/frame avg, 24.325 ms max interval (5699 waits)
  command completion wait (CPU): n/a
[17:41:56] [Render thread/INFO] (metallum) METALLUM_BENCHMARK EVENT=TORCH_EPOCH_REMOVED route=hdrtest-torch-toggle-v1 position=80,75,-112 measured_frame=451 requested_frame=450
[17:41:57] [Render thread/INFO] (metallum) L6 local shadows: active=true, descriptors=565/snapshot=565, READY=38, STALE=0, APPROXIMATE=527, BUILDING=0, FAIL_CLOSED=0, cachedEdges=8:20/16:2/32:4/64:12, cacheCovered=38, coverageLimited=527, residents=38, pendingBuilds=0, pendingUploads=0 (0 bytes), capacityBlocked=0, capacityWaitSkips=0, retryBackoff=0, uploads=0 (0 bytes), proxies=16/16, maxSteps=96, dynamic=0/0/0 candidates/selected/dropped, held=false, dispatches=0, rays=0, ready=0, fallback=0, coverageMiss=0, transitions=0->0, failures=0, pages=0 bytes
[17:41:57] [Render thread/INFO] (metallum) METALLUM_L6_DYNAMIC candidates=0 selected=0 dropped=0 held=false dispatches=0 rays=0 ready=0 fallback=0 coverage_miss=0 static_to_dynamic=0 dynamic_to_static=0 failures=0 pages_bytes=0
[17:42:00] [Render thread/INFO] (metallum) METALLUM_BENCHMARK EVENT=TORCH_EPOCH_COUNTERS epoch=1 requests=34/8 light_requests=24 geometry_or_unknown_requests=10 unique_light_sections=8 unique_geometry_or_unknown_sections=4 light_only_sections=4 mixed_cause_sections=4 light_scope_mismatches=0 light_scope_failures=0 tasks=14/7 outputs=16/8 accepted_mesh_payload_bytes=1101760 queue=3/0 busy=4/0 pending_results=7/0 max_pending_age_ns=73485375 errors=0 overflow=0
[17:42:00] [Render thread/INFO] (metallum) METALLUM_BENCHMARK EVENT=TORCH_EPOCH_SIDECAR epoch=1 configured=false active=false accepted_geometry_payload_bytes=1101760 in_place_outputs=0 unique_in_place_sections=0 in_place_geometry_bytes=0 in_place_mesh_commands=0 full_upload_geometry_bytes=1101760 target_section_output=true target_section_in_place=false produced_bytes=0 uploaded_bytes=0 upload_commands=0 resize_copy_bytes=0 resize_copy_commands=0 telemetry_fallbacks=0 companions=0 live_geometry_bytes=0 live_sidecar_bytes=0 peak_sidecar_bytes=0 patched_pipelines=0 runtime_fallbacks=0
[17:42:00] [Render thread/INFO] (metallum) METALLUM_BENCHMARK EVENT=TORCH_EPOCH_LIGHT_PATCH epoch=1 configured=false active=false compact_outputs=0 unique_compact_sections=0 geometry_bytes_elided=0 geometry_mesh_commands_elided=0 submitted_geometry_bytes=1101760 native_dispatches=0 native_mesh_commands=0 local_fallbacks=0 runtime_fallbacks=0 target_section_compact=false shadow_capacity_bytes=33554432 shadow_live_bytes=0 shadow_peak_bytes=0 resident_shadows=0 shadow_evictions=0 shadow_rejected_captures=0
[17:42:00] [Render thread/INFO] (metallum) METALLUM_BENCHMARK EVENT=TORCH_EPOCH_RELIGHT_ORACLE epoch=1 configured=false active=false tasks=0 light_only_tasks=0 captured_plans=0 captured_quads=0 replay_attempts=0 replay_matches=0 mismatched_tasks=0 byte_mismatches=0 static_shadow_mismatches=0 static_shadow_rejections=0 rejected_tasks=0 scope_failures=0 stale_candidates=0 discarded_candidates=0 published_candidates=0 errors=0 skipped_full_remeshes=0 cache_capacity_bytes=33554432 cache_live_bytes=0 cache_peak_bytes=0 resident_plans=0 pinned_leases=0 cache_evictions=0 oversized_rejections=0 pinned_pressure_rejections=0
[17:42:00] [Render thread/INFO] (metallum) METALLUM_BENCHMARK EVENT=TORCH_EPOCH_RELIGHT_FAST epoch=1 configured=false active=false decisions=0 created_outputs=0 fallback_to_original=0 cancelled=0 original_calls=0 accepted_outputs=0 stale_or_disposed=0 compact_commits=0 full_upload_commits=0 forced_rebuilds=0 generation_mismatches=0 topology_fallbacks=0 replay_fallbacks=0 reconstruction_fallbacks=0 created_geometry_bytes=0 errors=0
[17:42:00] [Render thread/INFO] (metallum) METALLUM_BENCHMARK EVENT=TORCH_EPOCH_END route=hdrtest-torch-toggle-v1 position=80,75,-112 measured_frame=600 rebuild_requests=34 unique_requested_sections=8 meshing_tasks=14 unique_meshed_sections=7 mesh_outputs=16 unique_uploaded_sections=8 accepted_mesh_payload_bytes=1101760 in_place_outputs=0 unique_in_place_sections=0 in_place_geometry_bytes=0 full_upload_geometry_bytes=1101760 target_section_output=true target_section_in_place=false max_builder_queue_depth=3 final_builder_queue_depth=0 max_busy_workers=4 final_busy_workers=0 max_pending_results=7 final_pending_results=0 max_pending_age_ns=73485375 telemetry_errors=0 telemetry_overflow=0
2026-08-31 17:42:00.430 java[48556:2625365] [metallum] GPU timing (measure segment 0, 300 presented frames, 38.5 FPS): presenting command buffer 27.381 ms avg / 27.335 p50 / 29.854 p95 / 31.948 p99 / 50.712 max
  present pacing: 29.712 ms p95 / 34.506 ms p99, 23.1 FPS 1% low / 20.4 FPS 0.1% low
  per-stage counters: disabled (set METALLUM_GPU_TIMING_DETAIL=1 to enable intrusive detail)
  nextDrawable wait (CPU): 0.417 ms/frame avg, 19.366 ms max interval (300 waits)
  in-flight semaphore wait (CPU): 20.573 ms/frame avg, 39.089 ms max interval (5704 waits)
  command completion wait (CPU): n/a
[17:42:05] [Render thread/INFO] (metallum) L6 local shadows: active=true, descriptors=565/snapshot=565, READY=38, STALE=0, APPROXIMATE=527, BUILDING=0, FAIL_CLOSED=0, cachedEdges=8:20/16:2/32:4/64:12, cacheCovered=38, coverageLimited=527, residents=38, pendingBuilds=0, pendingUploads=0 (0 bytes), capacityBlocked=0, capacityWaitSkips=0, retryBackoff=0, uploads=0 (0 bytes), proxies=16/16, maxSteps=96, dynamic=0/0/0 candidates/selected/dropped, held=false, dispatches=0, rays=0, ready=0, fallback=0, coverageMiss=0, transitions=0->0, failures=0, pages=0 bytes
[17:42:05] [Render thread/INFO] (metallum) METALLUM_L6_DYNAMIC candidates=0 selected=0 dropped=0 held=false dispatches=0 rays=0 ready=0 fallback=0 coverage_miss=0 static_to_dynamic=0 dynamic_to_static=0 failures=0 pages_bytes=0
2026-08-31 17:42:07.934 java[48556:2626206] [metallum] GPU timing (measure segment 0, 300 presented frames, 40.0 FPS): presenting command buffer 26.411 ms avg / 26.018 p50 / 28.073 p95 / 28.992 p99 / 30.240 max
  present pacing: 27.323 ms p95 / 31.249 ms p99, 30.8 FPS 1% low / 29.5 FPS 0.1% low
  per-stage counters: disabled (set METALLUM_GPU_TIMING_DETAIL=1 to enable intrusive detail)
  nextDrawable wait (CPU): 0.389 ms/frame avg, 9.233 ms max interval (300 waits)
  in-flight semaphore wait (CPU): 19.985 ms/frame avg, 23.788 ms max interval (5700 waits)
  command completion wait (CPU): n/a
[17:42:12] [Render thread/INFO] (metallum) L6 local shadows: active=true, descriptors=565/snapshot=565, READY=38, STALE=0, APPROXIMATE=527, BUILDING=0, FAIL_CLOSED=0, cachedEdges=8:20/16:2/32:4/64:12, cacheCovered=38, coverageLimited=527, residents=38, pendingBuilds=0, pendingUploads=0 (0 bytes), capacityBlocked=0, capacityWaitSkips=0, retryBackoff=0, uploads=0 (0 bytes), proxies=16/16, maxSteps=96, dynamic=0/0/0 candidates/selected/dropped, held=false, dispatches=0, rays=0, ready=0, fallback=0, coverageMiss=0, transitions=0->0, failures=0, pages=0 bytes
[17:42:12] [Render thread/INFO] (metallum) METALLUM_L6_DYNAMIC candidates=0 selected=0 dropped=0 held=false dispatches=0 rays=0 ready=0 fallback=0 coverage_miss=0 static_to_dynamic=0 dynamic_to_static=0 failures=0 pages_bytes=0
2026-08-31 17:42:15.387 java[48556:2626206] [metallum] GPU timing (measure segment 0, 300 presented frames, 40.3 FPS): presenting command buffer 26.232 ms avg / 25.941 p50 / 27.777 p95 / 28.899 p99 / 31.327 max
  present pacing: 27.722 ms p95 / 33.585 ms p99, 26.2 FPS 1% low / 24.6 FPS 0.1% low
  per-stage counters: disabled (set METALLUM_GPU_TIMING_DETAIL=1 to enable intrusive detail)
  nextDrawable wait (CPU): 0.404 ms/frame avg, 14.763 ms max interval (300 waits)
  in-flight semaphore wait (CPU): 19.597 ms/frame avg, 29.532 ms max interval (5700 waits)
  command completion wait (CPU): n/a
[17:42:20] [Render thread/INFO] (metallum) L6 local shadows: active=true, descriptors=565/snapshot=565, READY=38, STALE=0, APPROXIMATE=527, BUILDING=0, FAIL_CLOSED=0, cachedEdges=8:20/16:2/32:4/64:12, cacheCovered=38, coverageLimited=527, residents=38, pendingBuilds=0, pendingUploads=0 (0 bytes), capacityBlocked=0, capacityWaitSkips=0, retryBackoff=0, uploads=0 (0 bytes), proxies=16/16, maxSteps=96, dynamic=0/0/0 candidates/selected/dropped, held=false, dispatches=0, rays=0, ready=0, fallback=0, coverageMiss=0, transitions=0->0, failures=0, pages=0 bytes
[17:42:20] [Render thread/INFO] (metallum) METALLUM_L6_DYNAMIC candidates=0 selected=0 dropped=0 held=false dispatches=0 rays=0 ready=0 fallback=0 coverage_miss=0 static_to_dynamic=0 dynamic_to_static=0 failures=0 pages_bytes=0
2026-08-31 17:42:22.775 java[48556:2625365] [metallum] GPU timing (measure segment 0, 300 presented frames, 40.6 FPS): presenting command buffer 25.985 ms avg / 25.895 p50 / 27.354 p95 / 28.173 p99 / 29.010 max
  present pacing: 27.635 ms p95 / 33.530 ms p99, 28.9 FPS 1% low / 28.5 FPS 0.1% low
  per-stage counters: disabled (set METALLUM_GPU_TIMING_DETAIL=1 to enable intrusive detail)
  nextDrawable wait (CPU): 0.425 ms/frame avg, 10.967 ms max interval (300 waits)
  in-flight semaphore wait (CPU): 19.540 ms/frame avg, 25.040 ms max interval (5700 waits)
  command completion wait (CPU): n/a
[17:42:27] [Render thread/INFO] (metallum) L6 local shadows: active=true, descriptors=565/snapshot=565, READY=38, STALE=0, APPROXIMATE=527, BUILDING=0, FAIL_CLOSED=0, cachedEdges=8:20/16:2/32:4/64:12, cacheCovered=38, coverageLimited=527, residents=38, pendingBuilds=0, pendingUploads=0 (0 bytes), capacityBlocked=0, capacityWaitSkips=0, retryBackoff=0, uploads=0 (0 bytes), proxies=16/16, maxSteps=96, dynamic=0/0/0 candidates/selected/dropped, held=false, dispatches=0, rays=0, ready=0, fallback=0, coverageMiss=0, transitions=0->0, failures=0, pages=0 bytes
[17:42:27] [Render thread/INFO] (metallum) METALLUM_L6_DYNAMIC candidates=0 selected=0 dropped=0 held=false dispatches=0 rays=0 ready=0 fallback=0 coverage_miss=0 static_to_dynamic=0 dynamic_to_static=0 failures=0 pages_bytes=0
2026-08-31 17:42:30.184 java[48556:2625365] [metallum] GPU timing (measure segment 0, 300 presented frames, 40.5 FPS): presenting command buffer 26.077 ms avg / 25.897 p50 / 27.475 p95 / 28.849 p99 / 30.861 max
  present pacing: 28.938 ms p95 / 31.472 ms p99, 29.5 FPS 1% low / 27.3 FPS 0.1% low
  per-stage counters: disabled (set METALLUM_GPU_TIMING_DETAIL=1 to enable intrusive detail)
  nextDrawable wait (CPU): 0.395 ms/frame avg, 9.280 ms max interval (300 waits)
  in-flight semaphore wait (CPU): 19.327 ms/frame avg, 24.420 ms max interval (5700 waits)
  command completion wait (CPU): n/a
[17:42:34] [Render thread/INFO] (metallum) L6 local shadows: active=true, descriptors=565/snapshot=565, READY=38, STALE=0, APPROXIMATE=527, BUILDING=0, FAIL_CLOSED=0, cachedEdges=8:20/16:2/32:4/64:12, cacheCovered=38, coverageLimited=527, residents=38, pendingBuilds=0, pendingUploads=0 (0 bytes), capacityBlocked=0, capacityWaitSkips=0, retryBackoff=0, uploads=0 (0 bytes), proxies=16/16, maxSteps=96, dynamic=0/0/0 candidates/selected/dropped, held=false, dispatches=0, rays=0, ready=0, fallback=0, coverageMiss=0, transitions=0->0, failures=0, pages=0 bytes
[17:42:34] [Render thread/INFO] (metallum) METALLUM_L6_DYNAMIC candidates=0 selected=0 dropped=0 held=false dispatches=0 rays=0 ready=0 fallback=0 coverage_miss=0 static_to_dynamic=0 dynamic_to_static=0 failures=0 pages_bytes=0
2026-08-31 17:42:37.595 java[48556:2625365] [metallum] GPU timing (measure segment 0, 300 presented frames, 40.5 FPS): presenting command buffer 26.059 ms avg / 25.899 p50 / 27.524 p95 / 28.527 p99 / 29.064 max
  present pacing: 28.113 ms p95 / 31.920 ms p99, 30.8 FPS 1% low / 30.5 FPS 0.1% low
  per-stage counters: disabled (set METALLUM_GPU_TIMING_DETAIL=1 to enable intrusive detail)
  nextDrawable wait (CPU): 0.335 ms/frame avg, 7.611 ms max interval (300 waits)
  in-flight semaphore wait (CPU): 19.416 ms/frame avg, 25.446 ms max interval (5700 waits)
  command completion wait (CPU): n/a
[17:42:42] [Render thread/INFO] (metallum) L6 local shadows: active=true, descriptors=565/snapshot=565, READY=38, STALE=0, APPROXIMATE=527, BUILDING=0, FAIL_CLOSED=0, cachedEdges=8:20/16:2/32:4/64:12, cacheCovered=38, coverageLimited=527, residents=38, pendingBuilds=0, pendingUploads=0 (0 bytes), capacityBlocked=0, capacityWaitSkips=0, retryBackoff=0, uploads=0 (0 bytes), proxies=16/16, maxSteps=96, dynamic=0/0/0 candidates/selected/dropped, held=false, dispatches=0, rays=0, ready=0, fallback=0, coverageMiss=0, transitions=0->0, failures=0, pages=0 bytes
[17:42:42] [Render thread/INFO] (metallum) METALLUM_L6_DYNAMIC candidates=0 selected=0 dropped=0 held=false dispatches=0 rays=0 ready=0 fallback=0 coverage_miss=0 static_to_dynamic=0 dynamic_to_static=0 failures=0 pages_bytes=0
2026-08-31 17:42:45.016 java[48556:2625496] [metallum] GPU timing (measure segment 0, 300 presented frames, 40.4 FPS): presenting command buffer 26.766 ms avg / 26.647 p50 / 28.525 p95 / 29.874 p99 / 30.331 max
  present pacing: 27.353 ms p95 / 32.045 ms p99, 24.5 FPS 1% low / 21.8 FPS 0.1% low
  per-stage counters: disabled (set METALLUM_GPU_TIMING_DETAIL=1 to enable intrusive detail)
  nextDrawable wait (CPU): 0.397 ms/frame avg, 8.116 ms max interval (300 waits)
  in-flight semaphore wait (CPU): 19.717 ms/frame avg, 24.650 ms max interval (5700 waits)
  command completion wait (CPU): n/a
[17:42:49] [Render thread/INFO] (metallum) L6 local shadows: active=true, descriptors=565/snapshot=565, READY=38, STALE=0, APPROXIMATE=527, BUILDING=0, FAIL_CLOSED=0, cachedEdges=8:20/16:2/32:4/64:12, cacheCovered=38, coverageLimited=527, residents=38, pendingBuilds=0, pendingUploads=0 (0 bytes), capacityBlocked=0, capacityWaitSkips=0, retryBackoff=0, uploads=0 (0 bytes), proxies=16/16, maxSteps=96, dynamic=0/0/0 candidates/selected/dropped, held=false, dispatches=0, rays=0, ready=0, fallback=0, coverageMiss=0, transitions=0->0, failures=0, pages=0 bytes
[17:42:49] [Render thread/INFO] (metallum) METALLUM_L6_DYNAMIC candidates=0 selected=0 dropped=0 held=false dispatches=0 rays=0 ready=0 fallback=0 coverage_miss=0 static_to_dynamic=0 dynamic_to_static=0 failures=0 pages_bytes=0
2026-08-31 17:42:52.434 java[48556:2626206] [metallum] GPU timing (measure segment 0, 300 presented frames, 40.4 FPS): presenting command buffer 26.840 ms avg / 26.652 p50 / 28.289 p95 / 29.549 p99 / 30.605 max
  present pacing: 29.103 ms p95 / 32.329 ms p99, 21.7 FPS 1% low / 14.3 FPS 0.1% low
  per-stage counters: disabled (set METALLUM_GPU_TIMING_DETAIL=1 to enable intrusive detail)
  nextDrawable wait (CPU): 0.574 ms/frame avg, 49.725 ms max interval (300 waits)
  in-flight semaphore wait (CPU): 18.993 ms/frame avg, 28.548 ms max interval (5700 waits)
  command completion wait (CPU): n/a
[17:42:57] [Render thread/INFO] (metallum) L6 local shadows: active=true, descriptors=565/snapshot=565, READY=38, STALE=0, APPROXIMATE=527, BUILDING=0, FAIL_CLOSED=0, cachedEdges=8:20/16:2/32:4/64:12, cacheCovered=38, coverageLimited=527, residents=38, pendingBuilds=0, pendingUploads=0 (0 bytes), capacityBlocked=0, capacityWaitSkips=0, retryBackoff=0, uploads=0 (0 bytes), proxies=16/16, maxSteps=96, dynamic=0/0/0 candidates/selected/dropped, held=false, dispatches=0, rays=0, ready=0, fallback=0, coverageMiss=0, transitions=0->0, failures=0, pages=0 bytes
[17:42:57] [Render thread/INFO] (metallum) METALLUM_L6_DYNAMIC candidates=0 selected=0 dropped=0 held=false dispatches=0 rays=0 ready=0 fallback=0 coverage_miss=0 static_to_dynamic=0 dynamic_to_static=0 failures=0 pages_bytes=0
[17:42:59] [Render thread/INFO] (metallum) METALLUM_BENCHMARK EVENT=MEASURE_END index=1 mode=OFF presented_frame=4800
[17:42:59] [Server thread/INFO] (metallum) METALLUM_BENCHMARK_DEBUG at=start level_exists=true player_exists=true server_dim=minecraft:overworld server_paused=false ticks=2580 stageFrames=248 server_frozen=true client_ready=true
[17:42:59] [Render thread/INFO] (metallum) METALLUM_BENCHMARK EVENT=ROUTE_CHECK event=MEASURE_END route=hdrtest-torch-toggle-v1 status=ready
[17:42:59] [Render thread/INFO] (metallum) METALLUM_BENCHMARK EVENT=GI_G6_FINAL state=READY device_generation=1 admission_emitted=true admission_device_generation=1 ready_mask=7 build_in_flight=false field_generation=1049 source_tick=2664 stale=0 rejected=0 latest_terrain_device_generation=1 latest_terrain_submit=5210 latest_bind_status=1 latest_carrier_safe=true latest_frame_compatible=true latest_ready_mask=7 latest_exact_mask_nonzero=true latest_field_generation=1049 latest_source_tick=2664 combined_accounted_bytes=24637728 cap_bytes=25165824 block_samples=178 block_p95_submits=1 block_p99_submits=1 block_sla=true static_samples=318 static_p95_submits=1 static_p99_submits=1 static_sla=true scroll_samples=0 scroll_p95_submits=-1 scroll_p99_submits=-1 scroll_sla=false reset_samples=2 reset_p95_submits=25 reset_p99_submits=25 reset_sla=true queue_queued=5645 queue_completed=2179 queue_discarded=3466 queue_pending=0 queue_in_flight=0 queue_algebra=true measurement_start_bytes=24637728 accounted_delta=0 readback_bytes=0 status=PASS contract=6
[17:42:59] [Render thread/INFO] (metallum) METALLUM_BENCHMARK EVENT=COMPLETE segments=1 measured_frames=3000 framebuffer=3024x1964
[17:42:59] [Server thread/INFO] (metallum) METALLUM_BENCHMARK EVENT=SURVIVAL_GUARD_RESTORED player=b07a402a-d8ea-354f-9398-aaf208a798b9 health=20.0
[17:42:59] [Render thread/INFO] (Minecraft) Stopping!
2026-08-31 17:42:59.828 java[48556:2625467] [metallum] GPU timing (measure segment 0, 300 presented frames, 40.6 FPS): presenting command buffer 26.875 ms avg / 26.613 p50 / 28.494 p95 / 29.745 p99 / 31.337 max
  present pacing: 27.521 ms p95 / 30.332 ms p99, 26.7 FPS 1% low / 24.3 FPS 0.1% low
  per-stage counters: disabled (set METALLUM_GPU_TIMING_DETAIL=1 to enable intrusive detail)
  nextDrawable wait (CPU): 0.334 ms/frame avg, 13.113 ms max interval (300 waits)
  in-flight semaphore wait (CPU): 19.422 ms/frame avg, 24.786 ms max interval (5700 waits)
  command completion wait (CPU): n/a
[17:42:59] [Server thread/INFO] (Minecraft) Stopping server
[17:42:59] [Server thread/INFO] (Minecraft) Saving players
[17:42:59] [Server thread/INFO] (Minecraft) MetallumBench lost connection: Disconnected
[17:42:59] [Server thread/INFO] (Minecraft) MetallumBench left the game
[17:42:59] [Server thread/INFO] (Minecraft) Stopping singleplayer server as player logged out
[17:42:59] [Server thread/INFO] (Minecraft) Saving worlds
[17:43:00] [Server thread/INFO] (Minecraft) Saving chunks for level 'ServerLevel[world]'/minecraft:overworld
[17:43:00] [Server thread/INFO] (Minecraft) Saving chunks for level 'ServerLevel[world]'/minecraft:the_end
[17:43:00] [Server thread/INFO] (Minecraft) Saving chunks for level 'ServerLevel[world]'/minecraft:the_nether
[17:43:00] [Server thread/INFO] (Minecraft) ThreadedAnvilChunkStorage (world): All chunks are saved
[17:43:00] [Server thread/INFO] (Minecraft) ThreadedAnvilChunkStorage (DIM1): All chunks are saved
[17:43:00] [Server thread/INFO] (Minecraft) ThreadedAnvilChunkStorage (DIM-1): All chunks are saved
[17:43:00] [Server thread/INFO] (Minecraft) ThreadedAnvilChunkStorage: All dimensions are saved
[17:43:00] [Render thread/INFO] (metallum) [GI_G2] accepted=833 stale=0 outside=0 capacityRejected=0 discarded=0 residentTags=818 activeCandidates=0 peakCandidates=15 peakCandidateBytes=236520
[17:43:00] [Render thread/INFO] (ChunkBuilder) Stopping worker threads

BUILD SUCCESSFUL in 2m 43s
20 actionable tasks: 1 executed, 19 up-to-date
